2026-10-09T18:20:46.2627181Z Current runner version: '2.337.0'
2026-10-09T18:20:46.2651471Z ##[group]Runner Image Provisioner
2026-10-09T18:20:46.2652432Z Hosted Compute Agent
2026-10-09T18:20:46.2652992Z Version: 20261002.596
2026-10-09T18:20:46.2653704Z Commit: c3d12f3313a95f25162a1503be624f3b0617f8c0
2026-10-09T18:20:46.2654425Z Build Date: 2026-10-02T22:28:27Z
2026-10-09T18:20:46.2655165Z Worker ID: {6c1fcd64-0b80-46a3-8dba-fc393d7fa4f0}
2026-10-09T18:20:46.2655896Z Region: eastus
2026-10-09T18:20:46.2656450Z Cloud: Azure
2026-10-09T18:20:46.2657035Z ##[endgroup]
2026-10-09T18:20:46.2658463Z ##[group]Operating System
2026-10-09T18:20:46.2659478Z Ubuntu
2026-10-09T18:20:46.2660035Z 24.04.5
2026-10-09T18:20:46.2660547Z LTS
2026-10-09T18:20:46.2661109Z ##[endgroup]
2026-10-09T18:20:46.2661661Z ##[group]Runner Image
2026-10-09T18:20:46.2662275Z Image: ubuntu-24.04
2026-10-09T18:20:46.2662912Z Version: 20261004.327.1
2026-10-09T18:20:46.2664142Z Included Software: https://github.com/actions/runner-images/blob/ubuntu24/20261004.327/images/ubuntu/Ubuntu2404-Readme.md
2026-10-09T18:20:46.2665786Z Image Release: https://github.com/actions/runner-images/releases/tag/ubuntu24%2F20261004.327
2026-10-09T18:20:46.2667074Z ##[endgroup]
2026-10-09T18:20:46.2668368Z ##[group]GITHUB_TOKEN Permissions
2026-10-09T18:20:46.2670734Z Contents: read
2026-10-09T18:20:46.2671441Z Metadata: read
2026-10-09T18:20:46.2672039Z Packages: read
2026-10-09T18:20:46.2672685Z ##[endgroup]
2026-10-09T18:20:46.2675203Z Secret source: Actions
2026-10-09T18:20:46.2676147Z Cache mode: write
2026-10-09T18:20:46.2677143Z Prepare workflow directory
2026-10-09T18:20:46.3061705Z Prepare all required actions
2026-10-09T18:20:46.3109002Z Getting action download info
2026-10-09T18:20:46.5319737Z Download action repository 'actions/checkout@v4' (SHA:11d5960a326750d5838078e36cf38b85af677262)
2026-10-09T18:20:46.6160276Z Download action repository 'actions/setup-python@v5' (SHA:a26af69be951a213d495a4c3e4e4022e16d87065)
2026-10-09T18:20:46.7907517Z Complete job name: verify
2026-10-09T18:20:46.8669881Z ##[group]Run actions/checkout@v4
2026-10-09T18:20:46.8670796Z with:
2026-10-09T18:20:46.8671248Z   repository: wilcompute/W33-Theory
2026-10-09T18:20:46.8675177Z   token: ***
2026-10-09T18:20:46.8675604Z   ssh-strict: true
2026-10-09T18:20:46.8676039Z   ssh-user: git
2026-10-09T18:20:46.8676518Z   persist-credentials: true
2026-10-09T18:20:46.8676999Z   clean: true
2026-10-09T18:20:46.8677445Z   sparse-checkout-cone-mode: true
2026-10-09T18:20:46.8677959Z   fetch-depth: 1
2026-10-09T18:20:46.8678389Z   fetch-tags: false
2026-10-09T18:20:46.8678835Z   show-progress: true
2026-10-09T18:20:46.8679443Z   lfs: false
2026-10-09T18:20:46.8679858Z   submodules: false
2026-10-09T18:20:46.8680300Z   set-safe-directory: true
2026-10-09T18:20:46.8680807Z   allow-unsafe-pr-checkout: false
2026-10-09T18:20:46.8681559Z env:
2026-10-09T18:20:46.8681970Z   OPENBLAS_NUM_THREADS: 1
2026-10-09T18:20:46.8682437Z ##[endgroup]
2026-10-09T18:20:46.9704890Z Syncing repository: wilcompute/W33-Theory
2026-10-09T18:20:46.9707686Z ##[group]Getting Git version info
2026-10-09T18:20:46.9708459Z Working directory is '/home/runner/work/W33-Theory/W33-Theory'
2026-10-09T18:20:46.9709841Z [command]/usr/bin/git version
2026-10-09T18:20:46.9793374Z git version 2.55.0
2026-10-09T18:20:46.9816707Z ##[endgroup]
2026-10-09T18:20:46.9835842Z Temporarily overriding HOME='/home/runner/work/_temp/8b4fe785-47b3-4fc2-85e6-6717d0318d2f' before making global git config changes
2026-10-09T18:20:46.9837905Z Adding repository directory to the temporary git global config as a safe directory
2026-10-09T18:20:46.9839876Z [command]/usr/bin/git config --global --add safe.directory /home/runner/work/W33-Theory/W33-Theory
2026-10-09T18:20:46.9892409Z Deleting the contents of '/home/runner/work/W33-Theory/W33-Theory'
2026-10-09T18:20:46.9898654Z ##[group]Initializing the repository
2026-10-09T18:20:46.9900266Z [command]/usr/bin/git init /home/runner/work/W33-Theory/W33-Theory
2026-10-09T18:20:47.0007146Z hint: Using 'master' as the name for the initial branch. This default branch name
2026-10-09T18:20:47.0008790Z hint: will change to "main" in Git 3.0. To configure the initial branch name
2026-10-09T18:20:47.0010041Z hint: to use in all of your new repositories, which will suppress this warning,
2026-10-09T18:20:47.0010762Z hint: call:
2026-10-09T18:20:47.0011152Z hint:
2026-10-09T18:20:47.0011735Z hint: 	git config --global init.defaultBranch <name>
2026-10-09T18:20:47.0012811Z hint:
2026-10-09T18:20:47.0013504Z hint: Names commonly chosen instead of 'master' are 'main', 'trunk' and
2026-10-09T18:20:47.0014779Z hint: 'development'. The just-created branch can be renamed via this command:
2026-10-09T18:20:47.0015649Z hint:
2026-10-09T18:20:47.0016369Z hint: 	git branch -m <name>
2026-10-09T18:20:47.0017145Z hint:
2026-10-09T18:20:47.0018215Z hint: Disable this message with "git config set advice.defaultBranchName false"
2026-10-09T18:20:47.0019754Z Initialized empty Git repository in /home/runner/work/W33-Theory/W33-Theory/.git/
2026-10-09T18:20:47.0024311Z [command]/usr/bin/git remote add origin https://github.com/wilcompute/W33-Theory
2026-10-09T18:20:47.0073417Z ##[endgroup]
2026-10-09T18:20:47.0074371Z ##[group]Disabling automatic garbage collection
2026-10-09T18:20:47.0078053Z [command]/usr/bin/git config --local gc.auto 0
2026-10-09T18:20:47.0110341Z ##[endgroup]
2026-10-09T18:20:47.0111082Z ##[group]Setting up auth
2026-10-09T18:20:47.0117997Z [command]/usr/bin/git config --local --name-only --get-regexp core\.sshCommand
2026-10-09T18:20:47.0151599Z [command]/usr/bin/git submodule foreach --recursive sh -c "git config --local --name-only --get-regexp 'core\.sshCommand' && git config --local --unset-all 'core.sshCommand' || :"
2026-10-09T18:20:47.0517243Z [command]/usr/bin/git config --local --name-only --get-regexp http\.https\:\/\/github\.com\/\.extraheader
2026-10-09T18:20:47.0557283Z [command]/usr/bin/git submodule foreach --recursive sh -c "git config --local --name-only --get-regexp 'http\.https\:\/\/github\.com\/\.extraheader' && git config --local --unset-all 'http.https://github.com/.extraheader' || :"
2026-10-09T18:20:47.0789545Z [command]/usr/bin/git config --local --name-only --get-regexp ^includeIf\.gitdir:
2026-10-09T18:20:47.0826196Z [command]/usr/bin/git submodule foreach --recursive git config --local --show-origin --name-only --get-regexp remote.origin.url
2026-10-09T18:20:47.1047532Z [command]/usr/bin/git config --local http.https://github.com/.extraheader AUTHORIZATION: basic ***
2026-10-09T18:20:47.1087027Z ##[endgroup]
2026-10-09T18:20:47.1088021Z ##[group]Fetching the repository
2026-10-09T18:20:47.1097518Z [command]/usr/bin/git -c protocol.version=2 fetch --no-tags --prune --no-recurse-submodules --depth=1 origin +6f84cf5bc34834a165616e6bd9a0d7b21e796604:refs/remotes/origin/master
2026-10-09T18:20:57.4364041Z From https://github.com/wilcompute/W33-Theory
2026-10-09T18:20:57.4365078Z  * [new ref]           6f84cf5bc34834a165616e6bd9a0d7b21e796604 -> origin/master
2026-10-09T18:20:57.4368638Z ##[endgroup]
2026-10-09T18:20:57.4370191Z ##[group]Determining the checkout info
2026-10-09T18:20:57.4371539Z ##[endgroup]
2026-10-09T18:20:57.4377959Z [command]/usr/bin/git sparse-checkout disable
2026-10-09T18:20:57.4430846Z [command]/usr/bin/git config --local --unset-all extensions.worktreeConfig
2026-10-09T18:20:57.4462481Z ##[group]Checking out the ref
2026-10-09T18:20:57.4466993Z [command]/usr/bin/git checkout --progress --force -B master refs/remotes/origin/master
2026-10-09T18:20:58.4818825Z Updating files:  31% (10772/34073)
2026-10-09T18:20:58.5057669Z Updating files:  32% (10904/34073)
2026-10-09T18:20:58.5304666Z Updating files:  33% (11245/34073)
2026-10-09T18:20:58.6418848Z Updating files:  34% (11585/34073)
2026-10-09T18:20:58.6603136Z Updating files:  35% (11926/34073)
2026-10-09T18:20:58.7451481Z Updating files:  36% (12267/34073)
2026-10-09T18:20:58.7749451Z Updating files:  37% (12608/34073)
2026-10-09T18:20:58.7966666Z Updating files:  38% (12948/34073)
2026-10-09T18:20:58.9170958Z Updating files:  39% (13289/34073)
2026-10-09T18:20:58.9730523Z Updating files:  40% (13630/34073)
2026-10-09T18:20:59.0590798Z Updating files:  41% (13970/34073)
2026-10-09T18:20:59.0714069Z Updating files:  42% (14311/34073)
2026-10-09T18:20:59.0914816Z Updating files:  43% (14652/34073)
2026-10-09T18:20:59.1077208Z Updating files:  44% (14993/34073)
2026-10-09T18:20:59.1236138Z Updating files:  45% (15333/34073)
2026-10-09T18:20:59.1398792Z Updating files:  46% (15674/34073)
2026-10-09T18:20:59.1548749Z Updating files:  47% (16015/34073)
2026-10-09T18:20:59.1721104Z Updating files:  48% (16356/34073)
2026-10-09T18:20:59.1909356Z Updating files:  49% (16696/34073)
2026-10-09T18:20:59.2108450Z Updating files:  50% (17037/34073)
2026-10-09T18:20:59.2257505Z Updating files:  51% (17378/34073)
2026-10-09T18:20:59.2525519Z Updating files:  52% (17718/34073)
2026-10-09T18:20:59.2708545Z Updating files:  53% (18059/34073)
2026-10-09T18:20:59.2920219Z Updating files:  54% (18400/34073)
2026-10-09T18:20:59.5105947Z Updating files:  55% (18741/34073)
2026-10-09T18:20:59.5255227Z Updating files:  55% (18876/34073)
2026-10-09T18:20:59.5530532Z Updating files:  56% (19081/34073)
2026-10-09T18:20:59.5900099Z Updating files:  57% (19422/34073)
2026-10-09T18:20:59.7982822Z Updating files:  58% (19763/34073)
2026-10-09T18:20:59.8164596Z Updating files:  59% (20104/34073)
2026-10-09T18:20:59.8364916Z Updating files:  60% (20444/34073)
2026-10-09T18:20:59.8531048Z Updating files:  61% (20785/34073)
2026-10-09T18:20:59.8701836Z Updating files:  62% (21126/34073)
2026-10-09T18:20:59.8966683Z Updating files:  63% (21466/34073)
2026-10-09T18:20:59.9170989Z Updating files:  64% (21807/34073)
2026-10-09T18:20:59.9653158Z Updating files:  65% (22148/34073)
2026-10-09T18:20:59.9938503Z Updating files:  66% (22489/34073)
2026-10-09T18:21:00.0238212Z Updating files:  67% (22829/34073)
2026-10-09T18:21:00.0478027Z Updating files:  68% (23170/34073)
2026-10-09T18:21:00.0724103Z Updating files:  69% (23511/34073)
2026-10-09T18:21:00.3112602Z Updating files:  70% (23852/34073)
2026-10-09T18:21:00.3320696Z Updating files:  71% (24192/34073)
2026-10-09T18:21:00.3523843Z Updating files:  72% (24533/34073)
2026-10-09T18:21:00.3708430Z Updating files:  73% (24874/34073)
2026-10-09T18:21:00.3873729Z Updating files:  74% (25215/34073)
2026-10-09T18:21:00.4036279Z Updating files:  75% (25555/34073)
2026-10-09T18:21:00.4220543Z Updating files:  76% (25896/34073)
2026-10-09T18:21:00.4720265Z Updating files:  77% (26237/34073)
2026-10-09T18:21:00.4737506Z Updating files:  77% (26560/34073)
2026-10-09T18:21:00.5004056Z Updating files:  78% (26577/34073)
2026-10-09T18:21:00.5205937Z Updating files:  79% (26918/34073)
2026-10-09T18:21:00.5396544Z Updating files:  80% (27259/34073)
2026-10-09T18:21:00.5663659Z Updating files:  81% (27600/34073)
2026-10-09T18:21:00.5913964Z Updating files:  82% (27940/34073)
2026-10-09T18:21:00.6090231Z Updating files:  83% (28281/34073)
2026-10-09T18:21:00.6277104Z Updating files:  84% (28622/34073)
2026-10-09T18:21:00.6530671Z Updating files:  85% (28963/34073)
2026-10-09T18:21:00.6758572Z Updating files:  86% (29303/34073)
2026-10-09T18:21:00.6957606Z Updating files:  87% (29644/34073)
2026-10-09T18:21:00.7180062Z Updating files:  88% (29985/34073)
2026-10-09T18:21:00.7359834Z Updating files:  89% (30325/34073)
2026-10-09T18:21:00.7526350Z Updating files:  90% (30666/34073)
2026-10-09T18:21:00.7703923Z Updating files:  91% (31007/34073)
2026-10-09T18:21:00.7920274Z Updating files:  92% (31348/34073)
2026-10-09T18:21:00.8098020Z Updating files:  93% (31688/34073)
2026-10-09T18:21:00.8340755Z Updating files:  94% (32029/34073)
2026-10-09T18:21:00.8545040Z Updating files:  95% (32370/34073)
2026-10-09T18:21:00.8745093Z Updating files:  96% (32711/34073)
2026-10-09T18:21:00.8922449Z Updating files:  97% (33051/34073)
2026-10-09T18:21:00.9167955Z Updating files:  98% (33392/34073)
2026-10-09T18:21:00.9707744Z Updating files:  99% (33733/34073)
2026-10-09T18:21:00.9708429Z Updating files: 100% (34073/34073)
2026-10-09T18:21:00.9709181Z Updating files: 100% (34073/34073), done.
2026-10-09T18:21:01.0012776Z Reset branch 'master'
2026-10-09T18:21:01.0019125Z branch 'master' set up to track 'origin/master'.
2026-10-09T18:21:01.0868025Z ##[endgroup]
2026-10-09T18:21:01.0916685Z [command]/usr/bin/git log -1 --format=%H
2026-10-09T18:21:01.0949431Z 6f84cf5bc34834a165616e6bd9a0d7b21e796604
2026-10-09T18:21:01.1212826Z ##[group]Run actions/setup-python@v5
2026-10-09T18:21:01.1213129Z with:
2026-10-09T18:21:01.1213349Z   python-version: 3.12
2026-10-09T18:21:01.1213581Z   check-latest: false
2026-10-09T18:21:01.1216309Z   token: ***
2026-10-09T18:21:01.1216532Z   update-environment: true
2026-10-09T18:21:01.1216786Z   allow-prereleases: false
2026-10-09T18:21:01.1217023Z   freethreaded: false
2026-10-09T18:21:01.1217234Z env:
2026-10-09T18:21:01.1217429Z   OPENBLAS_NUM_THREADS: 1
2026-10-09T18:21:01.1217650Z ##[endgroup]
2026-10-09T18:21:01.2590227Z ##[group]Installed versions
2026-10-09T18:21:01.2703455Z (node:2345) [DEP0040] DeprecationWarning: The `punycode` module is deprecated. Please use a userland alternative instead.
2026-10-09T18:21:01.2704638Z (Use `node --trace-deprecation ...` to show where the warning was created)
2026-10-09T18:21:01.2705313Z Successfully set up CPython (3.12.15)
2026-10-09T18:21:01.2706104Z ##[endgroup]
2026-10-09T18:21:01.2864501Z ##[group]Run python -m pip install numpy==2.3.5 scipy==1.17.0 sympy==1.14.0 pytest
2026-10-09T18:21:01.2865159Z [36;1mpython -m pip install numpy==2.3.5 scipy==1.17.0 sympy==1.14.0 pytest[0m
2026-10-09T18:21:01.3153087Z shell: /usr/bin/bash -e {0}
2026-10-09T18:21:01.3153392Z env:
2026-10-09T18:21:01.3153619Z   OPENBLAS_NUM_THREADS: 1
2026-10-09T18:21:01.3153939Z   pythonLocation: /opt/hostedtoolcache/Python/3.12.15/x64
2026-10-09T18:21:01.3154392Z   PKG_CONFIG_PATH: /opt/hostedtoolcache/Python/3.12.15/x64/lib/pkgconfig
2026-10-09T18:21:01.3154829Z   Python_ROOT_DIR: /opt/hostedtoolcache/Python/3.12.15/x64
2026-10-09T18:21:01.3155220Z   Python2_ROOT_DIR: /opt/hostedtoolcache/Python/3.12.15/x64
2026-10-09T18:21:01.3155606Z   Python3_ROOT_DIR: /opt/hostedtoolcache/Python/3.12.15/x64
2026-10-09T18:21:01.3156005Z   LD_LIBRARY_PATH: /opt/hostedtoolcache/Python/3.12.15/x64/lib
2026-10-09T18:21:01.3156329Z ##[endgroup]
2026-10-09T18:21:02.3306648Z Collecting numpy==2.3.5
2026-10-09T18:21:02.3787616Z   Downloading numpy-2.3.5-cp312-cp312-manylinux_2_27_x86_64.manylinux_2_28_x86_64.whl.metadata (62 kB)
2026-10-09T18:21:02.5220005Z Collecting scipy==1.17.0
2026-10-09T18:21:02.5262611Z   Downloading scipy-1.17.0-cp312-cp312-manylinux_2_27_x86_64.manylinux_2_28_x86_64.whl.metadata (62 kB)
2026-10-09T18:21:02.5547024Z Collecting sympy==1.14.0
2026-10-09T18:21:02.5584301Z   Downloading sympy-1.14.0-py3-none-any.whl.metadata (12 kB)
2026-10-09T18:21:02.5883668Z Collecting pytest
2026-10-09T18:21:02.5926701Z   Downloading pytest-9.1.1-py3-none-any.whl.metadata (7.6 kB)
2026-10-09T18:21:02.6083159Z Collecting mpmath<1.4,>=1.1.0 (from sympy==1.14.0)
2026-10-09T18:21:02.6114027Z   Downloading mpmath-1.3.0-py3-none-any.whl.metadata (8.6 kB)
2026-10-09T18:21:02.6230435Z Collecting iniconfig>=1.0.1 (from pytest)
2026-10-09T18:21:02.6260988Z   Downloading iniconfig-2.3.1-py3-none-any.whl.metadata (2.8 kB)
2026-10-09T18:21:02.6396537Z Collecting packaging>=22 (from pytest)
2026-10-09T18:21:02.6434219Z   Downloading packaging-26.3-py3-none-any.whl.metadata (3.5 kB)
2026-10-09T18:21:02.6548038Z Collecting pluggy<2,>=1.5 (from pytest)
2026-10-09T18:21:02.6579503Z   Downloading pluggy-1.6.0-py3-none-any.whl.metadata (4.8 kB)
2026-10-09T18:21:02.6747368Z Collecting pygments>=2.7.2 (from pytest)
2026-10-09T18:21:02.6778587Z   Downloading pygments-2.21.0-py3-none-any.whl.metadata (2.5 kB)
2026-10-09T18:21:02.6855708Z Downloading numpy-2.3.5-cp312-cp312-manylinux_2_27_x86_64.manylinux_2_28_x86_64.whl (16.6 MB)
2026-10-09T18:21:02.7704548Z    ━━━━━━━━━━━━━━━━━━━━━━━━━━━━━━━━━━━━━━━━ 16.6/16.6 MB 206.5 MB/s  0:00:00
2026-10-09T18:21:02.7748909Z Downloading scipy-1.17.0-cp312-cp312-manylinux_2_27_x86_64.manylinux_2_28_x86_64.whl (35.0 MB)
2026-10-09T18:21:03.1308458Z    ━━━━━━━━━━━━━━━━━━━━━━━━━━━━━━━━━━━━━━━━ 35.0/35.0 MB 98.9 MB/s  0:00:00
2026-10-09T18:21:03.1353761Z Downloading sympy-1.14.0-py3-none-any.whl (6.3 MB)
2026-10-09T18:21:03.1585934Z    ━━━━━━━━━━━━━━━━━━━━━━━━━━━━━━━━━━━━━━━━ 6.3/6.3 MB 289.7 MB/s  0:00:00
2026-10-09T18:21:03.1620769Z Downloading mpmath-1.3.0-py3-none-any.whl (536 kB)
2026-10-09T18:21:03.1668846Z    ━━━━━━━━━━━━━━━━━━━━━━━━━━━━━━━━━━━━━━━━ 536.2/536.2 kB 97.1 MB/s  0:00:00
2026-10-09T18:21:03.1700632Z Downloading pytest-9.1.1-py3-none-any.whl (386 kB)
2026-10-09T18:21:03.1761427Z Downloading pluggy-1.6.0-py3-none-any.whl (20 kB)
2026-10-09T18:21:03.1809387Z Downloading iniconfig-2.3.1-py3-none-any.whl (7.6 kB)
2026-10-09T18:21:03.1862848Z Downloading packaging-26.3-py3-none-any.whl (129 kB)
2026-10-09T18:21:03.1916527Z Downloading pygments-2.21.0-py3-none-any.whl (1.3 MB)
2026-10-09T18:21:03.1981455Z    ━━━━━━━━━━━━━━━━━━━━━━━━━━━━━━━━━━━━━━━━ 1.3/1.3 MB 237.1 MB/s  0:00:00
2026-10-09T18:21:03.3800989Z Installing collected packages: mpmath, sympy, pygments, pluggy, packaging, numpy, iniconfig, scipy, pytest
2026-10-09T18:21:16.8019780Z 
2026-10-09T18:21:16.8036151Z Successfully installed iniconfig-2.3.1 mpmath-1.3.0 numpy-2.3.5 packaging-26.3 pluggy-1.6.0 pygments-2.21.0 pytest-9.1.1 scipy-1.17.0 sympy-1.14.0
2026-10-09T18:21:16.8663719Z ##[group]Run python -m pytest --noconftest --ignore-glob='tests/test_*.py' -q tests/test_w33_pass11797_11801_five_physical_fronts.py tests/test_w33_pass11796_parity_complete_abelian_higgs.py tests/test_w33_pass11794_hidden_center_vacuum.py
2026-10-09T18:21:16.8665363Z [36;1mpython -m pytest --noconftest --ignore-glob='tests/test_*.py' -q tests/test_w33_pass11797_11801_five_physical_fronts.py tests/test_w33_pass11796_parity_complete_abelian_higgs.py tests/test_w33_pass11794_hidden_center_vacuum.py[0m
2026-10-09T18:21:16.8733712Z shell: /usr/bin/bash -e {0}
2026-10-09T18:21:16.8733970Z env:
2026-10-09T18:21:16.8734178Z   OPENBLAS_NUM_THREADS: 1
2026-10-09T18:21:16.8734490Z   pythonLocation: /opt/hostedtoolcache/Python/3.12.15/x64
2026-10-09T18:21:16.8734956Z   PKG_CONFIG_PATH: /opt/hostedtoolcache/Python/3.12.15/x64/lib/pkgconfig
2026-10-09T18:21:16.8735396Z   Python_ROOT_DIR: /opt/hostedtoolcache/Python/3.12.15/x64
2026-10-09T18:21:16.8735821Z   Python2_ROOT_DIR: /opt/hostedtoolcache/Python/3.12.15/x64
2026-10-09T18:21:16.8736218Z   Python3_ROOT_DIR: /opt/hostedtoolcache/Python/3.12.15/x64
2026-10-09T18:21:16.8736604Z   LD_LIBRARY_PATH: /opt/hostedtoolcache/Python/3.12.15/x64/lib
2026-10-09T18:21:16.8736927Z ##[endgroup]
2026-10-09T18:21:34.1606313Z ..................................                                       [100%]
2026-10-09T18:21:34.1606932Z 34 passed in 16.97s
2026-10-09T18:21:34.2714224Z ##[group]Run python analysis/w33_pass11797_11801_five_physical_fronts.py
2026-10-09T18:21:34.2714763Z [36;1mpython analysis/w33_pass11797_11801_five_physical_fronts.py[0m
2026-10-09T18:21:34.2778924Z shell: /usr/bin/bash -e {0}
2026-10-09T18:21:34.2779326Z env:
2026-10-09T18:21:34.2779534Z   OPENBLAS_NUM_THREADS: 1
2026-10-09T18:21:34.2779862Z   pythonLocation: /opt/hostedtoolcache/Python/3.12.15/x64
2026-10-09T18:21:34.2780311Z   PKG_CONFIG_PATH: /opt/hostedtoolcache/Python/3.12.15/x64/lib/pkgconfig
2026-10-09T18:21:34.2780740Z   Python_ROOT_DIR: /opt/hostedtoolcache/Python/3.12.15/x64
2026-10-09T18:21:34.2781127Z   Python2_ROOT_DIR: /opt/hostedtoolcache/Python/3.12.15/x64
2026-10-09T18:21:34.2781505Z   Python3_ROOT_DIR: /opt/hostedtoolcache/Python/3.12.15/x64
2026-10-09T18:21:34.2781892Z   LD_LIBRARY_PATH: /opt/hostedtoolcache/Python/3.12.15/x64/lib
2026-10-09T18:21:34.2782220Z ##[endgroup]
2026-10-09T18:21:35.0056545Z pass11797 PASS
2026-10-09T18:21:38.3662664Z pass11798 PASS
2026-10-09T18:21:43.6379168Z pass11799 PASS
2026-10-09T18:21:43.8139373Z pass11800 PASS
2026-10-09T18:21:44.5990839Z pass11801 PASS
2026-10-09T18:21:44.7062623Z ##[group]Run python -m pytest --noconftest --ignore-glob='tests/test_*.py' -q tests/test_w33_pass11797_11801_five_physical_fronts.py
2026-10-09T18:21:44.7063539Z [36;1mpython -m pytest --noconftest --ignore-glob='tests/test_*.py' -q tests/test_w33_pass11797_11801_five_physical_fronts.py[0m
2026-10-09T18:21:44.7128881Z shell: /usr/bin/bash -e {0}
2026-10-09T18:21:44.7129139Z env:
2026-10-09T18:21:44.7129530Z   OPENBLAS_NUM_THREADS: 1
2026-10-09T18:21:44.7129839Z   pythonLocation: /opt/hostedtoolcache/Python/3.12.15/x64
2026-10-09T18:21:44.7130298Z   PKG_CONFIG_PATH: /opt/hostedtoolcache/Python/3.12.15/x64/lib/pkgconfig
2026-10-09T18:21:44.7130732Z   Python_ROOT_DIR: /opt/hostedtoolcache/Python/3.12.15/x64
2026-10-09T18:21:44.7131117Z   Python2_ROOT_DIR: /opt/hostedtoolcache/Python/3.12.15/x64
2026-10-09T18:21:44.7131501Z   Python3_ROOT_DIR: /opt/hostedtoolcache/Python/3.12.15/x64
2026-10-09T18:21:44.7131897Z   LD_LIBRARY_PATH: /opt/hostedtoolcache/Python/3.12.15/x64/lib
2026-10-09T18:21:44.7132279Z ##[endgroup]
2026-10-09T18:21:52.2870935Z ...................                                                      [100%]
2026-10-09T18:21:52.2871418Z 19 passed in 7.36s
2026-10-09T18:21:52.4021984Z Post job cleanup.
2026-10-09T18:21:52.5240619Z (node:2398) [DEP0040] DeprecationWarning: The `punycode` module is deprecated. Please use a userland alternative instead.
2026-10-09T18:21:52.5241468Z (Use `node --trace-deprecation ...` to show where the warning was created)
2026-10-09T18:21:52.5504404Z Post job cleanup.
2026-10-09T18:21:52.6420061Z [command]/usr/bin/git version
2026-10-09T18:21:52.6459317Z git version 2.55.0
2026-10-09T18:21:52.6503374Z Temporarily overriding HOME='/home/runner/work/_temp/d236c5e5-381b-459e-9999-576d24622889' before making global git config changes
2026-10-09T18:21:52.6504636Z Adding repository directory to the temporary git global config as a safe directory
2026-10-09T18:21:52.6509555Z [command]/usr/bin/git config --global --add safe.directory /home/runner/work/W33-Theory/W33-Theory
2026-10-09T18:21:52.6548248Z [command]/usr/bin/git config --local --name-only --get-regexp core\.sshCommand
2026-10-09T18:21:52.6583715Z [command]/usr/bin/git submodule foreach --recursive sh -c "git config --local --name-only --get-regexp 'core\.sshCommand' && git config --local --unset-all 'core.sshCommand' || :"
2026-10-09T18:21:52.6863644Z [command]/usr/bin/git config --local --name-only --get-regexp http\.https\:\/\/github\.com\/\.extraheader
2026-10-09T18:21:52.6893168Z http.https://github.com/.extraheader
2026-10-09T18:21:52.6904839Z [command]/usr/bin/git config --local --unset-all http.https://github.com/.extraheader
2026-10-09T18:21:52.6941354Z [command]/usr/bin/git submodule foreach --recursive sh -c "git config --local --name-only --get-regexp 'http\.https\:\/\/github\.com\/\.extraheader' && git config --local --unset-all 'http.https://github.com/.extraheader' || :"
2026-10-09T18:21:52.7223700Z [command]/usr/bin/git config --local --name-only --get-regexp ^includeIf\.gitdir:
2026-10-09T18:21:52.7270671Z [command]/usr/bin/git submodule foreach --recursive git config --local --show-origin --name-only --get-regexp remote.origin.url
2026-10-09T18:21:52.7693782Z Cleaning up orphan processes
2026-10-09T18:21:52.7976667Z ##[warning]Node.js 20 is deprecated. The following actions target Node.js 20 but are being forced to run on Node.js 24: actions/checkout@v4, actions/setup-python@v5. For more information see: https://github.blog/changelog/2025-09-19-deprecation-of-node-20-on-github-actions-runners/
