2026-10-07T22:21:43.5162525Z Current runner version: '2.337.0'
2026-10-07T22:21:43.5198364Z ##[group]Runner Image Provisioner
2026-10-07T22:21:43.5199875Z Hosted Compute Agent
2026-10-07T22:21:43.5200943Z Version: 20260901.588
2026-10-07T22:21:43.5202070Z Commit: f88ec8081b781fac6c440065ac7ff9e710ce3d0b
2026-10-07T22:21:43.5203655Z Build Date: 2026-09-01T19:56:44Z
2026-10-07T22:21:43.5204847Z Worker ID: {25c82493-6c72-4036-a884-decc7006d9b8}
2026-10-07T22:21:43.5206769Z Azure Region: eastus
2026-10-07T22:21:43.5207756Z ##[endgroup]
2026-10-07T22:21:43.5210319Z ##[group]Operating System
2026-10-07T22:21:43.5211517Z Ubuntu
2026-10-07T22:21:43.5212492Z 24.04.5
2026-10-07T22:21:43.5213832Z LTS
2026-10-07T22:21:43.5214750Z ##[endgroup]
2026-10-07T22:21:43.5215819Z ##[group]Runner Image
2026-10-07T22:21:43.5217023Z Image: ubuntu-24.04
2026-10-07T22:21:43.5218029Z Version: 20260927.320.1
2026-10-07T22:21:43.5220391Z Included Software: https://github.com/actions/runner-images/blob/ubuntu24/20260927.320/images/ubuntu/Ubuntu2404-Readme.md
2026-10-07T22:21:43.5223640Z Image Release: https://github.com/actions/runner-images/releases/tag/ubuntu24%2F20260927.320
2026-10-07T22:21:43.5225587Z ##[endgroup]
2026-10-07T22:21:43.5227808Z ##[group]GITHUB_TOKEN Permissions
2026-10-07T22:21:43.5230849Z Contents: read
2026-10-07T22:21:43.5232374Z Metadata: read
2026-10-07T22:21:43.5233668Z Packages: read
2026-10-07T22:21:43.5234808Z ##[endgroup]
2026-10-07T22:21:43.5238408Z Secret source: Actions
2026-10-07T22:21:43.5240088Z Cache mode: write
2026-10-07T22:21:43.5241370Z Prepare workflow directory
2026-10-07T22:21:43.5822493Z Prepare all required actions
2026-10-07T22:21:43.5895068Z Getting action download info
2026-10-07T22:21:43.7293895Z Download action repository 'actions/checkout@v4' (SHA:11d5960a326750d5838078e36cf38b85af677262)
2026-10-07T22:21:43.8584849Z Download action repository 'actions/setup-python@v5' (SHA:a26af69be951a213d495a4c3e4e4022e16d87065)
2026-10-07T22:21:44.0454269Z Complete job name: verify
2026-10-07T22:21:44.1223815Z ##[group]Run actions/checkout@v4
2026-10-07T22:21:44.1224757Z with:
2026-10-07T22:21:44.1225222Z   repository: wilcompute/W33-Theory
2026-10-07T22:21:44.1229262Z   token: ***
2026-10-07T22:21:44.1229700Z   ssh-strict: true
2026-10-07T22:21:44.1230149Z   ssh-user: git
2026-10-07T22:21:44.1230615Z   persist-credentials: true
2026-10-07T22:21:44.1231118Z   clean: true
2026-10-07T22:21:44.1231567Z   sparse-checkout-cone-mode: true
2026-10-07T22:21:44.1232097Z   fetch-depth: 1
2026-10-07T22:21:44.1232532Z   fetch-tags: false
2026-10-07T22:21:44.1233164Z   show-progress: true
2026-10-07T22:21:44.1233608Z   lfs: false
2026-10-07T22:21:44.1234022Z   submodules: false
2026-10-07T22:21:44.1234470Z   set-safe-directory: true
2026-10-07T22:21:44.1234992Z   allow-unsafe-pr-checkout: false
2026-10-07T22:21:44.1235749Z env:
2026-10-07T22:21:44.1236179Z   OPENBLAS_NUM_THREADS: 1
2026-10-07T22:21:44.1236662Z   OMP_NUM_THREADS: 1
2026-10-07T22:21:44.1237141Z   PYTEST_DISABLE_PLUGIN_AUTOLOAD: 1
2026-10-07T22:21:44.1237701Z ##[endgroup]
2026-10-07T22:21:44.2244987Z Syncing repository: wilcompute/W33-Theory
2026-10-07T22:21:44.2247479Z ##[group]Getting Git version info
2026-10-07T22:21:44.2248801Z Working directory is '/home/runner/work/W33-Theory/W33-Theory'
2026-10-07T22:21:44.2250455Z [command]/usr/bin/git version
2026-10-07T22:21:44.2298028Z git version 2.55.0
2026-10-07T22:21:44.2325172Z ##[endgroup]
2026-10-07T22:21:44.2336834Z Temporarily overriding HOME='/home/runner/work/_temp/499a86e0-9d15-4842-ac4d-70d103ebb2e2' before making global git config changes
2026-10-07T22:21:44.2339231Z Adding repository directory to the temporary git global config as a safe directory
2026-10-07T22:21:44.2342501Z [command]/usr/bin/git config --global --add safe.directory /home/runner/work/W33-Theory/W33-Theory
2026-10-07T22:21:44.2405789Z Deleting the contents of '/home/runner/work/W33-Theory/W33-Theory'
2026-10-07T22:21:44.2409696Z ##[group]Initializing the repository
2026-10-07T22:21:44.2414263Z [command]/usr/bin/git init /home/runner/work/W33-Theory/W33-Theory
2026-10-07T22:21:44.2548896Z hint: Using 'master' as the name for the initial branch. This default branch name
2026-10-07T22:21:44.2550523Z hint: will change to "main" in Git 3.0. To configure the initial branch name
2026-10-07T22:21:44.2552197Z hint: to use in all of your new repositories, which will suppress this warning,
2026-10-07T22:21:44.2553701Z hint: call:
2026-10-07T22:21:44.2554429Z hint:
2026-10-07T22:21:44.2555315Z hint: 	git config --global init.defaultBranch <name>
2026-10-07T22:21:44.2556456Z hint:
2026-10-07T22:21:44.2557525Z hint: Names commonly chosen instead of 'master' are 'main', 'trunk' and
2026-10-07T22:21:44.2559280Z hint: 'development'. The just-created branch can be renamed via this command:
2026-10-07T22:21:44.2560645Z hint:
2026-10-07T22:21:44.2561434Z hint: 	git branch -m <name>
2026-10-07T22:21:44.2562319Z hint:
2026-10-07T22:21:44.2563749Z hint: Disable this message with "git config set advice.defaultBranchName false"
2026-10-07T22:21:44.2565566Z Initialized empty Git repository in /home/runner/work/W33-Theory/W33-Theory/.git/
2026-10-07T22:21:44.2571237Z [command]/usr/bin/git remote add origin https://github.com/wilcompute/W33-Theory
2026-10-07T22:21:44.2627043Z ##[endgroup]
2026-10-07T22:21:44.2628358Z ##[group]Disabling automatic garbage collection
2026-10-07T22:21:44.2632106Z [command]/usr/bin/git config --local gc.auto 0
2026-10-07T22:21:44.2666978Z ##[endgroup]
2026-10-07T22:21:44.2668299Z ##[group]Setting up auth
2026-10-07T22:21:44.2674814Z [command]/usr/bin/git config --local --name-only --get-regexp core\.sshCommand
2026-10-07T22:21:44.2708813Z [command]/usr/bin/git submodule foreach --recursive sh -c "git config --local --name-only --get-regexp 'core\.sshCommand' && git config --local --unset-all 'core.sshCommand' || :"
2026-10-07T22:21:44.3135893Z [command]/usr/bin/git config --local --name-only --get-regexp http\.https\:\/\/github\.com\/\.extraheader
2026-10-07T22:21:44.3174551Z [command]/usr/bin/git submodule foreach --recursive sh -c "git config --local --name-only --get-regexp 'http\.https\:\/\/github\.com\/\.extraheader' && git config --local --unset-all 'http.https://github.com/.extraheader' || :"
2026-10-07T22:21:44.3400182Z [command]/usr/bin/git config --local --name-only --get-regexp ^includeIf\.gitdir:
2026-10-07T22:21:44.3435978Z [command]/usr/bin/git submodule foreach --recursive git config --local --show-origin --name-only --get-regexp remote.origin.url
2026-10-07T22:21:44.3658691Z [command]/usr/bin/git config --local http.https://github.com/.extraheader AUTHORIZATION: basic ***
2026-10-07T22:21:44.3699123Z ##[endgroup]
2026-10-07T22:21:44.3699951Z ##[group]Fetching the repository
2026-10-07T22:21:44.3709040Z [command]/usr/bin/git -c protocol.version=2 fetch --no-tags --prune --no-recurse-submodules --depth=1 origin +6a731dc34825430a6aa2b5febc1ecf59fd89c9f7:refs/remotes/origin/master
2026-10-07T22:21:55.4368317Z From https://github.com/wilcompute/W33-Theory
2026-10-07T22:21:55.4369418Z  * [new ref]           6a731dc34825430a6aa2b5febc1ecf59fd89c9f7 -> origin/master
2026-10-07T22:21:55.4376497Z ##[endgroup]
2026-10-07T22:21:55.4377166Z ##[group]Determining the checkout info
2026-10-07T22:21:55.4382652Z ##[endgroup]
2026-10-07T22:21:55.4383530Z [command]/usr/bin/git sparse-checkout disable
2026-10-07T22:21:55.4441532Z [command]/usr/bin/git config --local --unset-all extensions.worktreeConfig
2026-10-07T22:21:55.4473788Z ##[group]Checking out the ref
2026-10-07T22:21:55.4480098Z [command]/usr/bin/git checkout --progress --force -B master refs/remotes/origin/master
2026-10-07T22:21:56.4832301Z Updating files:  31% (10586/33515)
2026-10-07T22:21:56.5069325Z Updating files:  32% (10725/33515)
2026-10-07T22:21:56.5363156Z Updating files:  33% (11060/33515)
2026-10-07T22:21:56.6400878Z Updating files:  34% (11396/33515)
2026-10-07T22:21:56.6900520Z Updating files:  35% (11731/33515)
2026-10-07T22:21:56.7421998Z Updating files:  36% (12066/33515)
2026-10-07T22:21:56.7659615Z Updating files:  37% (12401/33515)
2026-10-07T22:21:56.7930402Z Updating files:  38% (12736/33515)
2026-10-07T22:21:56.9192541Z Updating files:  39% (13071/33515)
2026-10-07T22:21:57.5292602Z Updating files:  40% (13406/33515)
2026-10-07T22:21:57.5307266Z Updating files:  40% (13731/33515)
2026-10-07T22:21:57.5608252Z Updating files:  41% (13742/33515)
2026-10-07T22:21:57.5738449Z Updating files:  42% (14077/33515)
2026-10-07T22:21:57.5932172Z Updating files:  43% (14412/33515)
2026-10-07T22:21:57.6090978Z Updating files:  44% (14747/33515)
2026-10-07T22:21:57.6253226Z Updating files:  45% (15082/33515)
2026-10-07T22:21:57.6406128Z Updating files:  46% (15417/33515)
2026-10-07T22:21:57.6550813Z Updating files:  47% (15753/33515)
2026-10-07T22:21:57.6720872Z Updating files:  48% (16088/33515)
2026-10-07T22:21:57.6900649Z Updating files:  49% (16423/33515)
2026-10-07T22:21:57.7067499Z Updating files:  50% (16758/33515)
2026-10-07T22:21:57.7215635Z Updating files:  51% (17093/33515)
2026-10-07T22:21:57.7481554Z Updating files:  52% (17428/33515)
2026-10-07T22:21:57.7709865Z Updating files:  53% (17763/33515)
2026-10-07T22:21:57.9954046Z Updating files:  54% (18099/33515)
2026-10-07T22:21:58.0155874Z Updating files:  55% (18434/33515)
2026-10-07T22:21:58.0548397Z Updating files:  56% (18769/33515)
2026-10-07T22:21:58.2500526Z Updating files:  57% (19104/33515)
2026-10-07T22:21:58.2658192Z Updating files:  58% (19439/33515)
2026-10-07T22:21:58.2860134Z Updating files:  59% (19774/33515)
2026-10-07T22:21:58.3064895Z Updating files:  60% (20109/33515)
2026-10-07T22:21:58.3212283Z Updating files:  61% (20445/33515)
2026-10-07T22:21:58.3398229Z Updating files:  62% (20780/33515)
2026-10-07T22:21:58.3634839Z Updating files:  63% (21115/33515)
2026-10-07T22:21:58.4022321Z Updating files:  64% (21450/33515)
2026-10-07T22:21:58.4367561Z Updating files:  65% (21785/33515)
2026-10-07T22:21:58.4640862Z Updating files:  66% (22120/33515)
2026-10-07T22:21:58.4736141Z Updating files:  67% (22456/33515)
2026-10-07T22:21:58.4912671Z Updating files:  67% (22521/33515)
2026-10-07T22:21:58.5139391Z Updating files:  68% (22791/33515)
2026-10-07T22:21:58.7479649Z Updating files:  69% (23126/33515)
2026-10-07T22:21:58.7787822Z Updating files:  70% (23461/33515)
2026-10-07T22:21:58.7976812Z Updating files:  71% (23796/33515)
2026-10-07T22:21:58.8168073Z Updating files:  72% (24131/33515)
2026-10-07T22:21:58.8341762Z Updating files:  73% (24466/33515)
2026-10-07T22:21:58.8504405Z Updating files:  74% (24802/33515)
2026-10-07T22:21:58.8669658Z Updating files:  75% (25137/33515)
2026-10-07T22:21:58.8894744Z Updating files:  76% (25472/33515)
2026-10-07T22:21:58.9389609Z Updating files:  77% (25807/33515)
2026-10-07T22:21:58.9623321Z Updating files:  78% (26142/33515)
2026-10-07T22:21:58.9820380Z Updating files:  79% (26477/33515)
2026-10-07T22:21:59.0014106Z Updating files:  80% (26812/33515)
2026-10-07T22:21:59.0288195Z Updating files:  81% (27148/33515)
2026-10-07T22:21:59.0539748Z Updating files:  82% (27483/33515)
2026-10-07T22:21:59.0800277Z Updating files:  83% (27818/33515)
2026-10-07T22:21:59.0982940Z Updating files:  84% (28153/33515)
2026-10-07T22:21:59.1216340Z Updating files:  85% (28488/33515)
2026-10-07T22:21:59.1437727Z Updating files:  86% (28823/33515)
2026-10-07T22:21:59.1632414Z Updating files:  87% (29159/33515)
2026-10-07T22:21:59.1847982Z Updating files:  88% (29494/33515)
2026-10-07T22:21:59.2022999Z Updating files:  89% (29829/33515)
2026-10-07T22:21:59.2185813Z Updating files:  90% (30164/33515)
2026-10-07T22:21:59.2343454Z Updating files:  91% (30499/33515)
2026-10-07T22:21:59.2506779Z Updating files:  92% (30834/33515)
2026-10-07T22:21:59.2682127Z Updating files:  93% (31169/33515)
2026-10-07T22:21:59.2922749Z Updating files:  94% (31505/33515)
2026-10-07T22:21:59.3124779Z Updating files:  95% (31840/33515)
2026-10-07T22:21:59.3318624Z Updating files:  96% (32175/33515)
2026-10-07T22:21:59.3498436Z Updating files:  97% (32510/33515)
2026-10-07T22:21:59.3738205Z Updating files:  98% (32845/33515)
2026-10-07T22:21:59.4276876Z Updating files:  99% (33180/33515)
2026-10-07T22:21:59.4277531Z Updating files: 100% (33515/33515)
2026-10-07T22:21:59.4278586Z Updating files: 100% (33515/33515), done.
2026-10-07T22:21:59.4576542Z Reset branch 'master'
2026-10-07T22:21:59.4583070Z branch 'master' set up to track 'origin/master'.
2026-10-07T22:21:59.5480455Z ##[endgroup]
2026-10-07T22:21:59.5528366Z [command]/usr/bin/git log -1 --format=%H
2026-10-07T22:21:59.5560186Z 6a731dc34825430a6aa2b5febc1ecf59fd89c9f7
2026-10-07T22:21:59.5827325Z ##[group]Run actions/setup-python@v5
2026-10-07T22:21:59.5827626Z with:
2026-10-07T22:21:59.5827829Z   python-version: 3.12
2026-10-07T22:21:59.5828061Z   check-latest: false
2026-10-07T22:21:59.5830743Z   token: ***
2026-10-07T22:21:59.5830959Z   update-environment: true
2026-10-07T22:21:59.5831203Z   allow-prereleases: false
2026-10-07T22:21:59.5831433Z   freethreaded: false
2026-10-07T22:21:59.5831655Z env:
2026-10-07T22:21:59.5895316Z   OPENBLAS_NUM_THREADS: 1
2026-10-07T22:21:59.5895732Z   OMP_NUM_THREADS: 1
2026-10-07T22:21:59.5896185Z   PYTEST_DISABLE_PLUGIN_AUTOLOAD: 1
2026-10-07T22:21:59.5896676Z ##[endgroup]
2026-10-07T22:21:59.7206440Z ##[group]Installed versions
2026-10-07T22:21:59.7314170Z (node:2366) [DEP0040] DeprecationWarning: The `punycode` module is deprecated. Please use a userland alternative instead.
2026-10-07T22:21:59.7315050Z (Use `node --trace-deprecation ...` to show where the warning was created)
2026-10-07T22:21:59.7315814Z Successfully set up CPython (3.12.14)
2026-10-07T22:21:59.7316486Z ##[endgroup]
2026-10-07T22:21:59.7488595Z ##[group]Run python -m pip install numpy==2.5.3 scipy==1.18.1 sympy==1.14.0 pytest
2026-10-07T22:21:59.7489249Z [36;1mpython -m pip install numpy==2.5.3 scipy==1.18.1 sympy==1.14.0 pytest[0m
2026-10-07T22:21:59.7875859Z shell: /usr/bin/bash -e {0}
2026-10-07T22:21:59.7876198Z env:
2026-10-07T22:21:59.7876442Z   OPENBLAS_NUM_THREADS: 1
2026-10-07T22:21:59.7876733Z   OMP_NUM_THREADS: 1
2026-10-07T22:21:59.7877017Z   PYTEST_DISABLE_PLUGIN_AUTOLOAD: 1
2026-10-07T22:21:59.7877424Z   pythonLocation: /opt/hostedtoolcache/Python/3.12.14/x64
2026-10-07T22:21:59.7877992Z   PKG_CONFIG_PATH: /opt/hostedtoolcache/Python/3.12.14/x64/lib/pkgconfig
2026-10-07T22:21:59.7878519Z   Python_ROOT_DIR: /opt/hostedtoolcache/Python/3.12.14/x64
2026-10-07T22:21:59.7878982Z   Python2_ROOT_DIR: /opt/hostedtoolcache/Python/3.12.14/x64
2026-10-07T22:21:59.7879444Z   Python3_ROOT_DIR: /opt/hostedtoolcache/Python/3.12.14/x64
2026-10-07T22:21:59.7879993Z   LD_LIBRARY_PATH: /opt/hostedtoolcache/Python/3.12.14/x64/lib
2026-10-07T22:21:59.7880393Z ##[endgroup]
2026-10-07T22:22:03.5368323Z Collecting numpy==2.5.3
2026-10-07T22:22:03.6233778Z   Downloading numpy-2.5.3-cp312-cp312-manylinux_2_27_x86_64.manylinux_2_28_x86_64.whl.metadata (6.6 kB)
2026-10-07T22:22:03.7394271Z Collecting scipy==1.18.1
2026-10-07T22:22:03.7600985Z   Downloading scipy-1.18.1-cp312-cp312-manylinux_2_27_x86_64.manylinux_2_28_x86_64.whl.metadata (62 kB)
2026-10-07T22:22:03.8176817Z Collecting sympy==1.14.0
2026-10-07T22:22:03.8330771Z   Downloading sympy-1.14.0-py3-none-any.whl.metadata (12 kB)
2026-10-07T22:22:03.8672237Z Collecting pytest
2026-10-07T22:22:03.8828224Z   Downloading pytest-9.1.1-py3-none-any.whl.metadata (7.6 kB)
2026-10-07T22:22:03.9150890Z Collecting mpmath<1.4,>=1.1.0 (from sympy==1.14.0)
2026-10-07T22:22:03.9305889Z   Downloading mpmath-1.3.0-py3-none-any.whl.metadata (8.6 kB)
2026-10-07T22:22:04.2056447Z Collecting iniconfig>=1.0.1 (from pytest)
2026-10-07T22:22:04.2215298Z   Downloading iniconfig-2.3.1-py3-none-any.whl.metadata (2.8 kB)
2026-10-07T22:22:04.2365284Z Collecting packaging>=22 (from pytest)
2026-10-07T22:22:04.2531243Z   Downloading packaging-26.3-py3-none-any.whl.metadata (3.5 kB)
2026-10-07T22:22:04.2690920Z Collecting pluggy<2,>=1.5 (from pytest)
2026-10-07T22:22:04.2845682Z   Downloading pluggy-1.6.0-py3-none-any.whl.metadata (4.8 kB)
2026-10-07T22:22:04.4684065Z Collecting pygments>=2.7.2 (from pytest)
2026-10-07T22:22:04.4843064Z   Downloading pygments-2.21.0-py3-none-any.whl.metadata (2.5 kB)
2026-10-07T22:22:04.6847690Z Downloading numpy-2.5.3-cp312-cp312-manylinux_2_27_x86_64.manylinux_2_28_x86_64.whl (16.7 MB)
2026-10-07T22:22:05.4371421Z    ━━━━━━━━━━━━━━━━━━━━━━━━━━━━━━━━━━━━━━━━ 16.7/16.7 MB 23.3 MB/s  0:00:00
2026-10-07T22:22:05.4531776Z Downloading scipy-1.18.1-cp312-cp312-manylinux_2_27_x86_64.manylinux_2_28_x86_64.whl (35.3 MB)
2026-10-07T22:22:05.8010213Z    ━━━━━━━━━━━━━━━━━━━━━━━━━━━━━━━━━━━━━━━━ 35.3/35.3 MB 102.1 MB/s  0:00:00
2026-10-07T22:22:05.8169550Z Downloading sympy-1.14.0-py3-none-any.whl (6.3 MB)
2026-10-07T22:22:05.8567831Z    ━━━━━━━━━━━━━━━━━━━━━━━━━━━━━━━━━━━━━━━━ 6.3/6.3 MB 162.6 MB/s  0:00:00
2026-10-07T22:22:05.8721376Z Downloading mpmath-1.3.0-py3-none-any.whl (536 kB)
2026-10-07T22:22:05.8769118Z    ━━━━━━━━━━━━━━━━━━━━━━━━━━━━━━━━━━━━━━━━ 536.2/536.2 kB 106.0 MB/s  0:00:00
2026-10-07T22:22:05.8922806Z Downloading pytest-9.1.1-py3-none-any.whl (386 kB)
2026-10-07T22:22:05.9295109Z Downloading pluggy-1.6.0-py3-none-any.whl (20 kB)
2026-10-07T22:22:05.9469446Z Downloading iniconfig-2.3.1-py3-none-any.whl (7.6 kB)
2026-10-07T22:22:05.9642413Z Downloading packaging-26.3-py3-none-any.whl (129 kB)
2026-10-07T22:22:05.9816358Z Downloading pygments-2.21.0-py3-none-any.whl (1.3 MB)
2026-10-07T22:22:05.9927225Z    ━━━━━━━━━━━━━━━━━━━━━━━━━━━━━━━━━━━━━━━━ 1.3/1.3 MB 113.7 MB/s  0:00:00
2026-10-07T22:22:06.2523963Z Installing collected packages: mpmath, sympy, pygments, pluggy, packaging, numpy, iniconfig, scipy, pytest
2026-10-07T22:22:20.0864453Z 
2026-10-07T22:22:20.0881023Z Successfully installed iniconfig-2.3.1 mpmath-1.3.0 numpy-2.5.3 packaging-26.3 pluggy-1.6.0 pygments-2.21.0 pytest-9.1.1 scipy-1.18.1 sympy-1.14.0
2026-10-07T22:22:20.1512200Z ##[group]Run python -m pytest --noconftest -q tests/test_w33_pass11663_odd_weil_normal_map.py tests/test_w33_pass11649_radial_scope.py
2026-10-07T22:22:20.1513512Z [36;1mpython -m pytest --noconftest -q tests/test_w33_pass11663_odd_weil_normal_map.py tests/test_w33_pass11649_radial_scope.py[0m
2026-10-07T22:22:20.1580577Z shell: /usr/bin/bash -e {0}
2026-10-07T22:22:20.1580841Z env:
2026-10-07T22:22:20.1581048Z   OPENBLAS_NUM_THREADS: 1
2026-10-07T22:22:20.1581315Z   OMP_NUM_THREADS: 1
2026-10-07T22:22:20.1581561Z   PYTEST_DISABLE_PLUGIN_AUTOLOAD: 1
2026-10-07T22:22:20.1581901Z   pythonLocation: /opt/hostedtoolcache/Python/3.12.14/x64
2026-10-07T22:22:20.1582353Z   PKG_CONFIG_PATH: /opt/hostedtoolcache/Python/3.12.14/x64/lib/pkgconfig
2026-10-07T22:22:20.1583134Z   Python_ROOT_DIR: /opt/hostedtoolcache/Python/3.12.14/x64
2026-10-07T22:22:20.1583592Z   Python2_ROOT_DIR: /opt/hostedtoolcache/Python/3.12.14/x64
2026-10-07T22:22:20.1584031Z   Python3_ROOT_DIR: /opt/hostedtoolcache/Python/3.12.14/x64
2026-10-07T22:22:20.1584440Z   LD_LIBRARY_PATH: /opt/hostedtoolcache/Python/3.12.14/x64/lib
2026-10-07T22:22:20.1584780Z ##[endgroup]
2026-10-07T22:22:25.0423424Z .......                                                                  [100%]
2026-10-07T22:22:25.0424037Z 7 passed in 4.40s
2026-10-07T22:22:25.1629478Z ##[group]Run python analysis/w33_pass11663_odd_weil_normal_map.py
2026-10-07T22:22:25.1629980Z [36;1mpython analysis/w33_pass11663_odd_weil_normal_map.py[0m
2026-10-07T22:22:25.1694848Z shell: /usr/bin/bash -e {0}
2026-10-07T22:22:25.1695144Z env:
2026-10-07T22:22:25.1695372Z   OPENBLAS_NUM_THREADS: 1
2026-10-07T22:22:25.1695647Z   OMP_NUM_THREADS: 1
2026-10-07T22:22:25.1695916Z   PYTEST_DISABLE_PLUGIN_AUTOLOAD: 1
2026-10-07T22:22:25.1696305Z   pythonLocation: /opt/hostedtoolcache/Python/3.12.14/x64
2026-10-07T22:22:25.1696838Z   PKG_CONFIG_PATH: /opt/hostedtoolcache/Python/3.12.14/x64/lib/pkgconfig
2026-10-07T22:22:25.1697353Z   Python_ROOT_DIR: /opt/hostedtoolcache/Python/3.12.14/x64
2026-10-07T22:22:25.1697818Z   Python2_ROOT_DIR: /opt/hostedtoolcache/Python/3.12.14/x64
2026-10-07T22:22:25.1698279Z   Python3_ROOT_DIR: /opt/hostedtoolcache/Python/3.12.14/x64
2026-10-07T22:22:25.1698755Z   LD_LIBRARY_PATH: /opt/hostedtoolcache/Python/3.12.14/x64/lib
2026-10-07T22:22:25.1699182Z ##[endgroup]
2026-10-07T22:22:37.4453602Z {
2026-10-07T22:22:37.4454259Z   "status": "PASS",
2026-10-07T22:22:37.4454560Z   "base_rays": 40,
2026-10-07T22:22:37.4455167Z   "alignment_Hessian": [
2026-10-07T22:22:37.4455459Z     0,
2026-10-07T22:22:37.4455678Z     8,
2026-10-07T22:22:37.4455897Z     16,
2026-10-07T22:22:37.4456115Z     16,
2026-10-07T22:22:37.4456328Z     16,
2026-10-07T22:22:37.4456541Z     16,
2026-10-07T22:22:37.4456763Z     16,
2026-10-07T22:22:37.4456976Z     16
2026-10-07T22:22:37.4457189Z   ],
2026-10-07T22:22:37.4457421Z   "thresholds": {
2026-10-07T22:22:37.4457717Z     "Witting_threshold": 5.565634872593528e-06,
2026-10-07T22:22:37.4458107Z     "balanced_threshold": 5.328002041527904e-06
2026-10-07T22:22:37.4458451Z   },
2026-10-07T22:22:37.4458710Z   "mass_spectrum_error": 1.1657341758564144e-15
2026-10-07T22:22:37.4459064Z }
2026-10-07T22:22:37.5892638Z ##[group]Run python -m pytest --noconftest -q tests/test_w33_pass11663_odd_weil_normal_map.py tests/test_w33_pass11649_radial_scope.py
2026-10-07T22:22:37.5893916Z [36;1mpython -m pytest --noconftest -q tests/test_w33_pass11663_odd_weil_normal_map.py tests/test_w33_pass11649_radial_scope.py[0m
2026-10-07T22:22:37.5958745Z shell: /usr/bin/bash -e {0}
2026-10-07T22:22:37.5959000Z env:
2026-10-07T22:22:37.5959199Z   OPENBLAS_NUM_THREADS: 1
2026-10-07T22:22:37.5959430Z   OMP_NUM_THREADS: 1
2026-10-07T22:22:37.5959667Z   PYTEST_DISABLE_PLUGIN_AUTOLOAD: 1
2026-10-07T22:22:37.5959992Z   pythonLocation: /opt/hostedtoolcache/Python/3.12.14/x64
2026-10-07T22:22:37.5960425Z   PKG_CONFIG_PATH: /opt/hostedtoolcache/Python/3.12.14/x64/lib/pkgconfig
2026-10-07T22:22:37.5960867Z   Python_ROOT_DIR: /opt/hostedtoolcache/Python/3.12.14/x64
2026-10-07T22:22:37.5961249Z   Python2_ROOT_DIR: /opt/hostedtoolcache/Python/3.12.14/x64
2026-10-07T22:22:37.5961668Z   Python3_ROOT_DIR: /opt/hostedtoolcache/Python/3.12.14/x64
2026-10-07T22:22:37.5962053Z   LD_LIBRARY_PATH: /opt/hostedtoolcache/Python/3.12.14/x64/lib
2026-10-07T22:22:37.5962375Z ##[endgroup]
2026-10-07T22:22:41.9059695Z .......                                                                  [100%]
2026-10-07T22:22:41.9060221Z 7 passed in 4.09s
2026-10-07T22:22:42.0251045Z Post job cleanup.
2026-10-07T22:22:42.1442713Z (node:2414) [DEP0040] DeprecationWarning: The `punycode` module is deprecated. Please use a userland alternative instead.
2026-10-07T22:22:42.1444364Z (Use `node --trace-deprecation ...` to show where the warning was created)
2026-10-07T22:22:42.1716270Z Post job cleanup.
2026-10-07T22:22:42.2624111Z [command]/usr/bin/git version
2026-10-07T22:22:42.2669242Z git version 2.55.0
2026-10-07T22:22:42.2712687Z Temporarily overriding HOME='/home/runner/work/_temp/cccb4281-1be7-4521-a8ac-059451668f4c' before making global git config changes
2026-10-07T22:22:42.2714799Z Adding repository directory to the temporary git global config as a safe directory
2026-10-07T22:22:42.2718919Z [command]/usr/bin/git config --global --add safe.directory /home/runner/work/W33-Theory/W33-Theory
2026-10-07T22:22:42.2758198Z [command]/usr/bin/git config --local --name-only --get-regexp core\.sshCommand
2026-10-07T22:22:42.2794380Z [command]/usr/bin/git submodule foreach --recursive sh -c "git config --local --name-only --get-regexp 'core\.sshCommand' && git config --local --unset-all 'core.sshCommand' || :"
2026-10-07T22:22:42.3077836Z [command]/usr/bin/git config --local --name-only --get-regexp http\.https\:\/\/github\.com\/\.extraheader
2026-10-07T22:22:42.3113571Z http.https://github.com/.extraheader
2026-10-07T22:22:42.3125598Z [command]/usr/bin/git config --local --unset-all http.https://github.com/.extraheader
2026-10-07T22:22:42.3161115Z [command]/usr/bin/git submodule foreach --recursive sh -c "git config --local --name-only --get-regexp 'http\.https\:\/\/github\.com\/\.extraheader' && git config --local --unset-all 'http.https://github.com/.extraheader' || :"
2026-10-07T22:22:42.3439976Z [command]/usr/bin/git config --local --name-only --get-regexp ^includeIf\.gitdir:
2026-10-07T22:22:42.3484820Z [command]/usr/bin/git submodule foreach --recursive git config --local --show-origin --name-only --get-regexp remote.origin.url
2026-10-07T22:22:42.3919101Z Cleaning up orphan processes
2026-10-07T22:22:42.4217522Z ##[warning]Node.js 20 is deprecated. The following actions target Node.js 20 but are being forced to run on Node.js 24: actions/checkout@v4, actions/setup-python@v5. For more information see: https://github.blog/changelog/2025-09-19-deprecation-of-node-20-on-github-actions-runners/
