2026-10-07T23:07:24.5943044Z Current runner version: '2.337.0'
2026-10-07T23:07:24.5963737Z ##[group]Runner Image Provisioner
2026-10-07T23:07:24.5964657Z Hosted Compute Agent
2026-10-07T23:07:24.5965145Z Version: 20260901.588
2026-10-07T23:07:24.5965706Z Commit: f88ec8081b781fac6c440065ac7ff9e710ce3d0b
2026-10-07T23:07:24.5966342Z Build Date: 2026-09-01T19:56:44Z
2026-10-07T23:07:24.5966892Z Worker ID: {e0fe5136-75dd-4d12-862d-79553ae6ee3a}
2026-10-07T23:07:24.5967618Z Azure Region: centralus
2026-10-07T23:07:24.5968103Z ##[endgroup]
2026-10-07T23:07:24.5970322Z ##[group]Operating System
2026-10-07T23:07:24.5971101Z Ubuntu
2026-10-07T23:07:24.5971719Z 24.04.5
2026-10-07T23:07:24.5972452Z LTS
2026-10-07T23:07:24.5973114Z ##[endgroup]
2026-10-07T23:07:24.5973989Z ##[group]Runner Image
2026-10-07T23:07:24.5974758Z Image: ubuntu-24.04
2026-10-07T23:07:24.5975439Z Version: 20260927.320.1
2026-10-07T23:07:24.5977107Z Included Software: https://github.com/actions/runner-images/blob/ubuntu24/20260927.320/images/ubuntu/Ubuntu2404-Readme.md
2026-10-07T23:07:24.5979042Z Image Release: https://github.com/actions/runner-images/releases/tag/ubuntu24%2F20260927.320
2026-10-07T23:07:24.5980194Z ##[endgroup]
2026-10-07T23:07:24.5981615Z ##[group]GITHUB_TOKEN Permissions
2026-10-07T23:07:24.5984388Z Contents: read
2026-10-07T23:07:24.5985179Z Metadata: read
2026-10-07T23:07:24.5985985Z Packages: read
2026-10-07T23:07:24.5986450Z ##[endgroup]
2026-10-07T23:07:24.5988397Z Secret source: Actions
2026-10-07T23:07:24.5989199Z Cache mode: write
2026-10-07T23:07:24.5989803Z Prepare workflow directory
2026-10-07T23:07:24.6313119Z Prepare all required actions
2026-10-07T23:07:24.6356639Z Getting action download info
2026-10-07T23:07:24.8808987Z Download action repository 'actions/checkout@v4' (SHA:11d5960a326750d5838078e36cf38b85af677262)
2026-10-07T23:07:24.9807627Z Download action repository 'actions/setup-python@v5' (SHA:a26af69be951a213d495a4c3e4e4022e16d87065)
2026-10-07T23:07:25.1582880Z Complete job name: verify
2026-10-07T23:07:25.2179441Z ##[group]Run actions/checkout@v4
2026-10-07T23:07:25.2180161Z with:
2026-10-07T23:07:25.2180600Z   repository: wilcompute/W33-Theory
2026-10-07T23:07:25.2184302Z   token: ***
2026-10-07T23:07:25.2184739Z   ssh-strict: true
2026-10-07T23:07:25.2185237Z   ssh-user: git
2026-10-07T23:07:25.2185676Z   persist-credentials: true
2026-10-07T23:07:25.2186135Z   clean: true
2026-10-07T23:07:25.2186622Z   sparse-checkout-cone-mode: true
2026-10-07T23:07:25.2187119Z   fetch-depth: 1
2026-10-07T23:07:25.2187547Z   fetch-tags: false
2026-10-07T23:07:25.2187999Z   show-progress: true
2026-10-07T23:07:25.2188440Z   lfs: false
2026-10-07T23:07:25.2188880Z   submodules: false
2026-10-07T23:07:25.2189319Z   set-safe-directory: true
2026-10-07T23:07:25.2189860Z   allow-unsafe-pr-checkout: false
2026-10-07T23:07:25.2190521Z env:
2026-10-07T23:07:25.2190955Z   OPENBLAS_NUM_THREADS: 1
2026-10-07T23:07:25.2191425Z   OMP_NUM_THREADS: 1
2026-10-07T23:07:25.2191891Z   PYTEST_DISABLE_PLUGIN_AUTOLOAD: 1
2026-10-07T23:07:25.2192499Z ##[endgroup]
2026-10-07T23:07:25.3108094Z Syncing repository: wilcompute/W33-Theory
2026-10-07T23:07:25.3109809Z ##[group]Getting Git version info
2026-10-07T23:07:25.3110454Z Working directory is '/home/runner/work/W33-Theory/W33-Theory'
2026-10-07T23:07:25.3111750Z [command]/usr/bin/git version
2026-10-07T23:07:25.3176114Z git version 2.55.0
2026-10-07T23:07:25.3201763Z ##[endgroup]
2026-10-07T23:07:25.3209638Z Temporarily overriding HOME='/home/runner/work/_temp/e0053472-4b6e-4e52-a19b-9a24e7003ee0' before making global git config changes
2026-10-07T23:07:25.3211668Z Adding repository directory to the temporary git global config as a safe directory
2026-10-07T23:07:25.3214814Z [command]/usr/bin/git config --global --add safe.directory /home/runner/work/W33-Theory/W33-Theory
2026-10-07T23:07:25.3257648Z Deleting the contents of '/home/runner/work/W33-Theory/W33-Theory'
2026-10-07T23:07:25.3261941Z ##[group]Initializing the repository
2026-10-07T23:07:25.3266811Z [command]/usr/bin/git init /home/runner/work/W33-Theory/W33-Theory
2026-10-07T23:07:25.3372975Z hint: Using 'master' as the name for the initial branch. This default branch name
2026-10-07T23:07:25.3374781Z hint: will change to "main" in Git 3.0. To configure the initial branch name
2026-10-07T23:07:25.3376055Z hint: to use in all of your new repositories, which will suppress this warning,
2026-10-07T23:07:25.3377073Z hint: call:
2026-10-07T23:07:25.3377706Z hint:
2026-10-07T23:07:25.3378575Z hint: 	git config --global init.defaultBranch <name>
2026-10-07T23:07:25.3379537Z hint:
2026-10-07T23:07:25.3380379Z hint: Names commonly chosen instead of 'master' are 'main', 'trunk' and
2026-10-07T23:07:25.3381731Z hint: 'development'. The just-created branch can be renamed via this command:
2026-10-07T23:07:25.3383107Z hint:
2026-10-07T23:07:25.3384641Z hint: 	git branch -m <name>
2026-10-07T23:07:25.3385345Z hint:
2026-10-07T23:07:25.3386278Z hint: Disable this message with "git config set advice.defaultBranchName false"
2026-10-07T23:07:25.3392932Z Initialized empty Git repository in /home/runner/work/W33-Theory/W33-Theory/.git/
2026-10-07T23:07:25.3407590Z [command]/usr/bin/git remote add origin https://github.com/wilcompute/W33-Theory
2026-10-07T23:07:25.3445753Z ##[endgroup]
2026-10-07T23:07:25.3446839Z ##[group]Disabling automatic garbage collection
2026-10-07T23:07:25.3448373Z [command]/usr/bin/git config --local gc.auto 0
2026-10-07T23:07:25.3480012Z ##[endgroup]
2026-10-07T23:07:25.3481300Z ##[group]Setting up auth
2026-10-07T23:07:25.3484313Z [command]/usr/bin/git config --local --name-only --get-regexp core\.sshCommand
2026-10-07T23:07:25.3510299Z [command]/usr/bin/git submodule foreach --recursive sh -c "git config --local --name-only --get-regexp 'core\.sshCommand' && git config --local --unset-all 'core.sshCommand' || :"
2026-10-07T23:07:25.3811384Z [command]/usr/bin/git config --local --name-only --get-regexp http\.https\:\/\/github\.com\/\.extraheader
2026-10-07T23:07:25.3837882Z [command]/usr/bin/git submodule foreach --recursive sh -c "git config --local --name-only --get-regexp 'http\.https\:\/\/github\.com\/\.extraheader' && git config --local --unset-all 'http.https://github.com/.extraheader' || :"
2026-10-07T23:07:25.4010525Z [command]/usr/bin/git config --local --name-only --get-regexp ^includeIf\.gitdir:
2026-10-07T23:07:25.4038891Z [command]/usr/bin/git submodule foreach --recursive git config --local --show-origin --name-only --get-regexp remote.origin.url
2026-10-07T23:07:25.4222126Z [command]/usr/bin/git config --local http.https://github.com/.extraheader AUTHORIZATION: basic ***
2026-10-07T23:07:25.4255322Z ##[endgroup]
2026-10-07T23:07:25.4256720Z ##[group]Fetching the repository
2026-10-07T23:07:25.4264360Z [command]/usr/bin/git -c protocol.version=2 fetch --no-tags --prune --no-recurse-submodules --depth=1 origin +2fa850124bb15be8500da28f1034c80d46c7c064:refs/remotes/origin/master
2026-10-07T23:07:36.2570090Z From https://github.com/wilcompute/W33-Theory
2026-10-07T23:07:36.2571057Z  * [new ref]           2fa850124bb15be8500da28f1034c80d46c7c064 -> origin/master
2026-10-07T23:07:36.2574436Z ##[endgroup]
2026-10-07T23:07:36.2575714Z ##[group]Determining the checkout info
2026-10-07T23:07:36.2576728Z ##[endgroup]
2026-10-07T23:07:36.2582445Z [command]/usr/bin/git sparse-checkout disable
2026-10-07T23:07:36.2627369Z [command]/usr/bin/git config --local --unset-all extensions.worktreeConfig
2026-10-07T23:07:36.2654306Z ##[group]Checking out the ref
2026-10-07T23:07:36.2658479Z [command]/usr/bin/git checkout --progress --force -B master refs/remotes/origin/master
2026-10-07T23:07:37.3218201Z Updating files:  35% (11989/33523)
2026-10-07T23:07:37.3747522Z Updating files:  36% (12069/33523)
2026-10-07T23:07:37.3923448Z Updating files:  37% (12404/33523)
2026-10-07T23:07:37.4129374Z Updating files:  38% (12739/33523)
2026-10-07T23:07:37.5579287Z Updating files:  39% (13074/33523)
2026-10-07T23:07:37.6622585Z Updating files:  40% (13410/33523)
2026-10-07T23:07:37.6776819Z Updating files:  41% (13745/33523)
2026-10-07T23:07:37.6839606Z Updating files:  42% (14080/33523)
2026-10-07T23:07:37.6982184Z Updating files:  43% (14415/33523)
2026-10-07T23:07:37.7085303Z Updating files:  44% (14751/33523)
2026-10-07T23:07:37.7197713Z Updating files:  45% (15086/33523)
2026-10-07T23:07:37.7295179Z Updating files:  46% (15421/33523)
2026-10-07T23:07:37.7383978Z Updating files:  47% (15756/33523)
2026-10-07T23:07:37.7497596Z Updating files:  48% (16092/33523)
2026-10-07T23:07:37.7629963Z Updating files:  49% (16427/33523)
2026-10-07T23:07:37.7738358Z Updating files:  50% (16762/33523)
2026-10-07T23:07:37.7829560Z Updating files:  51% (17097/33523)
2026-10-07T23:07:37.8028631Z Updating files:  52% (17432/33523)
2026-10-07T23:07:37.8182062Z Updating files:  53% (17768/33523)
2026-10-07T23:07:37.8332526Z Updating files:  54% (18103/33523)
2026-10-07T23:07:38.0834462Z Updating files:  55% (18438/33523)
2026-10-07T23:07:38.1203756Z Updating files:  56% (18773/33523)
2026-10-07T23:07:38.2961724Z Updating files:  57% (19109/33523)
2026-10-07T23:07:38.3257753Z Updating files:  57% (19412/33523)
2026-10-07T23:07:38.3372431Z Updating files:  58% (19444/33523)
2026-10-07T23:07:38.3545212Z Updating files:  59% (19779/33523)
2026-10-07T23:07:38.3690979Z Updating files:  60% (20114/33523)
2026-10-07T23:07:38.3769397Z Updating files:  61% (20450/33523)
2026-10-07T23:07:38.3893527Z Updating files:  62% (20785/33523)
2026-10-07T23:07:38.4076622Z Updating files:  63% (21120/33523)
2026-10-07T23:07:38.4406486Z Updating files:  64% (21455/33523)
2026-10-07T23:07:38.4718443Z Updating files:  65% (21790/33523)
2026-10-07T23:07:38.4939324Z Updating files:  66% (22126/33523)
2026-10-07T23:07:38.5141864Z Updating files:  67% (22461/33523)
2026-10-07T23:07:38.5300561Z Updating files:  68% (22796/33523)
2026-10-07T23:07:38.7641457Z Updating files:  69% (23131/33523)
2026-10-07T23:07:38.7909129Z Updating files:  70% (23467/33523)
2026-10-07T23:07:38.8036005Z Updating files:  71% (23802/33523)
2026-10-07T23:07:38.8165863Z Updating files:  72% (24137/33523)
2026-10-07T23:07:38.8277546Z Updating files:  73% (24472/33523)
2026-10-07T23:07:38.8373540Z Updating files:  74% (24808/33523)
2026-10-07T23:07:38.8477210Z Updating files:  75% (25143/33523)
2026-10-07T23:07:38.8656101Z Updating files:  76% (25478/33523)
2026-10-07T23:07:38.9128161Z Updating files:  77% (25813/33523)
2026-10-07T23:07:38.9301620Z Updating files:  78% (26148/33523)
2026-10-07T23:07:38.9434719Z Updating files:  79% (26484/33523)
2026-10-07T23:07:38.9549861Z Updating files:  80% (26819/33523)
2026-10-07T23:07:38.9752613Z Updating files:  81% (27154/33523)
2026-10-07T23:07:38.9926027Z Updating files:  82% (27489/33523)
2026-10-07T23:07:39.0040137Z Updating files:  83% (27825/33523)
2026-10-07T23:07:39.0156018Z Updating files:  84% (28160/33523)
2026-10-07T23:07:39.0322044Z Updating files:  85% (28495/33523)
2026-10-07T23:07:39.0482556Z Updating files:  86% (28830/33523)
2026-10-07T23:07:39.0610013Z Updating files:  87% (29166/33523)
2026-10-07T23:07:39.0759129Z Updating files:  88% (29501/33523)
2026-10-07T23:07:39.0867823Z Updating files:  89% (29836/33523)
2026-10-07T23:07:39.0961187Z Updating files:  90% (30171/33523)
2026-10-07T23:07:39.1052723Z Updating files:  91% (30506/33523)
2026-10-07T23:07:39.1148192Z Updating files:  92% (30842/33523)
2026-10-07T23:07:39.1255783Z Updating files:  93% (31177/33523)
2026-10-07T23:07:39.1432545Z Updating files:  94% (31512/33523)
2026-10-07T23:07:39.1565679Z Updating files:  95% (31847/33523)
2026-10-07T23:07:39.1691211Z Updating files:  96% (32183/33523)
2026-10-07T23:07:39.1806027Z Updating files:  97% (32518/33523)
2026-10-07T23:07:39.1978202Z Updating files:  98% (32853/33523)
2026-10-07T23:07:39.2526602Z Updating files:  99% (33188/33523)
2026-10-07T23:07:39.2527545Z Updating files: 100% (33523/33523)
2026-10-07T23:07:39.2528161Z Updating files: 100% (33523/33523), done.
2026-10-07T23:07:39.2779021Z Reset branch 'master'
2026-10-07T23:07:39.2781839Z branch 'master' set up to track 'origin/master'.
2026-10-07T23:07:39.3532509Z ##[endgroup]
2026-10-07T23:07:39.3574301Z [command]/usr/bin/git log -1 --format=%H
2026-10-07T23:07:39.3604973Z 2fa850124bb15be8500da28f1034c80d46c7c064
2026-10-07T23:07:39.3821323Z ##[group]Run actions/setup-python@v5
2026-10-07T23:07:39.3821669Z with:
2026-10-07T23:07:39.3821941Z   python-version: 3.12
2026-10-07T23:07:39.3822217Z   check-latest: false
2026-10-07T23:07:39.3824583Z   token: ***
2026-10-07T23:07:39.3824884Z   update-environment: true
2026-10-07T23:07:39.3825343Z   allow-prereleases: false
2026-10-07T23:07:39.3825636Z   freethreaded: false
2026-10-07T23:07:39.3825893Z env:
2026-10-07T23:07:39.3826136Z   OPENBLAS_NUM_THREADS: 1
2026-10-07T23:07:39.3826438Z   OMP_NUM_THREADS: 1
2026-10-07T23:07:39.3826734Z   PYTEST_DISABLE_PLUGIN_AUTOLOAD: 1
2026-10-07T23:07:39.3827031Z ##[endgroup]
2026-10-07T23:07:39.4989951Z ##[group]Installed versions
2026-10-07T23:07:39.5071286Z (node:2174) [DEP0040] DeprecationWarning: The `punycode` module is deprecated. Please use a userland alternative instead.
2026-10-07T23:07:39.5072367Z (Use `node --trace-deprecation ...` to show where the warning was created)
2026-10-07T23:07:39.5073106Z Successfully set up CPython (3.12.14)
2026-10-07T23:07:39.5074162Z ##[endgroup]
2026-10-07T23:07:39.5183797Z ##[group]Run python -m pip install numpy==2.5.3 scipy==1.18.1 sympy==1.14.0 networkx==3.6.1 pytest
2026-10-07T23:07:39.5184520Z [36;1mpython -m pip install numpy==2.5.3 scipy==1.18.1 sympy==1.14.0 networkx==3.6.1 pytest[0m
2026-10-07T23:07:39.5370527Z shell: /usr/bin/bash -e {0}
2026-10-07T23:07:39.5370897Z env:
2026-10-07T23:07:39.5371162Z   OPENBLAS_NUM_THREADS: 1
2026-10-07T23:07:39.5371478Z   OMP_NUM_THREADS: 1
2026-10-07T23:07:39.5371762Z   PYTEST_DISABLE_PLUGIN_AUTOLOAD: 1
2026-10-07T23:07:39.5372123Z   pythonLocation: /opt/hostedtoolcache/Python/3.12.14/x64
2026-10-07T23:07:39.5372592Z   PKG_CONFIG_PATH: /opt/hostedtoolcache/Python/3.12.14/x64/lib/pkgconfig
2026-10-07T23:07:39.5373015Z   Python_ROOT_DIR: /opt/hostedtoolcache/Python/3.12.14/x64
2026-10-07T23:07:39.5373733Z   Python2_ROOT_DIR: /opt/hostedtoolcache/Python/3.12.14/x64
2026-10-07T23:07:39.5374162Z   Python3_ROOT_DIR: /opt/hostedtoolcache/Python/3.12.14/x64
2026-10-07T23:07:39.5374756Z   LD_LIBRARY_PATH: /opt/hostedtoolcache/Python/3.12.14/x64/lib
2026-10-07T23:07:39.5375099Z ##[endgroup]
2026-10-07T23:07:40.6269857Z Collecting numpy==2.5.3
2026-10-07T23:07:40.6952265Z   Downloading numpy-2.5.3-cp312-cp312-manylinux_2_27_x86_64.manylinux_2_28_x86_64.whl.metadata (6.6 kB)
2026-10-07T23:07:40.8150240Z Collecting scipy==1.18.1
2026-10-07T23:07:40.8251764Z   Downloading scipy-1.18.1-cp312-cp312-manylinux_2_27_x86_64.manylinux_2_28_x86_64.whl.metadata (62 kB)
2026-10-07T23:07:40.8729347Z Collecting sympy==1.14.0
2026-10-07T23:07:40.8830163Z   Downloading sympy-1.14.0-py3-none-any.whl.metadata (12 kB)
2026-10-07T23:07:40.9108095Z Collecting networkx==3.6.1
2026-10-07T23:07:40.9206246Z   Downloading networkx-3.6.1-py3-none-any.whl.metadata (6.8 kB)
2026-10-07T23:07:40.9584366Z Collecting pytest
2026-10-07T23:07:40.9682911Z   Downloading pytest-9.1.1-py3-none-any.whl.metadata (7.6 kB)
2026-10-07T23:07:40.9927339Z Collecting mpmath<1.4,>=1.1.0 (from sympy==1.14.0)
2026-10-07T23:07:41.0025751Z   Downloading mpmath-1.3.0-py3-none-any.whl.metadata (8.6 kB)
2026-10-07T23:07:41.0227370Z Collecting iniconfig>=1.0.1 (from pytest)
2026-10-07T23:07:41.0324458Z   Downloading iniconfig-2.3.1-py3-none-any.whl.metadata (2.8 kB)
2026-10-07T23:07:41.0559124Z Collecting packaging>=22 (from pytest)
2026-10-07T23:07:41.0655942Z   Downloading packaging-26.3-py3-none-any.whl.metadata (3.5 kB)
2026-10-07T23:07:41.0854604Z Collecting pluggy<2,>=1.5 (from pytest)
2026-10-07T23:07:41.0951507Z   Downloading pluggy-1.6.0-py3-none-any.whl.metadata (4.8 kB)
2026-10-07T23:07:41.1190386Z Collecting pygments>=2.7.2 (from pytest)
2026-10-07T23:07:41.1287952Z   Downloading pygments-2.21.0-py3-none-any.whl.metadata (2.5 kB)
2026-10-07T23:07:41.1422031Z Downloading numpy-2.5.3-cp312-cp312-manylinux_2_27_x86_64.manylinux_2_28_x86_64.whl (16.7 MB)
2026-10-07T23:07:41.7054868Z    ━━━━━━━━━━━━━━━━━━━━━━━━━━━━━━━━━━━━━━━━ 16.7/16.7 MB 31.1 MB/s  0:00:00
2026-10-07T23:07:41.7157551Z Downloading scipy-1.18.1-cp312-cp312-manylinux_2_27_x86_64.manylinux_2_28_x86_64.whl (35.3 MB)
2026-10-07T23:07:42.0870204Z    ━━━━━━━━━━━━━━━━━━━━━━━━━━━━━━━━━━━━━━━━ 35.3/35.3 MB 95.2 MB/s  0:00:00
2026-10-07T23:07:42.0975821Z Downloading sympy-1.14.0-py3-none-any.whl (6.3 MB)
2026-10-07T23:07:42.1436733Z    ━━━━━━━━━━━━━━━━━━━━━━━━━━━━━━━━━━━━━━━━ 6.3/6.3 MB 136.6 MB/s  0:00:00
2026-10-07T23:07:42.1535694Z Downloading networkx-3.6.1-py3-none-any.whl (2.1 MB)
2026-10-07T23:07:42.1628576Z    ━━━━━━━━━━━━━━━━━━━━━━━━━━━━━━━━━━━━━━━━ 2.1/2.1 MB 241.3 MB/s  0:00:00
2026-10-07T23:07:42.1727540Z Downloading mpmath-1.3.0-py3-none-any.whl (536 kB)
2026-10-07T23:07:42.1770274Z    ━━━━━━━━━━━━━━━━━━━━━━━━━━━━━━━━━━━━━━━━ 536.2/536.2 kB 116.1 MB/s  0:00:00
2026-10-07T23:07:42.1871257Z Downloading pytest-9.1.1-py3-none-any.whl (386 kB)
2026-10-07T23:07:42.1996095Z Downloading pluggy-1.6.0-py3-none-any.whl (20 kB)
2026-10-07T23:07:42.2110686Z Downloading iniconfig-2.3.1-py3-none-any.whl (7.6 kB)
2026-10-07T23:07:42.2227091Z Downloading packaging-26.3-py3-none-any.whl (129 kB)
2026-10-07T23:07:42.2358766Z Downloading pygments-2.21.0-py3-none-any.whl (1.3 MB)
2026-10-07T23:07:42.2418649Z    ━━━━━━━━━━━━━━━━━━━━━━━━━━━━━━━━━━━━━━━━ 1.3/1.3 MB 237.4 MB/s  0:00:00
2026-10-07T23:07:42.4056989Z Installing collected packages: mpmath, sympy, pygments, pluggy, packaging, numpy, networkx, iniconfig, scipy, pytest
2026-10-07T23:07:53.7654183Z 
2026-10-07T23:07:53.7665936Z Successfully installed iniconfig-2.3.1 mpmath-1.3.0 networkx-3.6.1 numpy-2.5.3 packaging-26.3 pluggy-1.6.0 pygments-2.21.0 pytest-9.1.1 scipy-1.18.1 sympy-1.14.0
2026-10-07T23:07:53.8340771Z ##[group]Run python -m pytest --noconftest -q tests/test_w33_pass11664_11671_kernel_dynamics.py
2026-10-07T23:07:53.8341432Z [36;1mpython -m pytest --noconftest -q tests/test_w33_pass11664_11671_kernel_dynamics.py[0m
2026-10-07T23:07:53.8382631Z shell: /usr/bin/bash -e {0}
2026-10-07T23:07:53.8383031Z env:
2026-10-07T23:07:53.8383448Z   OPENBLAS_NUM_THREADS: 1
2026-10-07T23:07:53.8383787Z   OMP_NUM_THREADS: 1
2026-10-07T23:07:53.8384152Z   PYTEST_DISABLE_PLUGIN_AUTOLOAD: 1
2026-10-07T23:07:53.8384547Z   pythonLocation: /opt/hostedtoolcache/Python/3.12.14/x64
2026-10-07T23:07:53.8385016Z   PKG_CONFIG_PATH: /opt/hostedtoolcache/Python/3.12.14/x64/lib/pkgconfig
2026-10-07T23:07:53.8385521Z   Python_ROOT_DIR: /opt/hostedtoolcache/Python/3.12.14/x64
2026-10-07T23:07:53.8385964Z   Python2_ROOT_DIR: /opt/hostedtoolcache/Python/3.12.14/x64
2026-10-07T23:07:53.8386415Z   Python3_ROOT_DIR: /opt/hostedtoolcache/Python/3.12.14/x64
2026-10-07T23:07:53.8386928Z   LD_LIBRARY_PATH: /opt/hostedtoolcache/Python/3.12.14/x64/lib
2026-10-07T23:07:53.8387309Z ##[endgroup]
2026-10-07T23:07:57.9263847Z ................                                                         [100%]
2026-10-07T23:07:57.9264702Z 16 passed in 3.77s
2026-10-07T23:07:58.0588870Z ##[group]Run python analysis/w33_pass11664_11671_kernel_dynamics.py
2026-10-07T23:07:58.0589401Z [36;1mpython analysis/w33_pass11664_11671_kernel_dynamics.py[0m
2026-10-07T23:07:58.0626038Z shell: /usr/bin/bash -e {0}
2026-10-07T23:07:58.0626445Z env:
2026-10-07T23:07:58.0626717Z   OPENBLAS_NUM_THREADS: 1
2026-10-07T23:07:58.0627018Z   OMP_NUM_THREADS: 1
2026-10-07T23:07:58.0627343Z   PYTEST_DISABLE_PLUGIN_AUTOLOAD: 1
2026-10-07T23:07:58.0627702Z   pythonLocation: /opt/hostedtoolcache/Python/3.12.14/x64
2026-10-07T23:07:58.0628647Z   PKG_CONFIG_PATH: /opt/hostedtoolcache/Python/3.12.14/x64/lib/pkgconfig
2026-10-07T23:07:58.0629117Z   Python_ROOT_DIR: /opt/hostedtoolcache/Python/3.12.14/x64
2026-10-07T23:07:58.0629506Z   Python2_ROOT_DIR: /opt/hostedtoolcache/Python/3.12.14/x64
2026-10-07T23:07:58.0629928Z   Python3_ROOT_DIR: /opt/hostedtoolcache/Python/3.12.14/x64
2026-10-07T23:07:58.0630322Z   LD_LIBRARY_PATH: /opt/hostedtoolcache/Python/3.12.14/x64/lib
2026-10-07T23:07:58.0630786Z ##[endgroup]
2026-10-07T23:08:00.0583709Z 11664 PASS
2026-10-07T23:08:00.8051682Z 11665 PASS
2026-10-07T23:08:02.3057772Z 11666 PASS
2026-10-07T23:08:02.3638512Z 11667 PASS
2026-10-07T23:08:02.3639017Z 11668 PASS
2026-10-07T23:08:02.3639838Z 11669 PASS
2026-10-07T23:08:02.3641690Z 11670 PASS
2026-10-07T23:08:03.0368137Z 11671 PASS
2026-10-07T23:08:03.2166288Z ##[group]Run python -m pytest --noconftest -q tests/test_w33_pass11664_11671_kernel_dynamics.py
2026-10-07T23:08:03.2166896Z [36;1mpython -m pytest --noconftest -q tests/test_w33_pass11664_11671_kernel_dynamics.py[0m
2026-10-07T23:08:03.2209002Z shell: /usr/bin/bash -e {0}
2026-10-07T23:08:03.2209377Z env:
2026-10-07T23:08:03.2209671Z   OPENBLAS_NUM_THREADS: 1
2026-10-07T23:08:03.2209955Z   OMP_NUM_THREADS: 1
2026-10-07T23:08:03.2210275Z   PYTEST_DISABLE_PLUGIN_AUTOLOAD: 1
2026-10-07T23:08:03.2210645Z   pythonLocation: /opt/hostedtoolcache/Python/3.12.14/x64
2026-10-07T23:08:03.2211095Z   PKG_CONFIG_PATH: /opt/hostedtoolcache/Python/3.12.14/x64/lib/pkgconfig
2026-10-07T23:08:03.2211538Z   Python_ROOT_DIR: /opt/hostedtoolcache/Python/3.12.14/x64
2026-10-07T23:08:03.2211907Z   Python2_ROOT_DIR: /opt/hostedtoolcache/Python/3.12.14/x64
2026-10-07T23:08:03.2212361Z   Python3_ROOT_DIR: /opt/hostedtoolcache/Python/3.12.14/x64
2026-10-07T23:08:03.2212832Z   LD_LIBRARY_PATH: /opt/hostedtoolcache/Python/3.12.14/x64/lib
2026-10-07T23:08:03.2213196Z ##[endgroup]
2026-10-07T23:08:07.0225760Z ................                                                         [100%]
2026-10-07T23:08:07.0226392Z 16 passed in 3.59s
2026-10-07T23:08:07.1614787Z Post job cleanup.
2026-10-07T23:08:07.2632650Z (node:2222) [DEP0040] DeprecationWarning: The `punycode` module is deprecated. Please use a userland alternative instead.
2026-10-07T23:08:07.2633461Z (Use `node --trace-deprecation ...` to show where the warning was created)
2026-10-07T23:08:07.2799584Z Post job cleanup.
2026-10-07T23:08:07.3564727Z [command]/usr/bin/git version
2026-10-07T23:08:07.3604920Z git version 2.55.0
2026-10-07T23:08:07.3640198Z Temporarily overriding HOME='/home/runner/work/_temp/bba8a486-074b-4ae5-8867-26cc117d5bdd' before making global git config changes
2026-10-07T23:08:07.3641216Z Adding repository directory to the temporary git global config as a safe directory
2026-10-07T23:08:07.3646414Z [command]/usr/bin/git config --global --add safe.directory /home/runner/work/W33-Theory/W33-Theory
2026-10-07T23:08:07.3683807Z [command]/usr/bin/git config --local --name-only --get-regexp core\.sshCommand
2026-10-07T23:08:07.3715040Z [command]/usr/bin/git submodule foreach --recursive sh -c "git config --local --name-only --get-regexp 'core\.sshCommand' && git config --local --unset-all 'core.sshCommand' || :"
2026-10-07T23:08:07.3934213Z [command]/usr/bin/git config --local --name-only --get-regexp http\.https\:\/\/github\.com\/\.extraheader
2026-10-07T23:08:07.3964929Z http.https://github.com/.extraheader
2026-10-07T23:08:07.3966387Z [command]/usr/bin/git config --local --unset-all http.https://github.com/.extraheader
2026-10-07T23:08:07.3997725Z [command]/usr/bin/git submodule foreach --recursive sh -c "git config --local --name-only --get-regexp 'http\.https\:\/\/github\.com\/\.extraheader' && git config --local --unset-all 'http.https://github.com/.extraheader' || :"
2026-10-07T23:08:07.4203376Z [command]/usr/bin/git config --local --name-only --get-regexp ^includeIf\.gitdir:
2026-10-07T23:08:07.4233371Z [command]/usr/bin/git submodule foreach --recursive git config --local --show-origin --name-only --get-regexp remote.origin.url
2026-10-07T23:08:07.4567570Z Cleaning up orphan processes
2026-10-07T23:08:07.4774512Z ##[warning]Node.js 20 is deprecated. The following actions target Node.js 20 but are being forced to run on Node.js 24: actions/checkout@v4, actions/setup-python@v5. For more information see: https://github.blog/changelog/2025-09-19-deprecation-of-node-20-on-github-actions-runners/
