2026-10-07T16:45:54.1998760Z Current runner version: '2.337.0'
2026-10-07T16:45:54.2025426Z ##[group]Runner Image Provisioner
2026-10-07T16:45:54.2026657Z Hosted Compute Agent
2026-10-07T16:45:54.2027288Z Version: 20260901.588
2026-10-07T16:45:54.2028021Z Commit: f88ec8081b781fac6c440065ac7ff9e710ce3d0b
2026-10-07T16:45:54.2028792Z Build Date: 2026-09-01T19:56:44Z
2026-10-07T16:45:54.2029544Z Worker ID: {098a551f-7629-4dd6-94f2-1713678e93bd}
2026-10-07T16:45:54.2030384Z Azure Region: northcentralus
2026-10-07T16:45:54.2031023Z ##[endgroup]
2026-10-07T16:45:54.2032486Z ##[group]Operating System
2026-10-07T16:45:54.2033141Z Ubuntu
2026-10-07T16:45:54.2033735Z 24.04.5
2026-10-07T16:45:54.2034337Z LTS
2026-10-07T16:45:54.2034887Z ##[endgroup]
2026-10-07T16:45:54.2035447Z ##[group]Runner Image
2026-10-07T16:45:54.2036416Z Image: ubuntu-24.04
2026-10-07T16:45:54.2037068Z Version: 20260927.320.1
2026-10-07T16:45:54.2038472Z Included Software: https://github.com/actions/runner-images/blob/ubuntu24/20260927.320/images/ubuntu/Ubuntu2404-Readme.md
2026-10-07T16:45:54.2040405Z Image Release: https://github.com/actions/runner-images/releases/tag/ubuntu24%2F20260927.320
2026-10-07T16:45:54.2041501Z ##[endgroup]
2026-10-07T16:45:54.2042780Z ##[group]GITHUB_TOKEN Permissions
2026-10-07T16:45:54.2045086Z Contents: read
2026-10-07T16:45:54.2045710Z Metadata: read
2026-10-07T16:45:54.2046608Z Packages: read
2026-10-07T16:45:54.2047236Z ##[endgroup]
2026-10-07T16:45:54.2049352Z Secret source: Actions
2026-10-07T16:45:54.2050448Z Cache mode: write
2026-10-07T16:45:54.2051392Z Prepare workflow directory
2026-10-07T16:45:54.2550799Z Prepare all required actions
2026-10-07T16:45:54.2620158Z Getting action download info
2026-10-07T16:45:54.5322819Z Download action repository 'actions/checkout@v4' (SHA:11d5960a326750d5838078e36cf38b85af677262)
2026-10-07T16:45:54.6102582Z Download action repository 'actions/setup-python@v5' (SHA:a26af69be951a213d495a4c3e4e4022e16d87065)
2026-10-07T16:45:54.7958457Z Complete job name: verify
2026-10-07T16:45:54.8734994Z ##[group]Run actions/checkout@v4
2026-10-07T16:45:54.8735887Z with:
2026-10-07T16:45:54.8736754Z   repository: wilcompute/W33-Theory
2026-10-07T16:45:54.8740780Z   token: ***
2026-10-07T16:45:54.8741238Z   ssh-strict: true
2026-10-07T16:45:54.8741692Z   ssh-user: git
2026-10-07T16:45:54.8742150Z   persist-credentials: true
2026-10-07T16:45:54.8742653Z   clean: true
2026-10-07T16:45:54.8743112Z   sparse-checkout-cone-mode: true
2026-10-07T16:45:54.8743641Z   fetch-depth: 1
2026-10-07T16:45:54.8744088Z   fetch-tags: false
2026-10-07T16:45:54.8744539Z   show-progress: true
2026-10-07T16:45:54.8745003Z   lfs: false
2026-10-07T16:45:54.8745426Z   submodules: false
2026-10-07T16:45:54.8745887Z   set-safe-directory: true
2026-10-07T16:45:54.8746515Z   allow-unsafe-pr-checkout: false
2026-10-07T16:45:54.8747359Z env:
2026-10-07T16:45:54.8747783Z   OPENBLAS_NUM_THREADS: 1
2026-10-07T16:45:54.8748265Z   OMP_NUM_THREADS: 1
2026-10-07T16:45:54.8749000Z   XLA_FLAGS: --xla_cpu_multi_thread_eigen=false intra_op_parallelism_threads=1
2026-10-07T16:45:54.8749794Z   PYTEST_DISABLE_PLUGIN_AUTOLOAD: 1
2026-10-07T16:45:54.8750325Z ##[endgroup]
2026-10-07T16:45:54.9798512Z Syncing repository: wilcompute/W33-Theory
2026-10-07T16:45:54.9800369Z ##[group]Getting Git version info
2026-10-07T16:45:54.9801297Z Working directory is '/home/runner/work/W33-Theory/W33-Theory'
2026-10-07T16:45:54.9802539Z [command]/usr/bin/git version
2026-10-07T16:45:54.9872323Z git version 2.55.0
2026-10-07T16:45:54.9894447Z ##[endgroup]
2026-10-07T16:45:54.9911064Z Temporarily overriding HOME='/home/runner/work/_temp/65d0bec4-f1f4-4ee4-af4f-9bd34bce176e' before making global git config changes
2026-10-07T16:45:54.9913263Z Adding repository directory to the temporary git global config as a safe directory
2026-10-07T16:45:54.9918746Z [command]/usr/bin/git config --global --add safe.directory /home/runner/work/W33-Theory/W33-Theory
2026-10-07T16:45:54.9972139Z Deleting the contents of '/home/runner/work/W33-Theory/W33-Theory'
2026-10-07T16:45:54.9976397Z ##[group]Initializing the repository
2026-10-07T16:45:54.9980738Z [command]/usr/bin/git init /home/runner/work/W33-Theory/W33-Theory
2026-10-07T16:45:55.0067771Z hint: Using 'master' as the name for the initial branch. This default branch name
2026-10-07T16:45:55.0069750Z hint: will change to "main" in Git 3.0. To configure the initial branch name
2026-10-07T16:45:55.0071453Z hint: to use in all of your new repositories, which will suppress this warning,
2026-10-07T16:45:55.0073522Z hint: call:
2026-10-07T16:45:55.0074337Z hint:
2026-10-07T16:45:55.0075334Z hint: 	git config --global init.defaultBranch <name>
2026-10-07T16:45:55.0076714Z hint:
2026-10-07T16:45:55.0077823Z hint: Names commonly chosen instead of 'master' are 'main', 'trunk' and
2026-10-07T16:45:55.0080238Z hint: 'development'. The just-created branch can be renamed via this command:
2026-10-07T16:45:55.0081623Z hint:
2026-10-07T16:45:55.0082361Z hint: 	git branch -m <name>
2026-10-07T16:45:55.0082992Z hint:
2026-10-07T16:45:55.0083834Z hint: Disable this message with "git config set advice.defaultBranchName false"
2026-10-07T16:45:55.0085570Z Initialized empty Git repository in /home/runner/work/W33-Theory/W33-Theory/.git/
2026-10-07T16:45:55.0089151Z [command]/usr/bin/git remote add origin https://github.com/wilcompute/W33-Theory
2026-10-07T16:45:55.0128181Z ##[endgroup]
2026-10-07T16:45:55.0129558Z ##[group]Disabling automatic garbage collection
2026-10-07T16:45:55.0133254Z [command]/usr/bin/git config --local gc.auto 0
2026-10-07T16:45:55.0171991Z ##[endgroup]
2026-10-07T16:45:55.0173212Z ##[group]Setting up auth
2026-10-07T16:45:55.0180136Z [command]/usr/bin/git config --local --name-only --get-regexp core\.sshCommand
2026-10-07T16:45:55.0221762Z [command]/usr/bin/git submodule foreach --recursive sh -c "git config --local --name-only --get-regexp 'core\.sshCommand' && git config --local --unset-all 'core.sshCommand' || :"
2026-10-07T16:45:55.0600776Z [command]/usr/bin/git config --local --name-only --get-regexp http\.https\:\/\/github\.com\/\.extraheader
2026-10-07T16:45:55.0643390Z [command]/usr/bin/git submodule foreach --recursive sh -c "git config --local --name-only --get-regexp 'http\.https\:\/\/github\.com\/\.extraheader' && git config --local --unset-all 'http.https://github.com/.extraheader' || :"
2026-10-07T16:45:55.0917254Z [command]/usr/bin/git config --local --name-only --get-regexp ^includeIf\.gitdir:
2026-10-07T16:45:55.0961579Z [command]/usr/bin/git submodule foreach --recursive git config --local --show-origin --name-only --get-regexp remote.origin.url
2026-10-07T16:45:55.1215004Z [command]/usr/bin/git config --local http.https://github.com/.extraheader AUTHORIZATION: basic ***
2026-10-07T16:45:55.1260841Z ##[endgroup]
2026-10-07T16:45:55.1261910Z ##[group]Fetching the repository
2026-10-07T16:45:55.1271412Z [command]/usr/bin/git -c protocol.version=2 fetch --no-tags --prune --no-recurse-submodules --depth=1 origin +c9703e70eeebe1a34e5b9d1f57bc1a656823618b:refs/remotes/origin/master
2026-10-07T16:46:06.5705730Z From https://github.com/wilcompute/W33-Theory
2026-10-07T16:46:06.5706909Z  * [new ref]           c9703e70eeebe1a34e5b9d1f57bc1a656823618b -> origin/master
2026-10-07T16:46:06.5713464Z ##[endgroup]
2026-10-07T16:46:06.5714060Z ##[group]Determining the checkout info
2026-10-07T16:46:06.5714657Z ##[endgroup]
2026-10-07T16:46:06.5717812Z [command]/usr/bin/git sparse-checkout disable
2026-10-07T16:46:06.5777802Z [command]/usr/bin/git config --local --unset-all extensions.worktreeConfig
2026-10-07T16:46:06.5818583Z ##[group]Checking out the ref
2026-10-07T16:46:06.5824172Z [command]/usr/bin/git checkout --progress --force -B master refs/remotes/origin/master
2026-10-07T16:46:07.6234498Z Updating files:  30% (10169/33447)
2026-10-07T16:46:07.6483858Z Updating files:  31% (10369/33447)
2026-10-07T16:46:07.6726745Z Updating files:  32% (10704/33447)
2026-10-07T16:46:07.7791755Z Updating files:  33% (11038/33447)
2026-10-07T16:46:07.8115159Z Updating files:  34% (11372/33447)
2026-10-07T16:46:07.8639011Z Updating files:  35% (11707/33447)
2026-10-07T16:46:07.9218346Z Updating files:  36% (12041/33447)
2026-10-07T16:46:07.9517622Z Updating files:  37% (12376/33447)
2026-10-07T16:46:07.9858833Z Updating files:  38% (12710/33447)
2026-10-07T16:46:08.1154970Z Updating files:  39% (13045/33447)
2026-10-07T16:46:10.3992225Z Updating files:  40% (13379/33447)
2026-10-07T16:46:10.4015409Z Updating files:  40% (13692/33447)
2026-10-07T16:46:10.4254807Z Updating files:  41% (13714/33447)
2026-10-07T16:46:10.4379090Z Updating files:  42% (14048/33447)
2026-10-07T16:46:10.4616061Z Updating files:  43% (14383/33447)
2026-10-07T16:46:10.4799957Z Updating files:  44% (14717/33447)
2026-10-07T16:46:10.4970375Z Updating files:  45% (15052/33447)
2026-10-07T16:46:10.5119492Z Updating files:  46% (15386/33447)
2026-10-07T16:46:10.5266541Z Updating files:  47% (15721/33447)
2026-10-07T16:46:10.5467674Z Updating files:  48% (16055/33447)
2026-10-07T16:46:10.5622577Z Updating files:  49% (16390/33447)
2026-10-07T16:46:10.5787665Z Updating files:  50% (16724/33447)
2026-10-07T16:46:10.5936466Z Updating files:  51% (17058/33447)
2026-10-07T16:46:10.6096714Z Updating files:  52% (17393/33447)
2026-10-07T16:46:10.6209060Z Updating files:  52% (17586/33447)
2026-10-07T16:46:10.6410060Z Updating files:  53% (17727/33447)
2026-10-07T16:46:10.8827337Z Updating files:  54% (18062/33447)
2026-10-07T16:46:10.9036300Z Updating files:  55% (18396/33447)
2026-10-07T16:46:10.9450136Z Updating files:  56% (18731/33447)
2026-10-07T16:46:11.1378332Z Updating files:  57% (19065/33447)
2026-10-07T16:46:11.1548182Z Updating files:  58% (19400/33447)
2026-10-07T16:46:11.1744036Z Updating files:  59% (19734/33447)
2026-10-07T16:46:11.1943358Z Updating files:  60% (20069/33447)
2026-10-07T16:46:11.2095378Z Updating files:  61% (20403/33447)
2026-10-07T16:46:11.2287051Z Updating files:  62% (20738/33447)
2026-10-07T16:46:11.2540373Z Updating files:  63% (21072/33447)
2026-10-07T16:46:11.2924473Z Updating files:  64% (21407/33447)
2026-10-07T16:46:11.3287416Z Updating files:  65% (21741/33447)
2026-10-07T16:46:11.3570357Z Updating files:  66% (22076/33447)
2026-10-07T16:46:11.3841289Z Updating files:  67% (22410/33447)
2026-10-07T16:46:11.4070591Z Updating files:  68% (22744/33447)
2026-10-07T16:46:11.6428335Z Updating files:  69% (23079/33447)
2026-10-07T16:46:11.6456498Z Updating files:  69% (23364/33447)
2026-10-07T16:46:11.6784105Z Updating files:  70% (23413/33447)
2026-10-07T16:46:11.6977524Z Updating files:  71% (23748/33447)
2026-10-07T16:46:11.7171049Z Updating files:  72% (24082/33447)
2026-10-07T16:46:11.7341943Z Updating files:  73% (24417/33447)
2026-10-07T16:46:11.7504698Z Updating files:  74% (24751/33447)
2026-10-07T16:46:11.7669839Z Updating files:  75% (25086/33447)
2026-10-07T16:46:11.7903817Z Updating files:  76% (25420/33447)
2026-10-07T16:46:11.8426051Z Updating files:  77% (25755/33447)
2026-10-07T16:46:11.8662684Z Updating files:  78% (26089/33447)
2026-10-07T16:46:11.8863465Z Updating files:  79% (26424/33447)
2026-10-07T16:46:11.9048227Z Updating files:  80% (26758/33447)
2026-10-07T16:46:11.9335736Z Updating files:  81% (27093/33447)
2026-10-07T16:46:11.9570382Z Updating files:  82% (27427/33447)
2026-10-07T16:46:11.9743280Z Updating files:  83% (27762/33447)
2026-10-07T16:46:11.9925784Z Updating files:  84% (28096/33447)
2026-10-07T16:46:12.0165231Z Updating files:  85% (28430/33447)
2026-10-07T16:46:12.0390796Z Updating files:  86% (28765/33447)
2026-10-07T16:46:12.0590221Z Updating files:  87% (29099/33447)
2026-10-07T16:46:12.0807120Z Updating files:  88% (29434/33447)
2026-10-07T16:46:12.0984667Z Updating files:  89% (29768/33447)
2026-10-07T16:46:12.1144036Z Updating files:  90% (30103/33447)
2026-10-07T16:46:12.1301153Z Updating files:  91% (30437/33447)
2026-10-07T16:46:12.1462083Z Updating files:  92% (30772/33447)
2026-10-07T16:46:12.1638650Z Updating files:  93% (31106/33447)
2026-10-07T16:46:12.1887241Z Updating files:  94% (31441/33447)
2026-10-07T16:46:12.2097833Z Updating files:  95% (31775/33447)
2026-10-07T16:46:12.2301853Z Updating files:  96% (32110/33447)
2026-10-07T16:46:12.2484363Z Updating files:  97% (32444/33447)
2026-10-07T16:46:12.2728970Z Updating files:  98% (32779/33447)
2026-10-07T16:46:12.3306036Z Updating files:  99% (33113/33447)
2026-10-07T16:46:12.3306826Z Updating files: 100% (33447/33447)
2026-10-07T16:46:12.3307519Z Updating files: 100% (33447/33447), done.
2026-10-07T16:46:12.3620813Z Reset branch 'master'
2026-10-07T16:46:12.3626978Z branch 'master' set up to track 'origin/master'.
2026-10-07T16:46:12.4619356Z ##[endgroup]
2026-10-07T16:46:12.4674036Z [command]/usr/bin/git log -1 --format=%H
2026-10-07T16:46:12.4715628Z c9703e70eeebe1a34e5b9d1f57bc1a656823618b
2026-10-07T16:46:12.5079148Z ##[group]Run actions/setup-python@v5
2026-10-07T16:46:12.5079595Z with:
2026-10-07T16:46:12.5079891Z   python-version: 3.12
2026-10-07T16:46:12.5080235Z   check-latest: false
2026-10-07T16:46:12.5084617Z   token: ***
2026-10-07T16:46:12.5084981Z   update-environment: true
2026-10-07T16:46:12.5085376Z   allow-prereleases: false
2026-10-07T16:46:12.5085758Z   freethreaded: false
2026-10-07T16:46:12.5086361Z env:
2026-10-07T16:46:12.5086672Z   OPENBLAS_NUM_THREADS: 1
2026-10-07T16:46:12.5087037Z   OMP_NUM_THREADS: 1
2026-10-07T16:46:12.5087577Z   XLA_FLAGS: --xla_cpu_multi_thread_eigen=false intra_op_parallelism_threads=1
2026-10-07T16:46:12.5088221Z   PYTEST_DISABLE_PLUGIN_AUTOLOAD: 1
2026-10-07T16:46:12.5088635Z ##[endgroup]
2026-10-07T16:46:12.6506059Z ##[group]Installed versions
2026-10-07T16:46:12.6600922Z (node:2346) [DEP0040] DeprecationWarning: The `punycode` module is deprecated. Please use a userland alternative instead.
2026-10-07T16:46:12.6601847Z (Use `node --trace-deprecation ...` to show where the warning was created)
2026-10-07T16:46:12.6602493Z Successfully set up CPython (3.12.14)
2026-10-07T16:46:12.6603321Z ##[endgroup]
2026-10-07T16:46:12.6771424Z ##[group]Run python -m pip install numpy==2.5.3 scipy==1.18.1 jax==0.11.2 sympy==1.14.0 networkx==3.6.1 pytest
2026-10-07T16:46:12.6772247Z [36;1mpython -m pip install numpy==2.5.3 scipy==1.18.1 jax==0.11.2 sympy==1.14.0 networkx==3.6.1 pytest[0m
2026-10-07T16:46:12.7063566Z shell: /usr/bin/bash -e {0}
2026-10-07T16:46:12.7063876Z env:
2026-10-07T16:46:12.7064139Z   OPENBLAS_NUM_THREADS: 1
2026-10-07T16:46:12.7064572Z   OMP_NUM_THREADS: 1
2026-10-07T16:46:12.7064958Z   XLA_FLAGS: --xla_cpu_multi_thread_eigen=false intra_op_parallelism_threads=1
2026-10-07T16:46:12.7065398Z   PYTEST_DISABLE_PLUGIN_AUTOLOAD: 1
2026-10-07T16:46:12.7065743Z   pythonLocation: /opt/hostedtoolcache/Python/3.12.14/x64
2026-10-07T16:46:12.7066324Z   PKG_CONFIG_PATH: /opt/hostedtoolcache/Python/3.12.14/x64/lib/pkgconfig
2026-10-07T16:46:12.7066759Z   Python_ROOT_DIR: /opt/hostedtoolcache/Python/3.12.14/x64
2026-10-07T16:46:12.7067142Z   Python2_ROOT_DIR: /opt/hostedtoolcache/Python/3.12.14/x64
2026-10-07T16:46:12.7067628Z   Python3_ROOT_DIR: /opt/hostedtoolcache/Python/3.12.14/x64
2026-10-07T16:46:12.7068019Z   LD_LIBRARY_PATH: /opt/hostedtoolcache/Python/3.12.14/x64/lib
2026-10-07T16:46:12.7068360Z ##[endgroup]
2026-10-07T16:46:14.3237349Z Collecting numpy==2.5.3
2026-10-07T16:46:14.3861210Z   Downloading numpy-2.5.3-cp312-cp312-manylinux_2_27_x86_64.manylinux_2_28_x86_64.whl.metadata (6.6 kB)
2026-10-07T16:46:14.4983590Z Collecting scipy==1.18.1
2026-10-07T16:46:14.5021333Z   Downloading scipy-1.18.1-cp312-cp312-manylinux_2_27_x86_64.manylinux_2_28_x86_64.whl.metadata (62 kB)
2026-10-07T16:46:14.5441126Z Collecting jax==0.11.2
2026-10-07T16:46:14.5477124Z   Downloading jax-0.11.2-py3-none-any.whl.metadata (13 kB)
2026-10-07T16:46:14.5644651Z Collecting sympy==1.14.0
2026-10-07T16:46:14.5679155Z   Downloading sympy-1.14.0-py3-none-any.whl.metadata (12 kB)
2026-10-07T16:46:14.5881656Z Collecting networkx==3.6.1
2026-10-07T16:46:14.5922989Z   Downloading networkx-3.6.1-py3-none-any.whl.metadata (6.8 kB)
2026-10-07T16:46:14.6224759Z Collecting pytest
2026-10-07T16:46:14.6262202Z   Downloading pytest-9.1.1-py3-none-any.whl.metadata (7.6 kB)
2026-10-07T16:46:14.6713390Z Collecting jaxlib<=0.11.2,>=0.11.2 (from jax==0.11.2)
2026-10-07T16:46:14.6753643Z   Downloading jaxlib-0.11.2-cp312-cp312-manylinux_2_27_x86_64.whl.metadata (1.3 kB)
2026-10-07T16:46:14.6991794Z Collecting ml_dtypes>=0.5.0 (from jax==0.11.2)
2026-10-07T16:46:14.7028789Z   Downloading ml_dtypes-0.6.0-cp312-cp312-manylinux_2_27_x86_64.manylinux_2_28_x86_64.whl.metadata (8.8 kB)
2026-10-07T16:46:14.7171151Z Collecting opt_einsum (from jax==0.11.2)
2026-10-07T16:46:14.7207219Z   Downloading opt_einsum-3.4.0-py3-none-any.whl.metadata (6.3 kB)
2026-10-07T16:46:14.7349311Z Collecting mpmath<1.4,>=1.1.0 (from sympy==1.14.0)
2026-10-07T16:46:14.7387006Z   Downloading mpmath-1.3.0-py3-none-any.whl.metadata (8.6 kB)
2026-10-07T16:46:14.7527127Z Collecting iniconfig>=1.0.1 (from pytest)
2026-10-07T16:46:14.7562020Z   Downloading iniconfig-2.3.1-py3-none-any.whl.metadata (2.8 kB)
2026-10-07T16:46:14.7708367Z Collecting packaging>=22 (from pytest)
2026-10-07T16:46:14.7747135Z   Downloading packaging-26.3-py3-none-any.whl.metadata (3.5 kB)
2026-10-07T16:46:14.7871775Z Collecting pluggy<2,>=1.5 (from pytest)
2026-10-07T16:46:14.7907454Z   Downloading pluggy-1.6.0-py3-none-any.whl.metadata (4.8 kB)
2026-10-07T16:46:14.8086048Z Collecting pygments>=2.7.2 (from pytest)
2026-10-07T16:46:14.8124054Z   Downloading pygments-2.21.0-py3-none-any.whl.metadata (2.5 kB)
2026-10-07T16:46:14.8215267Z Downloading numpy-2.5.3-cp312-cp312-manylinux_2_27_x86_64.manylinux_2_28_x86_64.whl (16.7 MB)
2026-10-07T16:46:14.9118213Z    ━━━━━━━━━━━━━━━━━━━━━━━━━━━━━━━━━━━━━━━━ 16.7/16.7 MB 197.3 MB/s  0:00:00
2026-10-07T16:46:14.9165314Z Downloading scipy-1.18.1-cp312-cp312-manylinux_2_27_x86_64.manylinux_2_28_x86_64.whl (35.3 MB)
2026-10-07T16:46:15.0425028Z    ━━━━━━━━━━━━━━━━━━━━━━━━━━━━━━━━━━━━━━━━ 35.3/35.3 MB 285.0 MB/s  0:00:00
2026-10-07T16:46:15.0483229Z Downloading jax-0.11.2-py3-none-any.whl (3.3 MB)
2026-10-07T16:46:15.0660948Z    ━━━━━━━━━━━━━━━━━━━━━━━━━━━━━━━━━━━━━━━━ 3.3/3.3 MB 208.6 MB/s  0:00:00
2026-10-07T16:46:15.0726601Z Downloading sympy-1.14.0-py3-none-any.whl (6.3 MB)
2026-10-07T16:46:15.1045459Z    ━━━━━━━━━━━━━━━━━━━━━━━━━━━━━━━━━━━━━━━━ 6.3/6.3 MB 211.1 MB/s  0:00:00
2026-10-07T16:46:15.1085309Z Downloading networkx-3.6.1-py3-none-any.whl (2.1 MB)
2026-10-07T16:46:15.1216897Z    ━━━━━━━━━━━━━━━━━━━━━━━━━━━━━━━━━━━━━━━━ 2.1/2.1 MB 185.9 MB/s  0:00:00
2026-10-07T16:46:15.1263407Z Downloading jaxlib-0.11.2-cp312-cp312-manylinux_2_27_x86_64.whl (89.9 MB)
2026-10-07T16:46:15.9951340Z    ━━━━━━━━━━━━━━━━━━━━━━━━━━━━━━━━━━━━━━━━ 89.9/89.9 MB 103.5 MB/s  0:00:00
2026-10-07T16:46:15.9987650Z Downloading mpmath-1.3.0-py3-none-any.whl (536 kB)
2026-10-07T16:46:16.0049062Z    ━━━━━━━━━━━━━━━━━━━━━━━━━━━━━━━━━━━━━━━━ 536.2/536.2 kB 75.5 MB/s  0:00:00
2026-10-07T16:46:16.0084923Z Downloading pytest-9.1.1-py3-none-any.whl (386 kB)
2026-10-07T16:46:16.0149870Z Downloading pluggy-1.6.0-py3-none-any.whl (20 kB)
2026-10-07T16:46:16.0201409Z Downloading iniconfig-2.3.1-py3-none-any.whl (7.6 kB)
2026-10-07T16:46:16.0267388Z Downloading ml_dtypes-0.6.0-cp312-cp312-manylinux_2_27_x86_64.manylinux_2_28_x86_64.whl (409 kB)
2026-10-07T16:46:16.0344310Z Downloading packaging-26.3-py3-none-any.whl (129 kB)
2026-10-07T16:46:16.0400209Z Downloading pygments-2.21.0-py3-none-any.whl (1.3 MB)
2026-10-07T16:46:16.0491613Z    ━━━━━━━━━━━━━━━━━━━━━━━━━━━━━━━━━━━━━━━━ 1.3/1.3 MB 164.4 MB/s  0:00:00
2026-10-07T16:46:16.0526691Z Downloading opt_einsum-3.4.0-py3-none-any.whl (71 kB)
2026-10-07T16:46:16.3499350Z Installing collected packages: mpmath, sympy, pygments, pluggy, packaging, opt_einsum, numpy, networkx, iniconfig, scipy, pytest, ml_dtypes, jaxlib, jax
2026-10-07T16:46:38.4012350Z 
2026-10-07T16:46:38.4032241Z Successfully installed iniconfig-2.3.1 jax-0.11.2 jaxlib-0.11.2 ml_dtypes-0.6.0 mpmath-1.3.0 networkx-3.6.1 numpy-2.5.3 opt_einsum-3.4.0 packaging-26.3 pluggy-1.6.0 pygments-2.21.0 pytest-9.1.1 scipy-1.18.1 sympy-1.14.0
2026-10-07T16:46:38.5415142Z ##[group]Run python -m pytest --noconftest -q tests/test_w33_pass11631_11635_physical_interfaces.py
2026-10-07T16:46:38.5415859Z [36;1mpython -m pytest --noconftest -q tests/test_w33_pass11631_11635_physical_interfaces.py[0m
2026-10-07T16:46:38.5490592Z shell: /usr/bin/bash -e {0}
2026-10-07T16:46:38.5490891Z env:
2026-10-07T16:46:38.5491128Z   OPENBLAS_NUM_THREADS: 1
2026-10-07T16:46:38.5491377Z   OMP_NUM_THREADS: 1
2026-10-07T16:46:38.5491737Z   XLA_FLAGS: --xla_cpu_multi_thread_eigen=false intra_op_parallelism_threads=1
2026-10-07T16:46:38.5492152Z   PYTEST_DISABLE_PLUGIN_AUTOLOAD: 1
2026-10-07T16:46:38.5492489Z   pythonLocation: /opt/hostedtoolcache/Python/3.12.14/x64
2026-10-07T16:46:38.5492927Z   PKG_CONFIG_PATH: /opt/hostedtoolcache/Python/3.12.14/x64/lib/pkgconfig
2026-10-07T16:46:38.5493359Z   Python_ROOT_DIR: /opt/hostedtoolcache/Python/3.12.14/x64
2026-10-07T16:46:38.5493748Z   Python2_ROOT_DIR: /opt/hostedtoolcache/Python/3.12.14/x64
2026-10-07T16:46:38.5494223Z   Python3_ROOT_DIR: /opt/hostedtoolcache/Python/3.12.14/x64
2026-10-07T16:46:38.5494610Z   LD_LIBRARY_PATH: /opt/hostedtoolcache/Python/3.12.14/x64/lib
2026-10-07T16:46:38.5494947Z ##[endgroup]
2026-10-07T16:46:49.2281735Z ..........                                                               [100%]
2026-10-07T16:46:49.2282311Z 10 passed in 10.19s
2026-10-07T16:46:49.7113835Z ##[group]Run python analysis/w33_pass11634_full_quantum_normals.py 64 32
2026-10-07T16:46:49.7114363Z [36;1mpython analysis/w33_pass11634_full_quantum_normals.py 64 32[0m
2026-10-07T16:46:49.7184712Z shell: /usr/bin/bash -e {0}
2026-10-07T16:46:49.7184992Z env:
2026-10-07T16:46:49.7185203Z   OPENBLAS_NUM_THREADS: 1
2026-10-07T16:46:49.7185456Z   OMP_NUM_THREADS: 1
2026-10-07T16:46:49.7185845Z   XLA_FLAGS: --xla_cpu_multi_thread_eigen=false intra_op_parallelism_threads=1
2026-10-07T16:46:49.7186514Z   PYTEST_DISABLE_PLUGIN_AUTOLOAD: 1
2026-10-07T16:46:49.7186868Z   pythonLocation: /opt/hostedtoolcache/Python/3.12.14/x64
2026-10-07T16:46:49.7187305Z   PKG_CONFIG_PATH: /opt/hostedtoolcache/Python/3.12.14/x64/lib/pkgconfig
2026-10-07T16:46:49.7187735Z   Python_ROOT_DIR: /opt/hostedtoolcache/Python/3.12.14/x64
2026-10-07T16:46:49.7188142Z   Python2_ROOT_DIR: /opt/hostedtoolcache/Python/3.12.14/x64
2026-10-07T16:46:49.7188630Z   Python3_ROOT_DIR: /opt/hostedtoolcache/Python/3.12.14/x64
2026-10-07T16:46:49.7189019Z   LD_LIBRARY_PATH: /opt/hostedtoolcache/Python/3.12.14/x64/lib
2026-10-07T16:46:49.7189350Z ##[endgroup]
2026-10-07T16:47:27.1287637Z E1007 16:47:27.127669    2418 slow_operation_alarm.cc:73] Constant folding an instruction is taking > 1s:
2026-10-07T16:47:27.1306365Z 
2026-10-07T16:47:27.1337228Z   %dot.29 = c128[720,4032]{1,0} dot(%constant.72, %constant.74), lhs_contracting_dims={1}, rhs_contracting_dims={0}, metadata={op_name="jit(hs)/dot_general" stack_frame_id=90}
2026-10-07T16:47:27.1366307Z 
2026-10-07T16:47:27.1397940Z This isn't necessarily a bug; constant-folding is inherently a trade-off between compilation time and speed at runtime. XLA has some guards that attempt to keep constant folding from taking too long, but fundamentally you'll always be able to come up with an input program that takes a long time.
2026-10-07T16:47:27.1426283Z 
2026-10-07T16:47:27.1456849Z If you'd like to file a bug, run with envvar XLA_FLAGS=--xla_dump_to=/tmp/foo and attach the results.
2026-10-07T16:47:27.2290525Z E1007 16:47:27.228873    2408 slow_operation_alarm.cc:140] The operation took 1.101971721s
2026-10-07T16:47:27.2291063Z Constant folding an instruction is taking > 1s:
2026-10-07T16:47:27.2291291Z 
2026-10-07T16:47:27.2291811Z   %dot.29 = c128[720,4032]{1,0} dot(%constant.72, %constant.74), lhs_contracting_dims={1}, rhs_contracting_dims={0}, metadata={op_name="jit(hs)/dot_general" stack_frame_id=90}
2026-10-07T16:47:27.2292375Z 
2026-10-07T16:47:27.2293264Z This isn't necessarily a bug; constant-folding is inherently a trade-off between compilation time and speed at runtime. XLA has some guards that attempt to keep constant folding from taking too long, but fundamentally you'll always be able to come up with an input program that takes a long time.
2026-10-07T16:47:27.2294234Z 
2026-10-07T16:47:27.2294500Z If you'd like to file a bug, run with envvar XLA_FLAGS=--xla_dump_to=/tmp/foo and attach the results.
2026-10-07T16:47:32.3969430Z full action matches prior shell 0.0012051392286899607
2026-10-07T16:47:39.7637533Z full Hessian rows 8
2026-10-07T16:47:42.9278821Z full Hessian rows 72
2026-10-07T16:47:46.0805506Z full Hessian rows 136
2026-10-07T16:47:49.2342267Z full Hessian rows 200
2026-10-07T16:47:52.3619822Z full Hessian rows 264
2026-10-07T16:48:33.6987912Z full action matches prior shell 0.0012051392286899533
2026-10-07T16:48:40.7982774Z full Hessian rows 8
2026-10-07T16:48:43.9852910Z full Hessian rows 72
2026-10-07T16:48:47.1672166Z full Hessian rows 136
2026-10-07T16:48:50.3579697Z full Hessian rows 200
2026-10-07T16:48:53.5296362Z full Hessian rows 264
2026-10-07T16:48:56.2521342Z all264normal result True 0.0016131494680776796
2026-10-07T16:48:56.5572755Z ##[group]Run python analysis/w33_pass11631_11635_physical_interfaces.py
2026-10-07T16:48:56.5573274Z [36;1mpython analysis/w33_pass11631_11635_physical_interfaces.py[0m
2026-10-07T16:48:56.5643231Z shell: /usr/bin/bash -e {0}
2026-10-07T16:48:56.5643528Z env:
2026-10-07T16:48:56.5643739Z   OPENBLAS_NUM_THREADS: 1
2026-10-07T16:48:56.5643983Z   OMP_NUM_THREADS: 1
2026-10-07T16:48:56.5644333Z   XLA_FLAGS: --xla_cpu_multi_thread_eigen=false intra_op_parallelism_threads=1
2026-10-07T16:48:56.5644757Z   PYTEST_DISABLE_PLUGIN_AUTOLOAD: 1
2026-10-07T16:48:56.5645101Z   pythonLocation: /opt/hostedtoolcache/Python/3.12.14/x64
2026-10-07T16:48:56.5645526Z   PKG_CONFIG_PATH: /opt/hostedtoolcache/Python/3.12.14/x64/lib/pkgconfig
2026-10-07T16:48:56.5645942Z   Python_ROOT_DIR: /opt/hostedtoolcache/Python/3.12.14/x64
2026-10-07T16:48:56.5646516Z   Python2_ROOT_DIR: /opt/hostedtoolcache/Python/3.12.14/x64
2026-10-07T16:48:56.5646899Z   Python3_ROOT_DIR: /opt/hostedtoolcache/Python/3.12.14/x64
2026-10-07T16:48:56.5647343Z   LD_LIBRARY_PATH: /opt/hostedtoolcache/Python/3.12.14/x64/lib
2026-10-07T16:48:56.5647674Z ##[endgroup]
2026-10-07T16:48:57.2669878Z microscopic_instrument PASS
2026-10-07T16:48:58.6116553Z physical_flavor PASS
2026-10-07T16:49:39.6002698Z phase_quotient PASS
2026-10-07T16:49:39.6603614Z full_quantum_normals PASS
2026-10-07T16:49:39.6801187Z native_tree_gravity PASS
2026-10-07T16:49:40.0316586Z ##[group]Run python -m pytest --noconftest -q tests/test_w33_pass11631_11635_physical_interfaces.py
2026-10-07T16:49:40.0317281Z [36;1mpython -m pytest --noconftest -q tests/test_w33_pass11631_11635_physical_interfaces.py[0m
2026-10-07T16:49:40.0384983Z shell: /usr/bin/bash -e {0}
2026-10-07T16:49:40.0385257Z env:
2026-10-07T16:49:40.0385475Z   OPENBLAS_NUM_THREADS: 1
2026-10-07T16:49:40.0385720Z   OMP_NUM_THREADS: 1
2026-10-07T16:49:40.0386075Z   XLA_FLAGS: --xla_cpu_multi_thread_eigen=false intra_op_parallelism_threads=1
2026-10-07T16:49:40.0386725Z   PYTEST_DISABLE_PLUGIN_AUTOLOAD: 1
2026-10-07T16:49:40.0387074Z   pythonLocation: /opt/hostedtoolcache/Python/3.12.14/x64
2026-10-07T16:49:40.0387514Z   PKG_CONFIG_PATH: /opt/hostedtoolcache/Python/3.12.14/x64/lib/pkgconfig
2026-10-07T16:49:40.0387942Z   Python_ROOT_DIR: /opt/hostedtoolcache/Python/3.12.14/x64
2026-10-07T16:49:40.0388340Z   Python2_ROOT_DIR: /opt/hostedtoolcache/Python/3.12.14/x64
2026-10-07T16:49:40.0410374Z   Python3_ROOT_DIR: /opt/hostedtoolcache/Python/3.12.14/x64
2026-10-07T16:49:40.0410981Z   LD_LIBRARY_PATH: /opt/hostedtoolcache/Python/3.12.14/x64/lib
2026-10-07T16:49:40.0411443Z ##[endgroup]
2026-10-07T16:49:50.0670537Z ..........                                                               [100%]
2026-10-07T16:49:50.0672792Z 10 passed in 9.71s
2026-10-07T16:49:50.3791500Z Post job cleanup.
2026-10-07T16:49:50.5037945Z (node:2478) [DEP0040] DeprecationWarning: The `punycode` module is deprecated. Please use a userland alternative instead.
2026-10-07T16:49:50.5038721Z (Use `node --trace-deprecation ...` to show where the warning was created)
2026-10-07T16:49:50.5240985Z Post job cleanup.
2026-10-07T16:49:50.6116874Z [command]/usr/bin/git version
2026-10-07T16:49:50.6157045Z git version 2.55.0
2026-10-07T16:49:50.6193337Z Temporarily overriding HOME='/home/runner/work/_temp/d8c5369f-a4ec-4951-8859-aca528dd6d68' before making global git config changes
2026-10-07T16:49:50.6195090Z Adding repository directory to the temporary git global config as a safe directory
2026-10-07T16:49:50.6198411Z [command]/usr/bin/git config --global --add safe.directory /home/runner/work/W33-Theory/W33-Theory
2026-10-07T16:49:50.6237879Z [command]/usr/bin/git config --local --name-only --get-regexp core\.sshCommand
2026-10-07T16:49:50.6274825Z [command]/usr/bin/git submodule foreach --recursive sh -c "git config --local --name-only --get-regexp 'core\.sshCommand' && git config --local --unset-all 'core.sshCommand' || :"
2026-10-07T16:49:50.6561253Z [command]/usr/bin/git config --local --name-only --get-regexp http\.https\:\/\/github\.com\/\.extraheader
2026-10-07T16:49:50.6593087Z http.https://github.com/.extraheader
2026-10-07T16:49:50.6608219Z [command]/usr/bin/git config --local --unset-all http.https://github.com/.extraheader
2026-10-07T16:49:50.6648721Z [command]/usr/bin/git submodule foreach --recursive sh -c "git config --local --name-only --get-regexp 'http\.https\:\/\/github\.com\/\.extraheader' && git config --local --unset-all 'http.https://github.com/.extraheader' || :"
2026-10-07T16:49:50.7011805Z [command]/usr/bin/git config --local --name-only --get-regexp ^includeIf\.gitdir:
2026-10-07T16:49:50.7079361Z [command]/usr/bin/git submodule foreach --recursive git config --local --show-origin --name-only --get-regexp remote.origin.url
2026-10-07T16:49:50.7588425Z Cleaning up orphan processes
2026-10-07T16:49:50.7874449Z ##[warning]Node.js 20 is deprecated. The following actions target Node.js 20 but are being forced to run on Node.js 24: actions/checkout@v4, actions/setup-python@v5. For more information see: https://github.blog/changelog/2025-09-19-deprecation-of-node-20-on-github-actions-runners/
