2026-10-08T04:24:02.4573275Z Current runner version: '2.337.0'
2026-10-08T04:24:02.4597763Z ##[group]Runner Image Provisioner
2026-10-08T04:24:02.4598708Z Hosted Compute Agent
2026-10-08T04:24:02.4599513Z Version: 20260901.588
2026-10-08T04:24:02.4600177Z Commit: f88ec8081b781fac6c440065ac7ff9e710ce3d0b
2026-10-08T04:24:02.4600907Z Build Date: 2026-09-01T19:56:44Z
2026-10-08T04:24:02.4601645Z Worker ID: {4f8564bc-3fc6-42c8-853f-714971e7ccbe}
2026-10-08T04:24:02.4602365Z Azure Region: westus
2026-10-08T04:24:02.4603002Z ##[endgroup]
2026-10-08T04:24:02.4604698Z ##[group]Operating System
2026-10-08T04:24:02.4605568Z Ubuntu
2026-10-08T04:24:02.4606174Z 24.04.5
2026-10-08T04:24:02.4606712Z LTS
2026-10-08T04:24:02.4607285Z ##[endgroup]
2026-10-08T04:24:02.4607916Z ##[group]Runner Image
2026-10-08T04:24:02.4608525Z Image: ubuntu-24.04
2026-10-08T04:24:02.4609128Z Version: 20260927.320.1
2026-10-08T04:24:02.4610421Z Included Software: https://github.com/actions/runner-images/blob/ubuntu24/20260927.320/images/ubuntu/Ubuntu2404-Readme.md
2026-10-08T04:24:02.4612028Z Image Release: https://github.com/actions/runner-images/releases/tag/ubuntu24%2F20260927.320
2026-10-08T04:24:02.4612993Z ##[endgroup]
2026-10-08T04:24:02.4614190Z ##[group]GITHUB_TOKEN Permissions
2026-10-08T04:24:02.4616405Z Contents: read
2026-10-08T04:24:02.4617505Z Metadata: read
2026-10-08T04:24:02.4618120Z Packages: read
2026-10-08T04:24:02.4618675Z ##[endgroup]
2026-10-08T04:24:02.4620802Z Secret source: Actions
2026-10-08T04:24:02.4621820Z Cache mode: write
2026-10-08T04:24:02.4622834Z Prepare workflow directory
2026-10-08T04:24:02.4960395Z Prepare all required actions
2026-10-08T04:24:02.5009606Z Getting action download info
2026-10-08T04:24:02.8432904Z Download action repository 'actions/checkout@v4' (SHA:11d5960a326750d5838078e36cf38b85af677262)
2026-10-08T04:24:02.9577274Z Download action repository 'actions/setup-python@v5' (SHA:a26af69be951a213d495a4c3e4e4022e16d87065)
2026-10-08T04:24:03.1397315Z Complete job name: verify
2026-10-08T04:24:03.2167320Z ##[group]Run actions/checkout@v4
2026-10-08T04:24:03.2168209Z with:
2026-10-08T04:24:03.2168668Z   repository: wilcompute/W33-Theory
2026-10-08T04:24:03.2172763Z   token: ***
2026-10-08T04:24:03.2173233Z   ssh-strict: true
2026-10-08T04:24:03.2173673Z   ssh-user: git
2026-10-08T04:24:03.2174128Z   persist-credentials: true
2026-10-08T04:24:03.2174622Z   clean: true
2026-10-08T04:24:03.2175273Z   sparse-checkout-cone-mode: true
2026-10-08T04:24:03.2175800Z   fetch-depth: 1
2026-10-08T04:24:03.2176234Z   fetch-tags: false
2026-10-08T04:24:03.2176680Z   show-progress: true
2026-10-08T04:24:03.2177130Z   lfs: false
2026-10-08T04:24:03.2177535Z   submodules: false
2026-10-08T04:24:03.2177989Z   set-safe-directory: true
2026-10-08T04:24:03.2178501Z   allow-unsafe-pr-checkout: false
2026-10-08T04:24:03.2179277Z ##[endgroup]
2026-10-08T04:24:03.3192170Z Syncing repository: wilcompute/W33-Theory
2026-10-08T04:24:03.3194739Z ##[group]Getting Git version info
2026-10-08T04:24:03.3196228Z Working directory is '/home/runner/work/W33-Theory/W33-Theory'
2026-10-08T04:24:03.3197953Z [command]/usr/bin/git version
2026-10-08T04:24:03.3295785Z git version 2.55.0
2026-10-08T04:24:03.3318103Z ##[endgroup]
2026-10-08T04:24:03.3333378Z Temporarily overriding HOME='/home/runner/work/_temp/f77bc68b-b0ad-4b31-ba9c-9da29a511831' before making global git config changes
2026-10-08T04:24:03.3336214Z Adding repository directory to the temporary git global config as a safe directory
2026-10-08T04:24:03.3339268Z [command]/usr/bin/git config --global --add safe.directory /home/runner/work/W33-Theory/W33-Theory
2026-10-08T04:24:03.3392450Z Deleting the contents of '/home/runner/work/W33-Theory/W33-Theory'
2026-10-08T04:24:03.3397102Z ##[group]Initializing the repository
2026-10-08T04:24:03.3400999Z [command]/usr/bin/git init /home/runner/work/W33-Theory/W33-Theory
2026-10-08T04:24:03.3516397Z hint: Using 'master' as the name for the initial branch. This default branch name
2026-10-08T04:24:03.3518150Z hint: will change to "main" in Git 3.0. To configure the initial branch name
2026-10-08T04:24:03.3520393Z hint: to use in all of your new repositories, which will suppress this warning,
2026-10-08T04:24:03.3521805Z hint: call:
2026-10-08T04:24:03.3522582Z hint:
2026-10-08T04:24:03.3523534Z hint: 	git config --global init.defaultBranch <name>
2026-10-08T04:24:03.3524689Z hint:
2026-10-08T04:24:03.3526047Z hint: Names commonly chosen instead of 'master' are 'main', 'trunk' and
2026-10-08T04:24:03.3527725Z hint: 'development'. The just-created branch can be renamed via this command:
2026-10-08T04:24:03.3529024Z hint:
2026-10-08T04:24:03.3529819Z hint: 	git branch -m <name>
2026-10-08T04:24:03.3530751Z hint:
2026-10-08T04:24:03.3531966Z hint: Disable this message with "git config set advice.defaultBranchName false"
2026-10-08T04:24:03.3533910Z Initialized empty Git repository in /home/runner/work/W33-Theory/W33-Theory/.git/
2026-10-08T04:24:03.3537190Z [command]/usr/bin/git remote add origin https://github.com/wilcompute/W33-Theory
2026-10-08T04:24:03.3585684Z ##[endgroup]
2026-10-08T04:24:03.3587078Z ##[group]Disabling automatic garbage collection
2026-10-08T04:24:03.3590977Z [command]/usr/bin/git config --local gc.auto 0
2026-10-08T04:24:03.3627785Z ##[endgroup]
2026-10-08T04:24:03.3629174Z ##[group]Setting up auth
2026-10-08T04:24:03.3640430Z [command]/usr/bin/git config --local --name-only --get-regexp core\.sshCommand
2026-10-08T04:24:03.3674332Z [command]/usr/bin/git submodule foreach --recursive sh -c "git config --local --name-only --get-regexp 'core\.sshCommand' && git config --local --unset-all 'core.sshCommand' || :"
2026-10-08T04:24:03.4059355Z [command]/usr/bin/git config --local --name-only --get-regexp http\.https\:\/\/github\.com\/\.extraheader
2026-10-08T04:24:03.4097550Z [command]/usr/bin/git submodule foreach --recursive sh -c "git config --local --name-only --get-regexp 'http\.https\:\/\/github\.com\/\.extraheader' && git config --local --unset-all 'http.https://github.com/.extraheader' || :"
2026-10-08T04:24:03.4366949Z [command]/usr/bin/git config --local --name-only --get-regexp ^includeIf\.gitdir:
2026-10-08T04:24:03.4402624Z [command]/usr/bin/git submodule foreach --recursive git config --local --show-origin --name-only --get-regexp remote.origin.url
2026-10-08T04:24:03.4624810Z [command]/usr/bin/git config --local http.https://github.com/.extraheader AUTHORIZATION: basic ***
2026-10-08T04:24:03.4664869Z ##[endgroup]
2026-10-08T04:24:03.4666565Z ##[group]Fetching the repository
2026-10-08T04:24:03.4676685Z [command]/usr/bin/git -c protocol.version=2 fetch --no-tags --prune --no-recurse-submodules --depth=1 origin +e072846168fcf6d249ee87b41a92be57b8d429f0:refs/remotes/origin/master
2026-10-08T04:24:11.5638536Z From https://github.com/wilcompute/W33-Theory
2026-10-08T04:24:11.5640587Z  * [new ref]           e072846168fcf6d249ee87b41a92be57b8d429f0 -> origin/master
2026-10-08T04:24:11.5655653Z ##[endgroup]
2026-10-08T04:24:11.5656608Z ##[group]Determining the checkout info
2026-10-08T04:24:11.5657566Z ##[endgroup]
2026-10-08T04:24:11.5658198Z [command]/usr/bin/git sparse-checkout disable
2026-10-08T04:24:11.5714475Z [command]/usr/bin/git config --local --unset-all extensions.worktreeConfig
2026-10-08T04:24:11.5753315Z ##[group]Checking out the ref
2026-10-08T04:24:11.5759224Z [command]/usr/bin/git checkout --progress --force -B master refs/remotes/origin/master
2026-10-08T04:24:12.6180847Z Updating files:  32% (10864/33578)
2026-10-08T04:24:12.6474129Z Updating files:  33% (11081/33578)
2026-10-08T04:24:12.7497777Z Updating files:  34% (11417/33578)
2026-10-08T04:24:12.7993987Z Updating files:  35% (11753/33578)
2026-10-08T04:24:12.8522854Z Updating files:  36% (12089/33578)
2026-10-08T04:24:12.8757152Z Updating files:  37% (12424/33578)
2026-10-08T04:24:12.9020760Z Updating files:  38% (12760/33578)
2026-10-08T04:24:13.0261977Z Updating files:  39% (13096/33578)
2026-10-08T04:24:13.0565765Z Updating files:  40% (13432/33578)
2026-10-08T04:24:14.1965168Z Updating files:  41% (13767/33578)
2026-10-08T04:24:14.2211153Z Updating files:  41% (13770/33578)
2026-10-08T04:24:14.2338618Z Updating files:  42% (14103/33578)
2026-10-08T04:24:14.2555278Z Updating files:  43% (14439/33578)
2026-10-08T04:24:14.2722222Z Updating files:  44% (14775/33578)
2026-10-08T04:24:14.2882518Z Updating files:  45% (15111/33578)
2026-10-08T04:24:14.3034709Z Updating files:  46% (15446/33578)
2026-10-08T04:24:14.3177637Z Updating files:  47% (15782/33578)
2026-10-08T04:24:14.3355765Z Updating files:  48% (16118/33578)
2026-10-08T04:24:14.3523853Z Updating files:  49% (16454/33578)
2026-10-08T04:24:14.3689322Z Updating files:  50% (16789/33578)
2026-10-08T04:24:14.3834812Z Updating files:  51% (17125/33578)
2026-10-08T04:24:14.4107964Z Updating files:  52% (17461/33578)
2026-10-08T04:24:14.4303509Z Updating files:  53% (17797/33578)
2026-10-08T04:24:14.4505008Z Updating files:  54% (18133/33578)
2026-10-08T04:24:14.6580964Z Updating files:  55% (18468/33578)
2026-10-08T04:24:14.6778187Z Updating files:  55% (18473/33578)
2026-10-08T04:24:14.7171457Z Updating files:  56% (18804/33578)
2026-10-08T04:24:14.9100398Z Updating files:  57% (19140/33578)
2026-10-08T04:24:14.9259100Z Updating files:  58% (19476/33578)
2026-10-08T04:24:14.9455345Z Updating files:  59% (19812/33578)
2026-10-08T04:24:14.9654523Z Updating files:  60% (20147/33578)
2026-10-08T04:24:14.9797819Z Updating files:  61% (20483/33578)
2026-10-08T04:24:14.9979422Z Updating files:  62% (20819/33578)
2026-10-08T04:24:15.0218044Z Updating files:  63% (21155/33578)
2026-10-08T04:24:15.0584905Z Updating files:  64% (21490/33578)
2026-10-08T04:24:15.0921510Z Updating files:  65% (21826/33578)
2026-10-08T04:24:15.1196057Z Updating files:  66% (22162/33578)
2026-10-08T04:24:15.1459302Z Updating files:  67% (22498/33578)
2026-10-08T04:24:15.1682621Z Updating files:  68% (22834/33578)
2026-10-08T04:24:15.3888557Z Updating files:  69% (23169/33578)
2026-10-08T04:24:15.4192373Z Updating files:  70% (23505/33578)
2026-10-08T04:24:15.4378668Z Updating files:  71% (23841/33578)
2026-10-08T04:24:15.4567597Z Updating files:  72% (24177/33578)
2026-10-08T04:24:15.4739250Z Updating files:  73% (24512/33578)
2026-10-08T04:24:15.4901943Z Updating files:  74% (24848/33578)
2026-10-08T04:24:15.5065012Z Updating files:  75% (25184/33578)
2026-10-08T04:24:15.5284751Z Updating files:  76% (25520/33578)
2026-10-08T04:24:15.5771382Z Updating files:  77% (25856/33578)
2026-10-08T04:24:15.6010820Z Updating files:  78% (26191/33578)
2026-10-08T04:24:15.6018285Z Updating files:  79% (26527/33578)
2026-10-08T04:24:15.6207138Z Updating files:  79% (26541/33578)
2026-10-08T04:24:15.6387959Z Updating files:  80% (26863/33578)
2026-10-08T04:24:15.6660949Z Updating files:  81% (27199/33578)
2026-10-08T04:24:15.6892143Z Updating files:  82% (27534/33578)
2026-10-08T04:24:15.7063015Z Updating files:  83% (27870/33578)
2026-10-08T04:24:15.7254206Z Updating files:  84% (28206/33578)
2026-10-08T04:24:15.7483700Z Updating files:  85% (28542/33578)
2026-10-08T04:24:15.7703211Z Updating files:  86% (28878/33578)
2026-10-08T04:24:15.7895429Z Updating files:  87% (29213/33578)
2026-10-08T04:24:15.8108927Z Updating files:  88% (29549/33578)
2026-10-08T04:24:15.8282719Z Updating files:  89% (29885/33578)
2026-10-08T04:24:15.8444958Z Updating files:  90% (30221/33578)
2026-10-08T04:24:15.8600085Z Updating files:  91% (30556/33578)
2026-10-08T04:24:15.8759324Z Updating files:  92% (30892/33578)
2026-10-08T04:24:15.8930668Z Updating files:  93% (31228/33578)
2026-10-08T04:24:15.9171280Z Updating files:  94% (31564/33578)
2026-10-08T04:24:15.9372831Z Updating files:  95% (31900/33578)
2026-10-08T04:24:15.9564012Z Updating files:  96% (32235/33578)
2026-10-08T04:24:15.9740935Z Updating files:  97% (32571/33578)
2026-10-08T04:24:15.9979295Z Updating files:  98% (32907/33578)
2026-10-08T04:24:16.0515036Z Updating files:  99% (33243/33578)
2026-10-08T04:24:16.0516066Z Updating files: 100% (33578/33578)
2026-10-08T04:24:16.0516636Z Updating files: 100% (33578/33578), done.
2026-10-08T04:24:16.0812937Z Reset branch 'master'
2026-10-08T04:24:16.0820150Z branch 'master' set up to track 'origin/master'.
2026-10-08T04:24:16.1706590Z ##[endgroup]
2026-10-08T04:24:16.1754586Z [command]/usr/bin/git log -1 --format=%H
2026-10-08T04:24:16.1781839Z e072846168fcf6d249ee87b41a92be57b8d429f0
2026-10-08T04:24:16.2064357Z ##[group]Run actions/setup-python@v5
2026-10-08T04:24:16.2064653Z with:
2026-10-08T04:24:16.2064862Z   python-version: 3.12
2026-10-08T04:24:16.2065437Z   check-latest: false
2026-10-08T04:24:16.2068015Z   token: ***
2026-10-08T04:24:16.2068234Z   update-environment: true
2026-10-08T04:24:16.2068484Z   allow-prereleases: false
2026-10-08T04:24:16.2068715Z   freethreaded: false
2026-10-08T04:24:16.2068935Z ##[endgroup]
2026-10-08T04:24:16.3477484Z ##[group]Installed versions
2026-10-08T04:24:16.3560419Z (node:2374) [DEP0040] DeprecationWarning: The `punycode` module is deprecated. Please use a userland alternative instead.
2026-10-08T04:24:16.3561890Z (Use `node --trace-deprecation ...` to show where the warning was created)
2026-10-08T04:24:16.3562806Z Successfully set up CPython (3.12.14)
2026-10-08T04:24:16.3563632Z ##[endgroup]
2026-10-08T04:24:16.3723712Z ##[group]Run python -m pip install numpy==2.5.3 scipy==1.18.1 sympy==1.14.0 networkx==3.6.1 pytest
2026-10-08T04:24:16.3724423Z [36;1mpython -m pip install numpy==2.5.3 scipy==1.18.1 sympy==1.14.0 networkx==3.6.1 pytest[0m
2026-10-08T04:24:16.4512903Z shell: /usr/bin/bash -e {0}
2026-10-08T04:24:16.4513209Z env:
2026-10-08T04:24:16.4513519Z   pythonLocation: /opt/hostedtoolcache/Python/3.12.14/x64
2026-10-08T04:24:16.4514035Z   PKG_CONFIG_PATH: /opt/hostedtoolcache/Python/3.12.14/x64/lib/pkgconfig
2026-10-08T04:24:16.4514524Z   Python_ROOT_DIR: /opt/hostedtoolcache/Python/3.12.14/x64
2026-10-08T04:24:16.4515153Z   Python2_ROOT_DIR: /opt/hostedtoolcache/Python/3.12.14/x64
2026-10-08T04:24:16.4515591Z   Python3_ROOT_DIR: /opt/hostedtoolcache/Python/3.12.14/x64
2026-10-08T04:24:16.4516024Z   LD_LIBRARY_PATH: /opt/hostedtoolcache/Python/3.12.14/x64/lib
2026-10-08T04:24:16.4516393Z ##[endgroup]
2026-10-08T04:24:21.5245957Z Collecting numpy==2.5.3
2026-10-08T04:24:21.6841375Z   Downloading numpy-2.5.3-cp312-cp312-manylinux_2_27_x86_64.manylinux_2_28_x86_64.whl.metadata (6.6 kB)
2026-10-08T04:24:21.8485084Z Collecting scipy==1.18.1
2026-10-08T04:24:21.8893687Z   Downloading scipy-1.18.1-cp312-cp312-manylinux_2_27_x86_64.manylinux_2_28_x86_64.whl.metadata (62 kB)
2026-10-08T04:24:22.0055539Z Collecting sympy==1.14.0
2026-10-08T04:24:22.0460280Z   Downloading sympy-1.14.0-py3-none-any.whl.metadata (12 kB)
2026-10-08T04:24:22.1076859Z Collecting networkx==3.6.1
2026-10-08T04:24:22.1484239Z   Downloading networkx-3.6.1-py3-none-any.whl.metadata (6.8 kB)
2026-10-08T04:24:22.2215740Z Collecting pytest
2026-10-08T04:24:22.2621005Z   Downloading pytest-9.1.1-py3-none-any.whl.metadata (7.6 kB)
2026-10-08T04:24:22.3180568Z Collecting mpmath<1.4,>=1.1.0 (from sympy==1.14.0)
2026-10-08T04:24:22.3594771Z   Downloading mpmath-1.3.0-py3-none-any.whl.metadata (8.6 kB)
2026-10-08T04:24:22.4128524Z Collecting iniconfig>=1.0.1 (from pytest)
2026-10-08T04:24:22.4544306Z   Downloading iniconfig-2.3.1-py3-none-any.whl.metadata (2.8 kB)
2026-10-08T04:24:22.5092127Z Collecting packaging>=22 (from pytest)
2026-10-08T04:24:22.5498293Z   Downloading packaging-26.3-py3-none-any.whl.metadata (3.5 kB)
2026-10-08T04:24:22.6016341Z Collecting pluggy<2,>=1.5 (from pytest)
2026-10-08T04:24:22.6424128Z   Downloading pluggy-1.6.0-py3-none-any.whl.metadata (4.8 kB)
2026-10-08T04:24:22.7004383Z Collecting pygments>=2.7.2 (from pytest)
2026-10-08T04:24:22.7422916Z   Downloading pygments-2.21.0-py3-none-any.whl.metadata (2.5 kB)
2026-10-08T04:24:22.7879742Z Downloading numpy-2.5.3-cp312-cp312-manylinux_2_27_x86_64.manylinux_2_28_x86_64.whl (16.7 MB)
2026-10-08T04:24:23.2799867Z    ━━━━━━━━━━━━━━━━━━━━━━━━━━━━━━━━━━━━━━━━ 16.7/16.7 MB 40.3 MB/s  0:00:00
2026-10-08T04:24:23.3213826Z Downloading scipy-1.18.1-cp312-cp312-manylinux_2_27_x86_64.manylinux_2_28_x86_64.whl (35.3 MB)
2026-10-08T04:24:23.5079295Z    ━━━━━━━━━━━━━━━━━━━━━━━━━━━━━━━━━━━━━━━━ 35.3/35.3 MB 190.6 MB/s  0:00:00
2026-10-08T04:24:23.5494501Z Downloading sympy-1.14.0-py3-none-any.whl (6.3 MB)
2026-10-08T04:24:23.5700722Z    ━━━━━━━━━━━━━━━━━━━━━━━━━━━━━━━━━━━━━━━━ 6.3/6.3 MB 328.3 MB/s  0:00:00
2026-10-08T04:24:23.6154965Z Downloading networkx-3.6.1-py3-none-any.whl (2.1 MB)
2026-10-08T04:24:23.6376928Z    ━━━━━━━━━━━━━━━━━━━━━━━━━━━━━━━━━━━━━━━━ 2.1/2.1 MB 92.9 MB/s  0:00:00
2026-10-08T04:24:23.6787584Z Downloading mpmath-1.3.0-py3-none-any.whl (536 kB)
2026-10-08T04:24:23.6835246Z    ━━━━━━━━━━━━━━━━━━━━━━━━━━━━━━━━━━━━━━━━ 536.2/536.2 kB 107.6 MB/s  0:00:00
2026-10-08T04:24:23.7252675Z Downloading pytest-9.1.1-py3-none-any.whl (386 kB)
2026-10-08T04:24:23.7691873Z Downloading pluggy-1.6.0-py3-none-any.whl (20 kB)
2026-10-08T04:24:23.8129407Z Downloading iniconfig-2.3.1-py3-none-any.whl (7.6 kB)
2026-10-08T04:24:23.8562419Z Downloading packaging-26.3-py3-none-any.whl (129 kB)
2026-10-08T04:24:23.8998953Z Downloading pygments-2.21.0-py3-none-any.whl (1.3 MB)
2026-10-08T04:24:23.9066496Z    ━━━━━━━━━━━━━━━━━━━━━━━━━━━━━━━━━━━━━━━━ 1.3/1.3 MB 217.5 MB/s  0:00:00
2026-10-08T04:24:24.3132252Z Installing collected packages: mpmath, sympy, pygments, pluggy, packaging, numpy, networkx, iniconfig, scipy, pytest
2026-10-08T04:24:39.4407281Z 
2026-10-08T04:24:39.4423253Z Successfully installed iniconfig-2.3.1 mpmath-1.3.0 networkx-3.6.1 numpy-2.5.3 packaging-26.3 pluggy-1.6.0 pygments-2.21.0 pytest-9.1.1 scipy-1.18.1 sympy-1.14.0
2026-10-08T04:24:39.5081959Z ##[group]Run OPENBLAS_NUM_THREADS=1 python -m pytest -q tests/test_w33_pass11721_11725_coherent_vacuum_gauge_bridge.py
2026-10-08T04:24:39.5082802Z [36;1mOPENBLAS_NUM_THREADS=1 python -m pytest -q tests/test_w33_pass11721_11725_coherent_vacuum_gauge_bridge.py[0m
2026-10-08T04:24:39.5149342Z shell: /usr/bin/bash -e {0}
2026-10-08T04:24:39.5149586Z env:
2026-10-08T04:24:39.5149855Z   pythonLocation: /opt/hostedtoolcache/Python/3.12.14/x64
2026-10-08T04:24:39.5150306Z   PKG_CONFIG_PATH: /opt/hostedtoolcache/Python/3.12.14/x64/lib/pkgconfig
2026-10-08T04:24:39.5150748Z   Python_ROOT_DIR: /opt/hostedtoolcache/Python/3.12.14/x64
2026-10-08T04:24:39.5151139Z   Python2_ROOT_DIR: /opt/hostedtoolcache/Python/3.12.14/x64
2026-10-08T04:24:39.5151518Z   Python3_ROOT_DIR: /opt/hostedtoolcache/Python/3.12.14/x64
2026-10-08T04:24:39.5151896Z   LD_LIBRARY_PATH: /opt/hostedtoolcache/Python/3.12.14/x64/lib
2026-10-08T04:24:39.5152214Z ##[endgroup]
2026-10-08T04:25:09.2471101Z ...............                                                          [100%]
2026-10-08T04:25:09.2471623Z 15 passed in 28.85s
2026-10-08T04:25:09.3816640Z ##[group]Run OPENBLAS_NUM_THREADS=1 python analysis/w33_pass11721_11725_coherent_vacuum_gauge_bridge.py
2026-10-08T04:25:09.3817394Z [36;1mOPENBLAS_NUM_THREADS=1 python analysis/w33_pass11721_11725_coherent_vacuum_gauge_bridge.py[0m
2026-10-08T04:25:09.3881272Z shell: /usr/bin/bash -e {0}
2026-10-08T04:25:09.3881524Z env:
2026-10-08T04:25:09.3881791Z   pythonLocation: /opt/hostedtoolcache/Python/3.12.14/x64
2026-10-08T04:25:09.3882246Z   PKG_CONFIG_PATH: /opt/hostedtoolcache/Python/3.12.14/x64/lib/pkgconfig
2026-10-08T04:25:09.3882693Z   Python_ROOT_DIR: /opt/hostedtoolcache/Python/3.12.14/x64
2026-10-08T04:25:09.3883077Z   Python2_ROOT_DIR: /opt/hostedtoolcache/Python/3.12.14/x64
2026-10-08T04:25:09.3883460Z   Python3_ROOT_DIR: /opt/hostedtoolcache/Python/3.12.14/x64
2026-10-08T04:25:09.3883841Z   LD_LIBRARY_PATH: /opt/hostedtoolcache/Python/3.12.14/x64/lib
2026-10-08T04:25:09.3884162Z ##[endgroup]
2026-10-08T04:25:11.0907414Z 11721 PASS
2026-10-08T04:25:11.2379763Z 11722 PASS
2026-10-08T04:25:11.2388653Z 11723 PASS
2026-10-08T04:25:33.5994257Z 11724 PASS
2026-10-08T04:25:33.6220745Z 11725 PASS
2026-10-08T04:25:33.7508969Z ##[group]Run OPENBLAS_NUM_THREADS=1 python -m pytest -q tests/test_w33_pass11721_11725_coherent_vacuum_gauge_bridge.py
2026-10-08T04:25:33.7509826Z [36;1mOPENBLAS_NUM_THREADS=1 python -m pytest -q tests/test_w33_pass11721_11725_coherent_vacuum_gauge_bridge.py[0m
2026-10-08T04:25:33.7575252Z shell: /usr/bin/bash -e {0}
2026-10-08T04:25:33.7575518Z env:
2026-10-08T04:25:33.7575796Z   pythonLocation: /opt/hostedtoolcache/Python/3.12.14/x64
2026-10-08T04:25:33.7576442Z   PKG_CONFIG_PATH: /opt/hostedtoolcache/Python/3.12.14/x64/lib/pkgconfig
2026-10-08T04:25:33.7576899Z   Python_ROOT_DIR: /opt/hostedtoolcache/Python/3.12.14/x64
2026-10-08T04:25:33.7577302Z   Python2_ROOT_DIR: /opt/hostedtoolcache/Python/3.12.14/x64
2026-10-08T04:25:33.7577693Z   Python3_ROOT_DIR: /opt/hostedtoolcache/Python/3.12.14/x64
2026-10-08T04:25:33.7578100Z   LD_LIBRARY_PATH: /opt/hostedtoolcache/Python/3.12.14/x64/lib
2026-10-08T04:25:33.7578437Z ##[endgroup]
2026-10-08T04:26:01.7173737Z ...............                                                          [100%]
2026-10-08T04:26:01.7174445Z 15 passed in 27.70s
2026-10-08T04:26:01.8574310Z Post job cleanup.
2026-10-08T04:26:01.9792062Z (node:2445) [DEP0040] DeprecationWarning: The `punycode` module is deprecated. Please use a userland alternative instead.
2026-10-08T04:26:01.9792958Z (Use `node --trace-deprecation ...` to show where the warning was created)
2026-10-08T04:26:02.0041786Z Post job cleanup.
2026-10-08T04:26:02.0909719Z [command]/usr/bin/git version
2026-10-08T04:26:02.0954598Z git version 2.55.0
2026-10-08T04:26:02.0997120Z Temporarily overriding HOME='/home/runner/work/_temp/dc2dc23b-26e8-449c-bbac-b9eeccc215c3' before making global git config changes
2026-10-08T04:26:02.0998684Z Adding repository directory to the temporary git global config as a safe directory
2026-10-08T04:26:02.1002411Z [command]/usr/bin/git config --global --add safe.directory /home/runner/work/W33-Theory/W33-Theory
2026-10-08T04:26:02.1043016Z [command]/usr/bin/git config --local --name-only --get-regexp core\.sshCommand
2026-10-08T04:26:02.1078439Z [command]/usr/bin/git submodule foreach --recursive sh -c "git config --local --name-only --get-regexp 'core\.sshCommand' && git config --local --unset-all 'core.sshCommand' || :"
2026-10-08T04:26:02.1358661Z [command]/usr/bin/git config --local --name-only --get-regexp http\.https\:\/\/github\.com\/\.extraheader
2026-10-08T04:26:02.1390797Z http.https://github.com/.extraheader
2026-10-08T04:26:02.1404612Z [command]/usr/bin/git config --local --unset-all http.https://github.com/.extraheader
2026-10-08T04:26:02.1443536Z [command]/usr/bin/git submodule foreach --recursive sh -c "git config --local --name-only --get-regexp 'http\.https\:\/\/github\.com\/\.extraheader' && git config --local --unset-all 'http.https://github.com/.extraheader' || :"
2026-10-08T04:26:02.1725388Z [command]/usr/bin/git config --local --name-only --get-regexp ^includeIf\.gitdir:
2026-10-08T04:26:02.1768124Z [command]/usr/bin/git submodule foreach --recursive git config --local --show-origin --name-only --get-regexp remote.origin.url
2026-10-08T04:26:02.2176621Z Cleaning up orphan processes
2026-10-08T04:26:02.2461356Z ##[warning]Node.js 20 is deprecated. The following actions target Node.js 20 but are being forced to run on Node.js 24: actions/checkout@v4, actions/setup-python@v5. For more information see: https://github.blog/changelog/2025-09-19-deprecation-of-node-20-on-github-actions-runners/
