Final native dynamics/index local validation
Reservation62cb3c3a7

11672 PASS
11673 PASS
11674 PASS
11675 PASS
11676 PASS
11677 PASS
11678 PASS
11679 PASS

................                                                         [100%]
16 passed in 42.44s

Full batch intake:

========================================================================
[rediscovery guard] results that already exist elsewhere
========================================================================
  analysis/w33_pass11672_11679_native_dynamics_index.py
    levi+weil  ->  PASS2300_2305_FIVE_FRONTIERS_RELEASE.md W33_FOR_EVERYONE.tex analysis/BT2300_BT2305_five_frontiers.md (+1)
  analysis/w33_pass11672_11679_native_dynamics_index.py
    levi+witting  ->  PASS1030_EIGHTY_CARRIER_ORIENTATION_OBSTRUCTION.md W33_FOR_EVERYONE.tex analysis/BT1741_BT1744_execution_summary.md (+1)
  analysis/w33_pass11672_11679_native_dynamics_index.py
    weil+witting  ->  W33_FOR_EVERYONE.tex analysis/PASS11663_ODD_WEIL_NORMAL_MAP.md analysis/PASS11664_11671_KERNEL_DYNAMICS.md (+1)
  analysis/PASS11672_11679_NATIVE_DYNAMICS_INDEX.md
    levi+pmns  ->  W33_FOR_EVERYONE.tex analysis/BT888_color_is_matter_heisenberg.md analysis/PASS11413_11417_PIN_REGGE_VACUUM_NOISE.md (+1)
  analysis/PASS11672_11679_NATIVE_DYNAMICS_INDEX.md
    levi+weil  ->  PASS2300_2305_FIVE_FRONTIERS_RELEASE.md W33_FOR_EVERYONE.tex analysis/BT2300_BT2305_five_frontiers.md (+1)
  analysis/PASS11672_11679_NATIVE_DYNAMICS_INDEX.md
    levi+witting  ->  PASS1030_EIGHTY_CARRIER_ORIENTATION_OBSTRUCTION.md W33_FOR_EVERYONE.tex analysis/BT1741_BT1744_execution_summary.md (+1)
  analysis/PASS11672_11679_NATIVE_DYNAMICS_INDEX.md
    pmns+weil  ->  W33_FOR_EVERYONE.tex W36_PAPER.tex analysis/2026-07-15_pass357_master_forcing_table.md
  analysis/PASS11672_11679_NATIVE_DYNAMICS_INDEX.md
    pmns+witting  ->  W33_FOR_EVERYONE.tex analysis/2026-09-23_execute_all5_plus3_physics_frontier.md analysis/BT1621_BT1623_sm_bridge_comparator.md (+1)
  analysis/PASS11672_11679_NATIVE_DYNAMICS_INDEX.md
    weil+witting  ->  W33_FOR_EVERYONE.tex analysis/PASS11663_ODD_WEIL_NORMAL_MAP.md analysis/PASS11664_11671_KERNEL_DYNAMICS.md

  These are CANDIDATES, not verdicts -- the same integer recurs
  legitimately. But Passes 322/323 lost ~19 passes to exactly this,
  so: open the prior file and READ it (end to end -- Pass 286 shows
  shallow reads cause retractions) before asserting novelty.
  Cite the prior art in the file and this warning goes away.


[audit] forced arithmetic: none
[audit] intake clean (5 files)

Final source/report/test/certificate guard:

========================================================================
[rediscovery guard] results that already exist elsewhere
========================================================================
  analysis/w33_pass11672_11679_native_dynamics_index.py
    levi+weil  ->  PASS2300_2305_FIVE_FRONTIERS_RELEASE.md W33_FOR_EVERYONE.tex analysis/BT2300_BT2305_five_frontiers.md (+1)
  analysis/w33_pass11672_11679_native_dynamics_index.py
    levi+witting  ->  PASS1030_EIGHTY_CARRIER_ORIENTATION_OBSTRUCTION.md W33_FOR_EVERYONE.tex analysis/BT1741_BT1744_execution_summary.md (+1)
  analysis/w33_pass11672_11679_native_dynamics_index.py
    weil+witting  ->  W33_FOR_EVERYONE.tex analysis/PASS11663_ODD_WEIL_NORMAL_MAP.md analysis/PASS11664_11671_KERNEL_DYNAMICS.md (+1)
  analysis/PASS11672_11679_NATIVE_DYNAMICS_INDEX.md
    levi+pmns  ->  W33_FOR_EVERYONE.tex analysis/PASS11625_11629_COMPOSITES_JOINT_VACUA.md
  analysis/PASS11672_11679_NATIVE_DYNAMICS_INDEX.md
    levi+weil  ->  W33_FOR_EVERYONE.tex analysis/PASS11562_11569_RESERVATION.md
  analysis/PASS11672_11679_NATIVE_DYNAMICS_INDEX.md
    levi+witting  ->  W33_FOR_EVERYONE.tex analysis/BT4049_BT4056_five_front_outside_box.md
  analysis/PASS11672_11679_NATIVE_DYNAMICS_INDEX.md
    pmns+weil  ->  W33_FOR_EVERYONE.tex W36_PAPER.tex
  analysis/PASS11672_11679_NATIVE_DYNAMICS_INDEX.md
    pmns+witting  ->  W33_FOR_EVERYONE.tex analysis/PASS11625_11629_COMPOSITES_JOINT_VACUA.md
  analysis/PASS11672_11679_NATIVE_DYNAMICS_INDEX.md
    weil+witting  ->  W33_FOR_EVERYONE.tex analysis/PASS11663_ODD_WEIL_NORMAL_MAP.md analysis/PASS11664_11671_KERNEL_DYNAMICS.md

  These are CANDIDATES, not verdicts -- the same integer recurs
  legitimately. But Passes 322/323 lost ~19 passes to exactly this,
  so: open the prior file and READ it (end to end -- Pass 286 shows
  shallow reads cause retractions) before asserting novelty.
  Cite the prior art in the file and this warning goes away.


Arithmetic selftest:
  selftest -- forced SRG multiplicities and encoding language

    the Aug 18 moonshine claim                       got=True  want=True  ok
    same SRG, multiplicities stated without interpretation got=True  want=True  ok
    SRG parameters with no multiplicities recorded   got=False want=False ok
    multiplicities that do NOT match the closed form got=False want=False ok
    no SRG data at all                               got=False want=False ok
    general test is OFF by default (13.91% firing rate, not actionable) got=False want=False ok
    multiplicities hidden in KEY NAMES, as BT1645 does got=True  want=True  ok

  THE SECOND CASE IS DELIBERATE. Multiplicities matching the closed form are flagged even
  when the prose is silent, because the flag is about the NUMBERS BEING DERIVED, not about
  the wording. A later reader is the one at risk of reading meaning into them.
