2026-10-08T05:05:06.4362403Z Current runner version: '2.337.0'
2026-10-08T05:05:06.4381278Z ##[group]Runner Image Provisioner
2026-10-08T05:05:06.4381852Z Hosted Compute Agent
2026-10-08T05:05:06.4382311Z Version: 20261002.596
2026-10-08T05:05:06.4382691Z Commit: c3d12f3313a95f25162a1503be624f3b0617f8c0
2026-10-08T05:05:06.4383110Z Build Date: 2026-10-02T22:28:27Z
2026-10-08T05:05:06.4383572Z Worker ID: {f85cc11f-b2b5-4bb7-9178-e0c5b42cbb80}
2026-10-08T05:05:06.4384024Z Region: centralus
2026-10-08T05:05:06.4384386Z Cloud: Azure
2026-10-08T05:05:06.4384721Z ##[endgroup]
2026-10-08T05:05:06.4385570Z ##[group]Operating System
2026-10-08T05:05:06.4385971Z Ubuntu
2026-10-08T05:05:06.4386315Z 24.04.5
2026-10-08T05:05:06.4386695Z LTS
2026-10-08T05:05:06.4387022Z ##[endgroup]
2026-10-08T05:05:06.4387352Z ##[group]Runner Image
2026-10-08T05:05:06.4387931Z Image: ubuntu-24.04
2026-10-08T05:05:06.4388307Z Version: 20261004.327.1
2026-10-08T05:05:06.4389123Z Included Software: https://github.com/actions/runner-images/blob/ubuntu24/20261004.327/images/ubuntu/Ubuntu2404-Readme.md
2026-10-08T05:05:06.4389998Z Image Release: https://github.com/actions/runner-images/releases/tag/ubuntu24%2F20261004.327
2026-10-08T05:05:06.4390589Z ##[endgroup]
2026-10-08T05:05:06.4391335Z ##[group]GITHUB_TOKEN Permissions
2026-10-08T05:05:06.4393032Z Contents: read
2026-10-08T05:05:06.4393377Z Metadata: read
2026-10-08T05:05:06.4393702Z Packages: read
2026-10-08T05:05:06.4394117Z ##[endgroup]
2026-10-08T05:05:06.4395504Z Secret source: Actions
2026-10-08T05:05:06.4396110Z Cache mode: write
2026-10-08T05:05:06.4396658Z Prepare workflow directory
2026-10-08T05:05:06.4618672Z Prepare all required actions
2026-10-08T05:05:06.4651037Z Getting action download info
2026-10-08T05:05:06.7342341Z Download action repository 'actions/checkout@v4' (SHA:11d5960a326750d5838078e36cf38b85af677262)
2026-10-08T05:05:06.8070770Z Download action repository 'actions/setup-python@v5' (SHA:a26af69be951a213d495a4c3e4e4022e16d87065)
2026-10-08T05:05:06.9611034Z Complete job name: verify
2026-10-08T05:05:07.0057887Z ##[group]Run actions/checkout@v4
2026-10-08T05:05:07.0058322Z with:
2026-10-08T05:05:07.0058570Z   repository: wilcompute/W33-Theory
2026-10-08T05:05:07.0060660Z   token: ***
2026-10-08T05:05:07.0060898Z   ssh-strict: true
2026-10-08T05:05:07.0061140Z   ssh-user: git
2026-10-08T05:05:07.0061382Z   persist-credentials: true
2026-10-08T05:05:07.0061650Z   clean: true
2026-10-08T05:05:07.0061897Z   sparse-checkout-cone-mode: true
2026-10-08T05:05:07.0062181Z   fetch-depth: 1
2026-10-08T05:05:07.0062415Z   fetch-tags: false
2026-10-08T05:05:07.0062660Z   show-progress: true
2026-10-08T05:05:07.0062907Z   lfs: false
2026-10-08T05:05:07.0063135Z   submodules: false
2026-10-08T05:05:07.0063386Z   set-safe-directory: true
2026-10-08T05:05:07.0063668Z   allow-unsafe-pr-checkout: false
2026-10-08T05:05:07.0064062Z ##[endgroup]
2026-10-08T05:05:07.0724346Z Syncing repository: wilcompute/W33-Theory
2026-10-08T05:05:07.0725978Z ##[group]Getting Git version info
2026-10-08T05:05:07.0726685Z Working directory is '/home/runner/work/W33-Theory/W33-Theory'
2026-10-08T05:05:07.0727760Z [command]/usr/bin/git version
2026-10-08T05:05:07.0786612Z git version 2.55.0
2026-10-08T05:05:07.0801054Z ##[endgroup]
2026-10-08T05:05:07.0814319Z Temporarily overriding HOME='/home/runner/work/_temp/56abe154-446b-4e84-b23f-9b5abe81039c' before making global git config changes
2026-10-08T05:05:07.0815559Z Adding repository directory to the temporary git global config as a safe directory
2026-10-08T05:05:07.0818699Z [command]/usr/bin/git config --global --add safe.directory /home/runner/work/W33-Theory/W33-Theory
2026-10-08T05:05:07.0867618Z Deleting the contents of '/home/runner/work/W33-Theory/W33-Theory'
2026-10-08T05:05:07.0873762Z ##[group]Initializing the repository
2026-10-08T05:05:07.0874392Z [command]/usr/bin/git init /home/runner/work/W33-Theory/W33-Theory
2026-10-08T05:05:07.0988893Z hint: Using 'master' as the name for the initial branch. This default branch name
2026-10-08T05:05:07.0989948Z hint: will change to "main" in Git 3.0. To configure the initial branch name
2026-10-08T05:05:07.0992209Z hint: to use in all of your new repositories, which will suppress this warning,
2026-10-08T05:05:07.0993267Z hint: call:
2026-10-08T05:05:07.0993597Z hint:
2026-10-08T05:05:07.0994035Z hint: 	git config --global init.defaultBranch <name>
2026-10-08T05:05:07.0994546Z hint:
2026-10-08T05:05:07.0995032Z hint: Names commonly chosen instead of 'master' are 'main', 'trunk' and
2026-10-08T05:05:07.0995849Z hint: 'development'. The just-created branch can be renamed via this command:
2026-10-08T05:05:07.0996552Z hint:
2026-10-08T05:05:07.0996918Z hint: 	git branch -m <name>
2026-10-08T05:05:07.0997332Z hint:
2026-10-08T05:05:07.0998001Z hint: Disable this message with "git config set advice.defaultBranchName false"
2026-10-08T05:05:07.0998920Z Initialized empty Git repository in /home/runner/work/W33-Theory/W33-Theory/.git/
2026-10-08T05:05:07.1000743Z [command]/usr/bin/git remote add origin https://github.com/wilcompute/W33-Theory
2026-10-08T05:05:07.1045322Z ##[endgroup]
2026-10-08T05:05:07.1045956Z ##[group]Disabling automatic garbage collection
2026-10-08T05:05:07.1058230Z [command]/usr/bin/git config --local gc.auto 0
2026-10-08T05:05:07.1086278Z ##[endgroup]
2026-10-08T05:05:07.1086884Z ##[group]Setting up auth
2026-10-08T05:05:07.1091844Z [command]/usr/bin/git config --local --name-only --get-regexp core\.sshCommand
2026-10-08T05:05:07.1124808Z [command]/usr/bin/git submodule foreach --recursive sh -c "git config --local --name-only --get-regexp 'core\.sshCommand' && git config --local --unset-all 'core.sshCommand' || :"
2026-10-08T05:05:07.1432351Z [command]/usr/bin/git config --local --name-only --get-regexp http\.https\:\/\/github\.com\/\.extraheader
2026-10-08T05:05:07.1460761Z [command]/usr/bin/git submodule foreach --recursive sh -c "git config --local --name-only --get-regexp 'http\.https\:\/\/github\.com\/\.extraheader' && git config --local --unset-all 'http.https://github.com/.extraheader' || :"
2026-10-08T05:05:07.1636882Z [command]/usr/bin/git config --local --name-only --get-regexp ^includeIf\.gitdir:
2026-10-08T05:05:07.1667431Z [command]/usr/bin/git submodule foreach --recursive git config --local --show-origin --name-only --get-regexp remote.origin.url
2026-10-08T05:05:07.1843162Z [command]/usr/bin/git config --local http.https://github.com/.extraheader AUTHORIZATION: basic ***
2026-10-08T05:05:07.1876682Z ##[endgroup]
2026-10-08T05:05:07.1877264Z ##[group]Fetching the repository
2026-10-08T05:05:07.1882892Z [command]/usr/bin/git -c protocol.version=2 fetch --no-tags --prune --no-recurse-submodules --depth=1 origin +32a90e48560ef9ee1a27951fbb12813d33c7067b:refs/remotes/origin/master
2026-10-08T05:05:17.2711763Z From https://github.com/wilcompute/W33-Theory
2026-10-08T05:05:17.2712373Z  * [new ref]           32a90e48560ef9ee1a27951fbb12813d33c7067b -> origin/master
2026-10-08T05:05:17.2714590Z ##[endgroup]
2026-10-08T05:05:17.2715051Z ##[group]Determining the checkout info
2026-10-08T05:05:17.2716751Z ##[endgroup]
2026-10-08T05:05:17.2722467Z [command]/usr/bin/git sparse-checkout disable
2026-10-08T05:05:17.2766743Z [command]/usr/bin/git config --local --unset-all extensions.worktreeConfig
2026-10-08T05:05:17.2793053Z ##[group]Checking out the ref
2026-10-08T05:05:17.2796156Z [command]/usr/bin/git checkout --progress --force -B master refs/remotes/origin/master
2026-10-08T05:05:18.2979600Z Updating files:  38% (13094/33586)
2026-10-08T05:05:18.3877950Z Updating files:  39% (13099/33586)
2026-10-08T05:05:18.4147234Z Updating files:  40% (13435/33586)
2026-10-08T05:05:18.5026246Z Updating files:  41% (13771/33586)
2026-10-08T05:05:18.5112843Z Updating files:  42% (14107/33586)
2026-10-08T05:05:18.5250131Z Updating files:  43% (14442/33586)
2026-10-08T05:05:18.5368451Z Updating files:  44% (14778/33586)
2026-10-08T05:05:18.5483702Z Updating files:  45% (15114/33586)
2026-10-08T05:05:18.5592209Z Updating files:  46% (15450/33586)
2026-10-08T05:05:18.5695610Z Updating files:  47% (15786/33586)
2026-10-08T05:05:18.5816308Z Updating files:  48% (16122/33586)
2026-10-08T05:05:18.5946249Z Updating files:  49% (16458/33586)
2026-10-08T05:05:18.6067912Z Updating files:  50% (16793/33586)
2026-10-08T05:05:18.6173147Z Updating files:  51% (17129/33586)
2026-10-08T05:05:18.6364780Z Updating files:  52% (17465/33586)
2026-10-08T05:05:18.6509674Z Updating files:  53% (17801/33586)
2026-10-08T05:05:18.6659911Z Updating files:  54% (18137/33586)
2026-10-08T05:05:18.8431535Z Updating files:  55% (18473/33586)
2026-10-08T05:05:18.8723238Z Updating files:  56% (18809/33586)
2026-10-08T05:05:19.0129246Z Updating files:  57% (19145/33586)
2026-10-08T05:05:19.0245563Z Updating files:  58% (19480/33586)
2026-10-08T05:05:19.0401700Z Updating files:  59% (19816/33586)
2026-10-08T05:05:19.0547837Z Updating files:  60% (20152/33586)
2026-10-08T05:05:19.0654936Z Updating files:  61% (20488/33586)
2026-10-08T05:05:19.0805725Z Updating files:  62% (20824/33586)
2026-10-08T05:05:19.0987309Z Updating files:  63% (21160/33586)
2026-10-08T05:05:19.1265864Z Updating files:  64% (21496/33586)
2026-10-08T05:05:19.1511949Z Updating files:  65% (21831/33586)
2026-10-08T05:05:19.1713073Z Updating files:  66% (22167/33586)
2026-10-08T05:05:19.1915279Z Updating files:  67% (22503/33586)
2026-10-08T05:05:19.2080902Z Updating files:  68% (22839/33586)
2026-10-08T05:05:19.2969110Z Updating files:  69% (23175/33586)
2026-10-08T05:05:19.3803910Z Updating files:  69% (23487/33586)
2026-10-08T05:05:19.4027877Z Updating files:  70% (23511/33586)
2026-10-08T05:05:19.4163309Z Updating files:  71% (23847/33586)
2026-10-08T05:05:19.4302935Z Updating files:  72% (24182/33586)
2026-10-08T05:05:19.4427915Z Updating files:  73% (24518/33586)
2026-10-08T05:05:19.4545963Z Updating files:  74% (24854/33586)
2026-10-08T05:05:19.4665119Z Updating files:  75% (25190/33586)
2026-10-08T05:05:19.4820530Z Updating files:  76% (25526/33586)
2026-10-08T05:05:19.5184809Z Updating files:  77% (25862/33586)
2026-10-08T05:05:19.5356317Z Updating files:  78% (26198/33586)
2026-10-08T05:05:19.5495595Z Updating files:  79% (26533/33586)
2026-10-08T05:05:19.5623551Z Updating files:  80% (26869/33586)
2026-10-08T05:05:19.5820524Z Updating files:  81% (27205/33586)
2026-10-08T05:05:19.5986241Z Updating files:  82% (27541/33586)
2026-10-08T05:05:19.6106839Z Updating files:  83% (27877/33586)
2026-10-08T05:05:19.6235389Z Updating files:  84% (28213/33586)
2026-10-08T05:05:19.6404414Z Updating files:  85% (28549/33586)
2026-10-08T05:05:19.6586172Z Updating files:  86% (28884/33586)
2026-10-08T05:05:19.6752497Z Updating files:  87% (29220/33586)
2026-10-08T05:05:19.6909953Z Updating files:  88% (29556/33586)
2026-10-08T05:05:19.7035864Z Updating files:  89% (29892/33586)
2026-10-08T05:05:19.7152367Z Updating files:  90% (30228/33586)
2026-10-08T05:05:19.7264425Z Updating files:  91% (30564/33586)
2026-10-08T05:05:19.7380586Z Updating files:  92% (30900/33586)
2026-10-08T05:05:19.7504161Z Updating files:  93% (31235/33586)
2026-10-08T05:05:19.7678851Z Updating files:  94% (31571/33586)
2026-10-08T05:05:19.7823342Z Updating files:  95% (31907/33586)
2026-10-08T05:05:19.7962560Z Updating files:  96% (32243/33586)
2026-10-08T05:05:19.8089740Z Updating files:  97% (32579/33586)
2026-10-08T05:05:19.8265081Z Updating files:  98% (32915/33586)
2026-10-08T05:05:19.8668426Z Updating files:  99% (33251/33586)
2026-10-08T05:05:19.8668723Z Updating files: 100% (33586/33586)
2026-10-08T05:05:19.8669083Z Updating files: 100% (33586/33586), done.
2026-10-08T05:05:19.8862659Z Reset branch 'master'
2026-10-08T05:05:19.8866420Z branch 'master' set up to track 'origin/master'.
2026-10-08T05:05:19.9488715Z ##[endgroup]
2026-10-08T05:05:19.9529746Z [command]/usr/bin/git log -1 --format=%H
2026-10-08T05:05:19.9553145Z 32a90e48560ef9ee1a27951fbb12813d33c7067b
2026-10-08T05:05:19.9745152Z ##[group]Run actions/setup-python@v5
2026-10-08T05:05:19.9745319Z with:
2026-10-08T05:05:19.9745445Z   python-version: 3.12
2026-10-08T05:05:19.9745570Z   check-latest: false
2026-10-08T05:05:19.9746834Z   token: ***
2026-10-08T05:05:19.9746952Z   update-environment: true
2026-10-08T05:05:19.9747237Z   allow-prereleases: false
2026-10-08T05:05:19.9747364Z   freethreaded: false
2026-10-08T05:05:19.9747615Z ##[endgroup]
2026-10-08T05:05:20.0611469Z ##[group]Installed versions
2026-10-08T05:05:20.0690516Z (node:2187) [DEP0040] DeprecationWarning: The `punycode` module is deprecated. Please use a userland alternative instead.
2026-10-08T05:05:20.0691162Z (Use `node --trace-deprecation ...` to show where the warning was created)
2026-10-08T05:05:20.0691527Z Successfully set up CPython (3.12.15)
2026-10-08T05:05:20.0691963Z ##[endgroup]
2026-10-08T05:05:20.0858421Z ##[group]Run python -m pip install numpy==2.5.3 scipy==1.18.1 sympy==1.14.0 networkx==3.6.1 pytest
2026-10-08T05:05:20.0858841Z [36;1mpython -m pip install numpy==2.5.3 scipy==1.18.1 sympy==1.14.0 networkx==3.6.1 pytest[0m
2026-10-08T05:05:20.1129095Z shell: /usr/bin/bash -e {0}
2026-10-08T05:05:20.1129286Z env:
2026-10-08T05:05:20.1129466Z   pythonLocation: /opt/hostedtoolcache/Python/3.12.15/x64
2026-10-08T05:05:20.1129728Z   PKG_CONFIG_PATH: /opt/hostedtoolcache/Python/3.12.15/x64/lib/pkgconfig
2026-10-08T05:05:20.1129960Z   Python_ROOT_DIR: /opt/hostedtoolcache/Python/3.12.15/x64
2026-10-08T05:05:20.1130170Z   Python2_ROOT_DIR: /opt/hostedtoolcache/Python/3.12.15/x64
2026-10-08T05:05:20.1130378Z   Python3_ROOT_DIR: /opt/hostedtoolcache/Python/3.12.15/x64
2026-10-08T05:05:20.1130584Z   LD_LIBRARY_PATH: /opt/hostedtoolcache/Python/3.12.15/x64/lib
2026-10-08T05:05:20.1130767Z ##[endgroup]
2026-10-08T05:05:22.1425204Z Collecting numpy==2.5.3
2026-10-08T05:05:22.2101231Z   Downloading numpy-2.5.3-cp312-cp312-manylinux_2_27_x86_64.manylinux_2_28_x86_64.whl.metadata (6.6 kB)
2026-10-08T05:05:22.2888540Z Collecting scipy==1.18.1
2026-10-08T05:05:22.2986913Z   Downloading scipy-1.18.1-cp312-cp312-manylinux_2_27_x86_64.manylinux_2_28_x86_64.whl.metadata (62 kB)
2026-10-08T05:05:22.3411034Z Collecting sympy==1.14.0
2026-10-08T05:05:22.3507259Z   Downloading sympy-1.14.0-py3-none-any.whl.metadata (12 kB)
2026-10-08T05:05:22.3763065Z Collecting networkx==3.6.1
2026-10-08T05:05:22.3856534Z   Downloading networkx-3.6.1-py3-none-any.whl.metadata (6.8 kB)
2026-10-08T05:05:22.4177961Z Collecting pytest
2026-10-08T05:05:22.4275091Z   Downloading pytest-9.1.1-py3-none-any.whl.metadata (7.6 kB)
2026-10-08T05:05:22.4508866Z Collecting mpmath<1.4,>=1.1.0 (from sympy==1.14.0)
2026-10-08T05:05:22.4602790Z   Downloading mpmath-1.3.0-py3-none-any.whl.metadata (8.6 kB)
2026-10-08T05:05:22.4812650Z Collecting iniconfig>=1.0.1 (from pytest)
2026-10-08T05:05:22.4923043Z   Downloading iniconfig-2.3.1-py3-none-any.whl.metadata (2.8 kB)
2026-10-08T05:05:22.5142992Z Collecting packaging>=22 (from pytest)
2026-10-08T05:05:22.5238170Z   Downloading packaging-26.3-py3-none-any.whl.metadata (3.5 kB)
2026-10-08T05:05:22.5445062Z Collecting pluggy<2,>=1.5 (from pytest)
2026-10-08T05:05:22.5540556Z   Downloading pluggy-1.6.0-py3-none-any.whl.metadata (4.8 kB)
2026-10-08T05:05:22.5778167Z Collecting pygments>=2.7.2 (from pytest)
2026-10-08T05:05:22.5876068Z   Downloading pygments-2.21.0-py3-none-any.whl.metadata (2.5 kB)
2026-10-08T05:05:22.6002093Z Downloading numpy-2.5.3-cp312-cp312-manylinux_2_27_x86_64.manylinux_2_28_x86_64.whl (16.7 MB)
2026-10-08T05:05:23.1205294Z    ━━━━━━━━━━━━━━━━━━━━━━━━━━━━━━━━━━━━━━━━ 16.7/16.7 MB 33.5 MB/s  0:00:00
2026-10-08T05:05:23.1303797Z Downloading scipy-1.18.1-cp312-cp312-manylinux_2_27_x86_64.manylinux_2_28_x86_64.whl (35.3 MB)
2026-10-08T05:05:23.5078526Z    ━━━━━━━━━━━━━━━━━━━━━━━━━━━━━━━━━━━━━━━━ 35.3/35.3 MB 93.5 MB/s  0:00:00
2026-10-08T05:05:23.5176315Z Downloading sympy-1.14.0-py3-none-any.whl (6.3 MB)
2026-10-08T05:05:23.5686129Z    ━━━━━━━━━━━━━━━━━━━━━━━━━━━━━━━━━━━━━━━━ 6.3/6.3 MB 122.8 MB/s  0:00:00
2026-10-08T05:05:23.5784473Z Downloading networkx-3.6.1-py3-none-any.whl (2.1 MB)
2026-10-08T05:05:23.5941078Z    ━━━━━━━━━━━━━━━━━━━━━━━━━━━━━━━━━━━━━━━━ 2.1/2.1 MB 128.5 MB/s  0:00:00
2026-10-08T05:05:23.6037276Z Downloading mpmath-1.3.0-py3-none-any.whl (536 kB)
2026-10-08T05:05:23.6075153Z    ━━━━━━━━━━━━━━━━━━━━━━━━━━━━━━━━━━━━━━━━ 536.2/536.2 kB 125.9 MB/s  0:00:00
2026-10-08T05:05:23.6170277Z Downloading pytest-9.1.1-py3-none-any.whl (386 kB)
2026-10-08T05:05:23.6294920Z Downloading pluggy-1.6.0-py3-none-any.whl (20 kB)
2026-10-08T05:05:23.6403652Z Downloading iniconfig-2.3.1-py3-none-any.whl (7.6 kB)
2026-10-08T05:05:23.6513123Z Downloading packaging-26.3-py3-none-any.whl (129 kB)
2026-10-08T05:05:23.6626202Z Downloading pygments-2.21.0-py3-none-any.whl (1.3 MB)
2026-10-08T05:05:23.6681205Z    ━━━━━━━━━━━━━━━━━━━━━━━━━━━━━━━━━━━━━━━━ 1.3/1.3 MB 252.9 MB/s  0:00:00
2026-10-08T05:05:23.8872250Z Installing collected packages: mpmath, sympy, pygments, pluggy, packaging, numpy, networkx, iniconfig, scipy, pytest
2026-10-08T05:05:33.6855414Z 
2026-10-08T05:05:33.6866387Z Successfully installed iniconfig-2.3.1 mpmath-1.3.0 networkx-3.6.1 numpy-2.5.3 packaging-26.3 pluggy-1.6.0 pygments-2.21.0 pytest-9.1.1 scipy-1.18.1 sympy-1.14.0
2026-10-08T05:05:33.7507219Z ##[group]Run OPENBLAS_NUM_THREADS=1 python -m pytest -q tests/test_w33_pass11726_11733_dynamical_branch_and_chiral_interface.py
2026-10-08T05:05:33.7507888Z [36;1mOPENBLAS_NUM_THREADS=1 python -m pytest -q tests/test_w33_pass11726_11733_dynamical_branch_and_chiral_interface.py[0m
2026-10-08T05:05:33.7563604Z shell: /usr/bin/bash -e {0}
2026-10-08T05:05:33.7563756Z env:
2026-10-08T05:05:33.7563911Z   pythonLocation: /opt/hostedtoolcache/Python/3.12.15/x64
2026-10-08T05:05:33.7564152Z   PKG_CONFIG_PATH: /opt/hostedtoolcache/Python/3.12.15/x64/lib/pkgconfig
2026-10-08T05:05:33.7564387Z   Python_ROOT_DIR: /opt/hostedtoolcache/Python/3.12.15/x64
2026-10-08T05:05:33.7564598Z   Python2_ROOT_DIR: /opt/hostedtoolcache/Python/3.12.15/x64
2026-10-08T05:05:33.7564804Z   Python3_ROOT_DIR: /opt/hostedtoolcache/Python/3.12.15/x64
2026-10-08T05:05:33.7565014Z   LD_LIBRARY_PATH: /opt/hostedtoolcache/Python/3.12.15/x64/lib
2026-10-08T05:05:33.7565191Z ##[endgroup]
2026-10-08T05:05:52.3281236Z ...................                                                      [100%]
2026-10-08T05:05:52.3281658Z 19 passed in 18.12s
2026-10-08T05:05:52.5356157Z ##[group]Run OPENBLAS_NUM_THREADS=1 python analysis/w33_pass11726_11733_dynamical_branch_and_chiral_interface.py
2026-10-08T05:05:52.5356596Z [36;1mOPENBLAS_NUM_THREADS=1 python analysis/w33_pass11726_11733_dynamical_branch_and_chiral_interface.py[0m
2026-10-08T05:05:52.5410444Z shell: /usr/bin/bash -e {0}
2026-10-08T05:05:52.5410599Z env:
2026-10-08T05:05:52.5410760Z   pythonLocation: /opt/hostedtoolcache/Python/3.12.15/x64
2026-10-08T05:05:52.5411002Z   PKG_CONFIG_PATH: /opt/hostedtoolcache/Python/3.12.15/x64/lib/pkgconfig
2026-10-08T05:05:52.5411237Z   Python_ROOT_DIR: /opt/hostedtoolcache/Python/3.12.15/x64
2026-10-08T05:05:52.5411451Z   Python2_ROOT_DIR: /opt/hostedtoolcache/Python/3.12.15/x64
2026-10-08T05:05:52.5411662Z   Python3_ROOT_DIR: /opt/hostedtoolcache/Python/3.12.15/x64
2026-10-08T05:05:52.5411873Z   LD_LIBRARY_PATH: /opt/hostedtoolcache/Python/3.12.15/x64/lib
2026-10-08T05:05:52.5412052Z ##[endgroup]
2026-10-08T05:05:53.6801693Z 11726 PASS
2026-10-08T05:06:06.6320480Z 11727 PASS
2026-10-08T05:06:06.6362267Z 11728 PASS
2026-10-08T05:06:06.6392874Z 11729 PASS
2026-10-08T05:06:07.9093000Z 11730 PASS
2026-10-08T05:06:07.9136183Z 11731 PASS
2026-10-08T05:06:09.2948416Z 11732 PASS
2026-10-08T05:06:09.3326013Z 11733 PASS
2026-10-08T05:06:09.3351002Z /home/runner/work/W33-Theory/W33-Theory/data/w33_pass11726_11733_dynamical_branch_and_chiral_interface.json
2026-10-08T05:06:09.4941232Z ##[group]Run OPENBLAS_NUM_THREADS=1 python -m pytest -q tests/test_w33_pass11726_11733_dynamical_branch_and_chiral_interface.py
2026-10-08T05:06:09.4941719Z [36;1mOPENBLAS_NUM_THREADS=1 python -m pytest -q tests/test_w33_pass11726_11733_dynamical_branch_and_chiral_interface.py[0m
2026-10-08T05:06:09.4998263Z shell: /usr/bin/bash -e {0}
2026-10-08T05:06:09.4998418Z env:
2026-10-08T05:06:09.4998579Z   pythonLocation: /opt/hostedtoolcache/Python/3.12.15/x64
2026-10-08T05:06:09.4998828Z   PKG_CONFIG_PATH: /opt/hostedtoolcache/Python/3.12.15/x64/lib/pkgconfig
2026-10-08T05:06:09.4999239Z   Python_ROOT_DIR: /opt/hostedtoolcache/Python/3.12.15/x64
2026-10-08T05:06:09.4999452Z   Python2_ROOT_DIR: /opt/hostedtoolcache/Python/3.12.15/x64
2026-10-08T05:06:09.4999671Z   Python3_ROOT_DIR: /opt/hostedtoolcache/Python/3.12.15/x64
2026-10-08T05:06:09.4999889Z   LD_LIBRARY_PATH: /opt/hostedtoolcache/Python/3.12.15/x64/lib
2026-10-08T05:06:09.5000071Z ##[endgroup]
2026-10-08T05:06:27.7481701Z ...................                                                      [100%]
2026-10-08T05:06:27.7482088Z 19 passed in 17.99s
2026-10-08T05:06:27.9387875Z Post job cleanup.
2026-10-08T05:06:28.0224898Z (node:2246) [DEP0040] DeprecationWarning: The `punycode` module is deprecated. Please use a userland alternative instead.
2026-10-08T05:06:28.0225440Z (Use `node --trace-deprecation ...` to show where the warning was created)
2026-10-08T05:06:28.0448456Z Post job cleanup.
2026-10-08T05:06:28.1031685Z [command]/usr/bin/git version
2026-10-08T05:06:28.1065005Z git version 2.55.0
2026-10-08T05:06:28.1091899Z Temporarily overriding HOME='/home/runner/work/_temp/8e92c869-10fe-467d-9bdf-70518d7423b1' before making global git config changes
2026-10-08T05:06:28.1092620Z Adding repository directory to the temporary git global config as a safe directory
2026-10-08T05:06:28.1096185Z [command]/usr/bin/git config --global --add safe.directory /home/runner/work/W33-Theory/W33-Theory
2026-10-08T05:06:28.1131308Z [command]/usr/bin/git config --local --name-only --get-regexp core\.sshCommand
2026-10-08T05:06:28.1160042Z [command]/usr/bin/git submodule foreach --recursive sh -c "git config --local --name-only --get-regexp 'core\.sshCommand' && git config --local --unset-all 'core.sshCommand' || :"
2026-10-08T05:06:28.1387401Z [command]/usr/bin/git config --local --name-only --get-regexp http\.https\:\/\/github\.com\/\.extraheader
2026-10-08T05:06:28.1416897Z http.https://github.com/.extraheader
2026-10-08T05:06:28.1425519Z [command]/usr/bin/git config --local --unset-all http.https://github.com/.extraheader
2026-10-08T05:06:28.1458319Z [command]/usr/bin/git submodule foreach --recursive sh -c "git config --local --name-only --get-regexp 'http\.https\:\/\/github\.com\/\.extraheader' && git config --local --unset-all 'http.https://github.com/.extraheader' || :"
2026-10-08T05:06:28.1675174Z [command]/usr/bin/git config --local --name-only --get-regexp ^includeIf\.gitdir:
2026-10-08T05:06:28.1707659Z [command]/usr/bin/git submodule foreach --recursive git config --local --show-origin --name-only --get-regexp remote.origin.url
2026-10-08T05:06:28.2030389Z Cleaning up orphan processes
2026-10-08T05:06:28.2223170Z ##[warning]Node.js 20 is deprecated. The following actions target Node.js 20 but are being forced to run on Node.js 24: actions/checkout@v4, actions/setup-python@v5. For more information see: https://github.blog/changelog/2025-09-19-deprecation-of-node-20-on-github-actions-runners/
