2026-10-09T03:20:15.3444112Z Current runner version: '2.337.0'
2026-10-09T03:20:15.3469409Z ##[group]Runner Image Provisioner
2026-10-09T03:20:15.3470284Z Hosted Compute Agent
2026-10-09T03:20:15.3470883Z Version: 20261002.596
2026-10-09T03:20:15.3472244Z Commit: c3d12f3313a95f25162a1503be624f3b0617f8c0
2026-10-09T03:20:15.3472972Z Build Date: 2026-10-02T22:28:27Z
2026-10-09T03:20:15.3473795Z Worker ID: {a2b2d23f-3417-4901-b84e-f6b1d96e8b47}
2026-10-09T03:20:15.3474508Z Region: centralus
2026-10-09T03:20:15.3475038Z Cloud: Azure
2026-10-09T03:20:15.3475664Z ##[endgroup]
2026-10-09T03:20:15.3477200Z ##[group]Operating System
2026-10-09T03:20:15.3477938Z Ubuntu
2026-10-09T03:20:15.3478473Z 24.04.5
2026-10-09T03:20:15.3478970Z LTS
2026-10-09T03:20:15.3479523Z ##[endgroup]
2026-10-09T03:20:15.3480079Z ##[group]Runner Image
2026-10-09T03:20:15.3480771Z Image: ubuntu-24.04
2026-10-09T03:20:15.3481594Z Version: 20261004.327.1
2026-10-09T03:20:15.3483254Z Included Software: https://github.com/actions/runner-images/blob/ubuntu24/20261004.327/images/ubuntu/Ubuntu2404-Readme.md
2026-10-09T03:20:15.3484840Z Image Release: https://github.com/actions/runner-images/releases/tag/ubuntu24%2F20261004.327
2026-10-09T03:20:15.3485870Z ##[endgroup]
2026-10-09T03:20:15.3487066Z ##[group]GITHUB_TOKEN Permissions
2026-10-09T03:20:15.3489251Z Contents: read
2026-10-09T03:20:15.3489875Z Metadata: read
2026-10-09T03:20:15.3490470Z Packages: read
2026-10-09T03:20:15.3491284Z ##[endgroup]
2026-10-09T03:20:15.3493467Z Secret source: Actions
2026-10-09T03:20:15.3494502Z Cache mode: write
2026-10-09T03:20:15.3495456Z Prepare workflow directory
2026-10-09T03:20:15.3908092Z Prepare all required actions
2026-10-09T03:20:15.3980724Z Getting action download info
2026-10-09T03:20:15.6516580Z Download action repository 'actions/checkout@v4' (SHA:11d5960a326750d5838078e36cf38b85af677262)
2026-10-09T03:20:15.7420602Z Download action repository 'actions/setup-python@v5' (SHA:a26af69be951a213d495a4c3e4e4022e16d87065)
2026-10-09T03:20:15.9262675Z Complete job name: verify
2026-10-09T03:20:16.0056907Z ##[group]Run actions/checkout@v4
2026-10-09T03:20:16.0057880Z with:
2026-10-09T03:20:16.0058356Z   repository: wilcompute/W33-Theory
2026-10-09T03:20:16.0062474Z   token: ***
2026-10-09T03:20:16.0062940Z   ssh-strict: true
2026-10-09T03:20:16.0063401Z   ssh-user: git
2026-10-09T03:20:16.0063870Z   persist-credentials: true
2026-10-09T03:20:16.0064392Z   clean: true
2026-10-09T03:20:16.0064869Z   sparse-checkout-cone-mode: true
2026-10-09T03:20:16.0065425Z   fetch-depth: 1
2026-10-09T03:20:16.0065885Z   fetch-tags: false
2026-10-09T03:20:16.0066396Z   show-progress: true
2026-10-09T03:20:16.0066870Z   lfs: false
2026-10-09T03:20:16.0067304Z   submodules: false
2026-10-09T03:20:16.0067776Z   set-safe-directory: true
2026-10-09T03:20:16.0068319Z   allow-unsafe-pr-checkout: false
2026-10-09T03:20:16.0069144Z env:
2026-10-09T03:20:16.0069584Z   OPENBLAS_NUM_THREADS: 1
2026-10-09T03:20:16.0070079Z ##[endgroup]
2026-10-09T03:20:16.1108418Z Syncing repository: wilcompute/W33-Theory
2026-10-09T03:20:16.1111868Z ##[group]Getting Git version info
2026-10-09T03:20:16.1113159Z Working directory is '/home/runner/work/W33-Theory/W33-Theory'
2026-10-09T03:20:16.1114848Z [command]/usr/bin/git version
2026-10-09T03:20:16.1206870Z git version 2.55.0
2026-10-09T03:20:16.1237884Z ##[endgroup]
2026-10-09T03:20:16.1256529Z Temporarily overriding HOME='/home/runner/work/_temp/4dc8eb08-6213-4f61-9528-4e6ba432f24e' before making global git config changes
2026-10-09T03:20:16.1258775Z Adding repository directory to the temporary git global config as a safe directory
2026-10-09T03:20:16.1262149Z [command]/usr/bin/git config --global --add safe.directory /home/runner/work/W33-Theory/W33-Theory
2026-10-09T03:20:16.1319663Z Deleting the contents of '/home/runner/work/W33-Theory/W33-Theory'
2026-10-09T03:20:16.1324604Z ##[group]Initializing the repository
2026-10-09T03:20:16.1329658Z [command]/usr/bin/git init /home/runner/work/W33-Theory/W33-Theory
2026-10-09T03:20:16.1456785Z hint: Using 'master' as the name for the initial branch. This default branch name
2026-10-09T03:20:16.1458973Z hint: will change to "main" in Git 3.0. To configure the initial branch name
2026-10-09T03:20:16.1460672Z hint: to use in all of your new repositories, which will suppress this warning,
2026-10-09T03:20:16.1462389Z hint: call:
2026-10-09T03:20:16.1463170Z hint:
2026-10-09T03:20:16.1464118Z hint: 	git config --global init.defaultBranch <name>
2026-10-09T03:20:16.1465355Z hint:
2026-10-09T03:20:16.1466470Z hint: Names commonly chosen instead of 'master' are 'main', 'trunk' and
2026-10-09T03:20:16.1468321Z hint: 'development'. The just-created branch can be renamed via this command:
2026-10-09T03:20:16.1469727Z hint:
2026-10-09T03:20:16.1470519Z hint: 	git branch -m <name>
2026-10-09T03:20:16.1471668Z hint:
2026-10-09T03:20:16.1472783Z hint: Disable this message with "git config set advice.defaultBranchName false"
2026-10-09T03:20:16.1474568Z Initialized empty Git repository in /home/runner/work/W33-Theory/W33-Theory/.git/
2026-10-09T03:20:16.1479055Z [command]/usr/bin/git remote add origin https://github.com/wilcompute/W33-Theory
2026-10-09T03:20:16.1534820Z ##[endgroup]
2026-10-09T03:20:16.1536243Z ##[group]Disabling automatic garbage collection
2026-10-09T03:20:16.1539498Z [command]/usr/bin/git config --local gc.auto 0
2026-10-09T03:20:16.1594001Z ##[endgroup]
2026-10-09T03:20:16.1596594Z ##[group]Setting up auth
2026-10-09T03:20:16.1598998Z [command]/usr/bin/git config --local --name-only --get-regexp core\.sshCommand
2026-10-09T03:20:16.1627704Z [command]/usr/bin/git submodule foreach --recursive sh -c "git config --local --name-only --get-regexp 'core\.sshCommand' && git config --local --unset-all 'core.sshCommand' || :"
2026-10-09T03:20:16.2019612Z [command]/usr/bin/git config --local --name-only --get-regexp http\.https\:\/\/github\.com\/\.extraheader
2026-10-09T03:20:16.2058264Z [command]/usr/bin/git submodule foreach --recursive sh -c "git config --local --name-only --get-regexp 'http\.https\:\/\/github\.com\/\.extraheader' && git config --local --unset-all 'http.https://github.com/.extraheader' || :"
2026-10-09T03:20:16.2295926Z [command]/usr/bin/git config --local --name-only --get-regexp ^includeIf\.gitdir:
2026-10-09T03:20:16.2335103Z [command]/usr/bin/git submodule foreach --recursive git config --local --show-origin --name-only --get-regexp remote.origin.url
2026-10-09T03:20:16.2567406Z [command]/usr/bin/git config --local http.https://github.com/.extraheader AUTHORIZATION: basic ***
2026-10-09T03:20:16.2611953Z ##[endgroup]
2026-10-09T03:20:16.2612894Z ##[group]Fetching the repository
2026-10-09T03:20:16.2622661Z [command]/usr/bin/git -c protocol.version=2 fetch --no-tags --prune --no-recurse-submodules --depth=1 origin +8a7f41f51023285e531de73c8d513ff430e53ea8:refs/remotes/origin/master
2026-10-09T03:20:26.1063482Z From https://github.com/wilcompute/W33-Theory
2026-10-09T03:20:26.1065728Z  * [new ref]           8a7f41f51023285e531de73c8d513ff430e53ea8 -> origin/master
2026-10-09T03:20:26.1071911Z ##[endgroup]
2026-10-09T03:20:26.1074161Z ##[group]Determining the checkout info
2026-10-09T03:20:26.1076474Z ##[endgroup]
2026-10-09T03:20:26.1079077Z [command]/usr/bin/git sparse-checkout disable
2026-10-09T03:20:26.1137135Z [command]/usr/bin/git config --local --unset-all extensions.worktreeConfig
2026-10-09T03:20:26.1173558Z ##[group]Checking out the ref
2026-10-09T03:20:26.1178547Z [command]/usr/bin/git checkout --progress --force -B master refs/remotes/origin/master
2026-10-09T03:20:27.1645739Z Updating files:  31% (10590/33858)
2026-10-09T03:20:27.1895522Z Updating files:  32% (10835/33858)
2026-10-09T03:20:27.2209237Z Updating files:  33% (11174/33858)
2026-10-09T03:20:27.3267225Z Updating files:  34% (11512/33858)
2026-10-09T03:20:27.3795895Z Updating files:  35% (11851/33858)
2026-10-09T03:20:27.4328008Z Updating files:  36% (12189/33858)
2026-10-09T03:20:27.4573222Z Updating files:  37% (12528/33858)
2026-10-09T03:20:27.4788719Z Updating files:  38% (12867/33858)
2026-10-09T03:20:27.6049773Z Updating files:  39% (13205/33858)
2026-10-09T03:20:27.6453332Z Updating files:  40% (13544/33858)
2026-10-09T03:20:28.3173761Z Updating files:  41% (13882/33858)
2026-10-09T03:20:28.3481562Z Updating files:  41% (13916/33858)
2026-10-09T03:20:28.3606118Z Updating files:  42% (14221/33858)
2026-10-09T03:20:28.3809623Z Updating files:  43% (14559/33858)
2026-10-09T03:20:28.4029438Z Updating files:  44% (14898/33858)
2026-10-09T03:20:28.4193820Z Updating files:  45% (15237/33858)
2026-10-09T03:20:28.4352864Z Updating files:  46% (15575/33858)
2026-10-09T03:20:28.4500330Z Updating files:  47% (15914/33858)
2026-10-09T03:20:28.4672644Z Updating files:  48% (16252/33858)
2026-10-09T03:20:28.4830776Z Updating files:  49% (16591/33858)
2026-10-09T03:20:28.5034800Z Updating files:  50% (16929/33858)
2026-10-09T03:20:28.5185060Z Updating files:  51% (17268/33858)
2026-10-09T03:20:28.5460064Z Updating files:  52% (17607/33858)
2026-10-09T03:20:28.5650147Z Updating files:  53% (17945/33858)
2026-10-09T03:20:28.5861910Z Updating files:  54% (18284/33858)
2026-10-09T03:20:28.8163330Z Updating files:  55% (18622/33858)
2026-10-09T03:20:28.8567629Z Updating files:  56% (18961/33858)
2026-10-09T03:20:28.9119160Z Updating files:  57% (19300/33858)
2026-10-09T03:20:29.0896642Z Updating files:  58% (19638/33858)
2026-10-09T03:20:29.1088896Z Updating files:  59% (19977/33858)
2026-10-09T03:20:29.1296585Z Updating files:  60% (20315/33858)
2026-10-09T03:20:29.1448607Z Updating files:  61% (20654/33858)
2026-10-09T03:20:29.1455859Z Updating files:  62% (20992/33858)
2026-10-09T03:20:29.1630118Z Updating files:  62% (21007/33858)
2026-10-09T03:20:29.1895666Z Updating files:  63% (21331/33858)
2026-10-09T03:20:29.2172062Z Updating files:  64% (21670/33858)
2026-10-09T03:20:29.2590935Z Updating files:  65% (22008/33858)
2026-10-09T03:20:29.2864506Z Updating files:  66% (22347/33858)
2026-10-09T03:20:29.3157870Z Updating files:  67% (22685/33858)
2026-10-09T03:20:29.3386365Z Updating files:  68% (23024/33858)
2026-10-09T03:20:29.3630129Z Updating files:  69% (23363/33858)
2026-10-09T03:20:29.6106506Z Updating files:  70% (23701/33858)
2026-10-09T03:20:29.6305860Z Updating files:  71% (24040/33858)
2026-10-09T03:20:29.6502988Z Updating files:  72% (24378/33858)
2026-10-09T03:20:29.6685448Z Updating files:  73% (24717/33858)
2026-10-09T03:20:29.6854363Z Updating files:  74% (25055/33858)
2026-10-09T03:20:29.7021014Z Updating files:  75% (25394/33858)
2026-10-09T03:20:29.7258304Z Updating files:  76% (25733/33858)
2026-10-09T03:20:29.7790171Z Updating files:  77% (26071/33858)
2026-10-09T03:20:29.8044997Z Updating files:  78% (26410/33858)
2026-10-09T03:20:29.8239393Z Updating files:  79% (26748/33858)
2026-10-09T03:20:29.8517785Z Updating files:  80% (27087/33858)
2026-10-09T03:20:29.8791660Z Updating files:  81% (27425/33858)
2026-10-09T03:20:29.9034706Z Updating files:  82% (27764/33858)
2026-10-09T03:20:29.9217815Z Updating files:  83% (28103/33858)
2026-10-09T03:20:29.9412201Z Updating files:  84% (28441/33858)
2026-10-09T03:20:29.9651714Z Updating files:  85% (28780/33858)
2026-10-09T03:20:29.9880552Z Updating files:  86% (29118/33858)
2026-10-09T03:20:30.0098802Z Updating files:  87% (29457/33858)
2026-10-09T03:20:30.0319999Z Updating files:  88% (29796/33858)
2026-10-09T03:20:30.0502744Z Updating files:  89% (30134/33858)
2026-10-09T03:20:30.0670387Z Updating files:  90% (30473/33858)
2026-10-09T03:20:30.0830065Z Updating files:  91% (30811/33858)
2026-10-09T03:20:30.1003147Z Updating files:  92% (31150/33858)
2026-10-09T03:20:30.1178265Z Updating files:  93% (31488/33858)
2026-10-09T03:20:30.1430110Z Updating files:  94% (31827/33858)
2026-10-09T03:20:30.1455803Z Updating files:  95% (32166/33858)
2026-10-09T03:20:30.1639072Z Updating files:  95% (32211/33858)
2026-10-09T03:20:30.1847131Z Updating files:  96% (32504/33858)
2026-10-09T03:20:30.2028789Z Updating files:  97% (32843/33858)
2026-10-09T03:20:30.2274785Z Updating files:  98% (33181/33858)
2026-10-09T03:20:30.2823397Z Updating files:  99% (33520/33858)
2026-10-09T03:20:30.2824293Z Updating files: 100% (33858/33858)
2026-10-09T03:20:30.2825116Z Updating files: 100% (33858/33858), done.
2026-10-09T03:20:30.3133151Z Reset branch 'master'
2026-10-09T03:20:30.3138371Z branch 'master' set up to track 'origin/master'.
2026-10-09T03:20:30.4097156Z ##[endgroup]
2026-10-09T03:20:30.4146303Z [command]/usr/bin/git log -1 --format=%H
2026-10-09T03:20:30.4192231Z 8a7f41f51023285e531de73c8d513ff430e53ea8
2026-10-09T03:20:30.4530031Z ##[group]Run actions/setup-python@v5
2026-10-09T03:20:30.4530574Z with:
2026-10-09T03:20:30.4530935Z   python-version: 3.12
2026-10-09T03:20:30.4531653Z   check-latest: false
2026-10-09T03:20:30.4536469Z   token: ***
2026-10-09T03:20:30.4536868Z   update-environment: true
2026-10-09T03:20:30.4537309Z   allow-prereleases: false
2026-10-09T03:20:30.4537724Z   freethreaded: false
2026-10-09T03:20:30.4538090Z env:
2026-10-09T03:20:30.4538427Z   OPENBLAS_NUM_THREADS: 1
2026-10-09T03:20:30.4538877Z ##[endgroup]
2026-10-09T03:20:30.5926443Z ##[group]Installed versions
2026-10-09T03:20:30.6015195Z (node:2317) [DEP0040] DeprecationWarning: The `punycode` module is deprecated. Please use a userland alternative instead.
2026-10-09T03:20:30.6016302Z (Use `node --trace-deprecation ...` to show where the warning was created)
2026-10-09T03:20:30.6017102Z Successfully set up CPython (3.12.15)
2026-10-09T03:20:30.6017922Z ##[endgroup]
2026-10-09T03:20:30.6180339Z ##[group]Run python -m pip install numpy==2.5.3 scipy==1.18.1 sympy==1.14.0 networkx==3.6.1 pytest
2026-10-09T03:20:30.6181335Z [36;1mpython -m pip install numpy==2.5.3 scipy==1.18.1 sympy==1.14.0 networkx==3.6.1 pytest[0m
2026-10-09T03:20:30.6492677Z shell: /usr/bin/bash -e {0}
2026-10-09T03:20:30.6493057Z env:
2026-10-09T03:20:30.6493301Z   OPENBLAS_NUM_THREADS: 1
2026-10-09T03:20:30.6493648Z   pythonLocation: /opt/hostedtoolcache/Python/3.12.15/x64
2026-10-09T03:20:30.6494163Z   PKG_CONFIG_PATH: /opt/hostedtoolcache/Python/3.12.15/x64/lib/pkgconfig
2026-10-09T03:20:30.6494649Z   Python_ROOT_DIR: /opt/hostedtoolcache/Python/3.12.15/x64
2026-10-09T03:20:30.6495086Z   Python2_ROOT_DIR: /opt/hostedtoolcache/Python/3.12.15/x64
2026-10-09T03:20:30.6495541Z   Python3_ROOT_DIR: /opt/hostedtoolcache/Python/3.12.15/x64
2026-10-09T03:20:30.6495978Z   LD_LIBRARY_PATH: /opt/hostedtoolcache/Python/3.12.15/x64/lib
2026-10-09T03:20:30.6496343Z ##[endgroup]
2026-10-09T03:20:32.1528403Z Collecting numpy==2.5.3
2026-10-09T03:20:32.2422570Z   Downloading numpy-2.5.3-cp312-cp312-manylinux_2_27_x86_64.manylinux_2_28_x86_64.whl.metadata (6.6 kB)
2026-10-09T03:20:32.3920751Z Collecting scipy==1.18.1
2026-10-09T03:20:32.4085298Z   Downloading scipy-1.18.1-cp312-cp312-manylinux_2_27_x86_64.manylinux_2_28_x86_64.whl.metadata (62 kB)
2026-10-09T03:20:32.4649598Z Collecting sympy==1.14.0
2026-10-09T03:20:32.4847734Z   Downloading sympy-1.14.0-py3-none-any.whl.metadata (12 kB)
2026-10-09T03:20:32.5138484Z Collecting networkx==3.6.1
2026-10-09T03:20:32.5300046Z   Downloading networkx-3.6.1-py3-none-any.whl.metadata (6.8 kB)
2026-10-09T03:20:32.5739141Z Collecting pytest
2026-10-09T03:20:32.5906417Z   Downloading pytest-9.1.1-py3-none-any.whl.metadata (7.6 kB)
2026-10-09T03:20:32.6151051Z Collecting mpmath<1.4,>=1.1.0 (from sympy==1.14.0)
2026-10-09T03:20:32.6313950Z   Downloading mpmath-1.3.0-py3-none-any.whl.metadata (8.6 kB)
2026-10-09T03:20:32.6520806Z Collecting iniconfig>=1.0.1 (from pytest)
2026-10-09T03:20:32.6681059Z   Downloading iniconfig-2.3.1-py3-none-any.whl.metadata (2.8 kB)
2026-10-09T03:20:32.6908844Z Collecting packaging>=22 (from pytest)
2026-10-09T03:20:32.7174433Z   Downloading packaging-26.3-py3-none-any.whl.metadata (3.5 kB)
2026-10-09T03:20:32.7383099Z Collecting pluggy<2,>=1.5 (from pytest)
2026-10-09T03:20:32.7544133Z   Downloading pluggy-1.6.0-py3-none-any.whl.metadata (4.8 kB)
2026-10-09T03:20:32.7834710Z Collecting pygments>=2.7.2 (from pytest)
2026-10-09T03:20:32.7993919Z   Downloading pygments-2.21.0-py3-none-any.whl.metadata (2.5 kB)
2026-10-09T03:20:32.8262879Z Downloading numpy-2.5.3-cp312-cp312-manylinux_2_27_x86_64.manylinux_2_28_x86_64.whl (16.7 MB)
2026-10-09T03:20:33.9953231Z    ━━━━━━━━━━━━━━━━━━━━━━━━━━━━━━━━━━━━━━━━ 16.7/16.7 MB 14.7 MB/s  0:00:01
2026-10-09T03:20:34.0114620Z Downloading scipy-1.18.1-cp312-cp312-manylinux_2_27_x86_64.manylinux_2_28_x86_64.whl (35.3 MB)
2026-10-09T03:20:34.3656902Z    ━━━━━━━━━━━━━━━━━━━━━━━━━━━━━━━━━━━━━━━━ 35.3/35.3 MB 100.2 MB/s  0:00:00
2026-10-09T03:20:34.3842298Z Downloading sympy-1.14.0-py3-none-any.whl (6.3 MB)
2026-10-09T03:20:34.4294987Z    ━━━━━━━━━━━━━━━━━━━━━━━━━━━━━━━━━━━━━━━━ 6.3/6.3 MB 142.8 MB/s  0:00:00
2026-10-09T03:20:34.4463082Z Downloading networkx-3.6.1-py3-none-any.whl (2.1 MB)
2026-10-09T03:20:34.4580475Z    ━━━━━━━━━━━━━━━━━━━━━━━━━━━━━━━━━━━━━━━━ 2.1/2.1 MB 199.6 MB/s  0:00:00
2026-10-09T03:20:34.4743542Z Downloading mpmath-1.3.0-py3-none-any.whl (536 kB)
2026-10-09T03:20:34.4797561Z    ━━━━━━━━━━━━━━━━━━━━━━━━━━━━━━━━━━━━━━━━ 536.2/536.2 kB 98.5 MB/s  0:00:00
2026-10-09T03:20:34.4968136Z Downloading pytest-9.1.1-py3-none-any.whl (386 kB)
2026-10-09T03:20:34.5168060Z Downloading pluggy-1.6.0-py3-none-any.whl (20 kB)
2026-10-09T03:20:34.5352391Z Downloading iniconfig-2.3.1-py3-none-any.whl (7.6 kB)
2026-10-09T03:20:34.5535145Z Downloading packaging-26.3-py3-none-any.whl (129 kB)
2026-10-09T03:20:34.5731957Z Downloading pygments-2.21.0-py3-none-any.whl (1.3 MB)
2026-10-09T03:20:34.5815492Z    ━━━━━━━━━━━━━━━━━━━━━━━━━━━━━━━━━━━━━━━━ 1.3/1.3 MB 171.5 MB/s  0:00:00
2026-10-09T03:20:34.7695297Z Installing collected packages: mpmath, sympy, pygments, pluggy, packaging, numpy, networkx, iniconfig, scipy, pytest
2026-10-09T03:20:50.6777785Z 
2026-10-09T03:20:50.6795038Z Successfully installed iniconfig-2.3.1 mpmath-1.3.0 networkx-3.6.1 numpy-2.5.3 packaging-26.3 pluggy-1.6.0 pygments-2.21.0 pytest-9.1.1 scipy-1.18.1 sympy-1.14.0
2026-10-09T03:20:50.7581347Z ##[group]Run python -m pytest --noconftest --ignore-glob='tests/test_*.py' -q tests/test_w33_pass11770_11777_quantum_physics.py tests/test_w33_pass11769_quantized_current_vacuum.py tests/test_w33_20261008_current_time_reversal_firewall.py tests/test_w33_20261008_dressed_current_antiunitary.py
2026-10-09T03:20:50.7583560Z [36;1mpython -m pytest --noconftest --ignore-glob='tests/test_*.py' -q tests/test_w33_pass11770_11777_quantum_physics.py tests/test_w33_pass11769_quantized_current_vacuum.py tests/test_w33_20261008_current_time_reversal_firewall.py tests/test_w33_20261008_dressed_current_antiunitary.py[0m
2026-10-09T03:20:50.7651436Z shell: /usr/bin/bash -e {0}
2026-10-09T03:20:50.7651702Z env:
2026-10-09T03:20:50.7651911Z   OPENBLAS_NUM_THREADS: 1
2026-10-09T03:20:50.7652218Z   pythonLocation: /opt/hostedtoolcache/Python/3.12.15/x64
2026-10-09T03:20:50.7652680Z   PKG_CONFIG_PATH: /opt/hostedtoolcache/Python/3.12.15/x64/lib/pkgconfig
2026-10-09T03:20:50.7653176Z   Python_ROOT_DIR: /opt/hostedtoolcache/Python/3.12.15/x64
2026-10-09T03:20:50.7653563Z   Python2_ROOT_DIR: /opt/hostedtoolcache/Python/3.12.15/x64
2026-10-09T03:20:50.7653946Z   Python3_ROOT_DIR: /opt/hostedtoolcache/Python/3.12.15/x64
2026-10-09T03:20:50.7654331Z   LD_LIBRARY_PATH: /opt/hostedtoolcache/Python/3.12.15/x64/lib
2026-10-09T03:20:50.7654669Z ##[endgroup]
2026-10-09T03:20:54.6120265Z .......................                                                  [100%]
2026-10-09T03:20:54.6120883Z 23 passed in 3.31s
2026-10-09T03:20:54.7553250Z ##[group]Run python analysis/w33_pass11770_11774_11776_vacuum_constraints_modular.py
2026-10-09T03:20:54.7553964Z [36;1mpython analysis/w33_pass11770_11774_11776_vacuum_constraints_modular.py[0m
2026-10-09T03:20:54.7620403Z shell: /usr/bin/bash -e {0}
2026-10-09T03:20:54.7620674Z env:
2026-10-09T03:20:54.7620879Z   OPENBLAS_NUM_THREADS: 1
2026-10-09T03:20:54.7621484Z   pythonLocation: /opt/hostedtoolcache/Python/3.12.15/x64
2026-10-09T03:20:54.7621950Z   PKG_CONFIG_PATH: /opt/hostedtoolcache/Python/3.12.15/x64/lib/pkgconfig
2026-10-09T03:20:54.7622399Z   Python_ROOT_DIR: /opt/hostedtoolcache/Python/3.12.15/x64
2026-10-09T03:20:54.7622793Z   Python2_ROOT_DIR: /opt/hostedtoolcache/Python/3.12.15/x64
2026-10-09T03:20:54.7623183Z   Python3_ROOT_DIR: /opt/hostedtoolcache/Python/3.12.15/x64
2026-10-09T03:20:54.7623771Z   LD_LIBRARY_PATH: /opt/hostedtoolcache/Python/3.12.15/x64/lib
2026-10-09T03:20:54.7624100Z ##[endgroup]
2026-10-09T03:20:55.7785681Z 11770 theorem: H>=delta I, delta>0; 11772/11774/11776 PASS
2026-10-09T03:20:55.9003802Z ##[group]Run python analysis/w33_pass11771_11773_11777_cones_fermions_propagation.py
2026-10-09T03:20:55.9004419Z [36;1mpython analysis/w33_pass11771_11773_11777_cones_fermions_propagation.py[0m
2026-10-09T03:20:55.9069594Z shell: /usr/bin/bash -e {0}
2026-10-09T03:20:55.9069857Z env:
2026-10-09T03:20:55.9070064Z   OPENBLAS_NUM_THREADS: 1
2026-10-09T03:20:55.9070374Z   pythonLocation: /opt/hostedtoolcache/Python/3.12.15/x64
2026-10-09T03:20:55.9070837Z   PKG_CONFIG_PATH: /opt/hostedtoolcache/Python/3.12.15/x64/lib/pkgconfig
2026-10-09T03:20:55.9071559Z   Python_ROOT_DIR: /opt/hostedtoolcache/Python/3.12.15/x64
2026-10-09T03:20:55.9071950Z   Python2_ROOT_DIR: /opt/hostedtoolcache/Python/3.12.15/x64
2026-10-09T03:20:55.9072338Z   Python3_ROOT_DIR: /opt/hostedtoolcache/Python/3.12.15/x64
2026-10-09T03:20:55.9072747Z   LD_LIBRARY_PATH: /opt/hostedtoolcache/Python/3.12.15/x64/lib
2026-10-09T03:20:55.9073069Z ##[endgroup]
2026-10-09T03:20:56.6810936Z 11771 PASS kinetic-matched common cone;11773 PASS Clifford curvature;11777 PASS bounded propagation/form controls
2026-10-09T03:20:56.7879571Z ##[group]Run python analysis/w33_pass11775_symmetric_non_gaussian_vacuum.py
2026-10-09T03:20:56.7880128Z [36;1mpython analysis/w33_pass11775_symmetric_non_gaussian_vacuum.py[0m
2026-10-09T03:20:56.7943826Z shell: /usr/bin/bash -e {0}
2026-10-09T03:20:56.7944088Z env:
2026-10-09T03:20:56.7944292Z   OPENBLAS_NUM_THREADS: 1
2026-10-09T03:20:56.7944619Z   pythonLocation: /opt/hostedtoolcache/Python/3.12.15/x64
2026-10-09T03:20:56.7945071Z   PKG_CONFIG_PATH: /opt/hostedtoolcache/Python/3.12.15/x64/lib/pkgconfig
2026-10-09T03:20:56.7945524Z   Python_ROOT_DIR: /opt/hostedtoolcache/Python/3.12.15/x64
2026-10-09T03:20:56.7945912Z   Python2_ROOT_DIR: /opt/hostedtoolcache/Python/3.12.15/x64
2026-10-09T03:20:56.7946313Z   Python3_ROOT_DIR: /opt/hostedtoolcache/Python/3.12.15/x64
2026-10-09T03:20:56.7946702Z   LD_LIBRARY_PATH: /opt/hostedtoolcache/Python/3.12.15/x64/lib
2026-10-09T03:20:56.7947028Z ##[endgroup]
2026-10-09T03:20:57.6554414Z 11775 PASS symmetric three-state variational energy 127.61950907272602
2026-10-09T03:20:57.7725929Z ##[group]Run python -m pytest --noconftest --ignore-glob='tests/test_*.py' -q tests/test_w33_pass11770_11777_quantum_physics.py tests/test_w33_pass11769_quantized_current_vacuum.py tests/test_w33_20261008_current_time_reversal_firewall.py tests/test_w33_20261008_dressed_current_antiunitary.py
2026-10-09T03:20:57.7728031Z [36;1mpython -m pytest --noconftest --ignore-glob='tests/test_*.py' -q tests/test_w33_pass11770_11777_quantum_physics.py tests/test_w33_pass11769_quantized_current_vacuum.py tests/test_w33_20261008_current_time_reversal_firewall.py tests/test_w33_20261008_dressed_current_antiunitary.py[0m
2026-10-09T03:20:57.7792191Z shell: /usr/bin/bash -e {0}
2026-10-09T03:20:57.7792478Z env:
2026-10-09T03:20:57.7792678Z   OPENBLAS_NUM_THREADS: 1
2026-10-09T03:20:57.7792992Z   pythonLocation: /opt/hostedtoolcache/Python/3.12.15/x64
2026-10-09T03:20:57.7793441Z   PKG_CONFIG_PATH: /opt/hostedtoolcache/Python/3.12.15/x64/lib/pkgconfig
2026-10-09T03:20:57.7793935Z   Python_ROOT_DIR: /opt/hostedtoolcache/Python/3.12.15/x64
2026-10-09T03:20:57.7794325Z   Python2_ROOT_DIR: /opt/hostedtoolcache/Python/3.12.15/x64
2026-10-09T03:20:57.7794713Z   Python3_ROOT_DIR: /opt/hostedtoolcache/Python/3.12.15/x64
2026-10-09T03:20:57.7795103Z   LD_LIBRARY_PATH: /opt/hostedtoolcache/Python/3.12.15/x64/lib
2026-10-09T03:20:57.7795430Z ##[endgroup]
2026-10-09T03:21:00.9782609Z .......................                                                  [100%]
2026-10-09T03:21:00.9783277Z 23 passed in 2.95s
2026-10-09T03:21:01.1396984Z Post job cleanup.
2026-10-09T03:21:01.2606929Z (node:2370) [DEP0040] DeprecationWarning: The `punycode` module is deprecated. Please use a userland alternative instead.
2026-10-09T03:21:01.2608297Z (Use `node --trace-deprecation ...` to show where the warning was created)
2026-10-09T03:21:01.2796998Z Post job cleanup.
2026-10-09T03:21:01.3733025Z [command]/usr/bin/git version
2026-10-09T03:21:01.3778886Z git version 2.55.0
2026-10-09T03:21:01.3854047Z Temporarily overriding HOME='/home/runner/work/_temp/e6d35517-9ac5-4787-bb03-0c79ac9940bf' before making global git config changes
2026-10-09T03:21:01.3855389Z Adding repository directory to the temporary git global config as a safe directory
2026-10-09T03:21:01.3861340Z [command]/usr/bin/git config --global --add safe.directory /home/runner/work/W33-Theory/W33-Theory
2026-10-09T03:21:01.3914435Z [command]/usr/bin/git config --local --name-only --get-regexp core\.sshCommand
2026-10-09T03:21:01.3962988Z [command]/usr/bin/git submodule foreach --recursive sh -c "git config --local --name-only --get-regexp 'core\.sshCommand' && git config --local --unset-all 'core.sshCommand' || :"
2026-10-09T03:21:01.4256232Z [command]/usr/bin/git config --local --name-only --get-regexp http\.https\:\/\/github\.com\/\.extraheader
2026-10-09T03:21:01.4294719Z http.https://github.com/.extraheader
2026-10-09T03:21:01.4312096Z [command]/usr/bin/git config --local --unset-all http.https://github.com/.extraheader
2026-10-09T03:21:01.4366296Z [command]/usr/bin/git submodule foreach --recursive sh -c "git config --local --name-only --get-regexp 'http\.https\:\/\/github\.com\/\.extraheader' && git config --local --unset-all 'http.https://github.com/.extraheader' || :"
2026-10-09T03:21:01.4883026Z [command]/usr/bin/git config --local --name-only --get-regexp ^includeIf\.gitdir:
2026-10-09T03:21:01.4982051Z [command]/usr/bin/git submodule foreach --recursive git config --local --show-origin --name-only --get-regexp remote.origin.url
2026-10-09T03:21:01.5569970Z Cleaning up orphan processes
2026-10-09T03:21:01.5925410Z ##[warning]Node.js 20 is deprecated. The following actions target Node.js 20 but are being forced to run on Node.js 24: actions/checkout@v4, actions/setup-python@v5. For more information see: https://github.blog/changelog/2025-09-19-deprecation-of-node-20-on-github-actions-runners/
